<html>
<body>
<pre>
<h1>µVision Build Log</h1>
<h2>Tool Versions:</h2>
IDE-Version: ¦ÌVision V5.39.0.0
Copyright (C) 2023 ARM Ltd and ARM Germany GmbH. All rights reserved.
License Information: Lingxiao Kong, klx, LIC=BL28G-VLDPA-WK0B8-3FKW8-L32TD-J0MKH
 
Tool Versions:
Toolchain:       MDK-ARM Professional  Version: 5.39.0.0
Toolchain Path:  D:\IDE\Keil5\ARM\ARMCLANG\Bin
C Compiler:      ArmClang.exe V6.21
Assembler:       Armasm.exe V6.21
Linker/Locator:  ArmLink.exe V6.21
Library Manager: ArmAr.exe V6.21
Hex Converter:   FromElf.exe V6.21
CPU DLL:         SARMCM3.DLL V5.39.0.0
Dialog DLL:      DCM.DLL V1.17.5.0
Target DLL:      CMSIS_AGDI.dll V1.33.16.0
Dialog DLL:      TCM.DLL V1.56.4.0
 
<h2>Project:</h2>
d:\Lpage\IoT\2electric\9\9.2a auto curtain\Project\demo.uvprojx
Project File Date:  05/26/2025

<h2>Output:</h2>
*** Using Compiler 'V6.21', folder: 'D:\IDE\Keil5\ARM\ARMCLANG\Bin'
Build target 'demo'
compiling gd32f4xx_gpio.c...
compiling system_gd32f4xx.c...
compiling gd32f4xx_can.c...
compiling gd32f4xx_exti.c...
compiling gd32f4xx_crc.c...
compiling gd32f4xx_dci.c...
compiling gd32f4xx_dac.c...
compiling gd32f4xx_dbg.c...
compiling gd32f4xx_fwdgt.c...
compiling gd32f4xx_ctc.c...
compiling gd32f4xx_dma.c...
compiling gd32f4xx_adc.c...
compiling gd32f4xx_exmc.c...
compiling gd32f4xx_fmc.c...
compiling gd32f4xx_i2c.c...
compiling gd32f4xx_ipa.c...
compiling gd32f4xx_iref.c...
compiling gd32f4xx_misc.c...
compiling gd32f4xx_pmu.c...
compiling gd32f4xx_syscfg.c...
compiling gd32f4xx_sdio.c...
compiling gd32f4xx_enet.c...
compiling gd32f4xx_spi.c...
compiling gd32f4xx_rcu.c...
compiling gd32f4xx_trng.c...
compiling gd32f4xx_tli.c...
compiling gd32f4xx_rtc.c...
compiling gd32f4xx_wwdgt.c...
compiling u1.c...
compiling gd32f4xx_usart.c...
compiling i2c.c...
compiling gd32f4xx_timer.c...
compiling e1.c...
compiling e2.c...
compiling e3.c...
compiling s6.c...
compiling s1.c...
compiling s7.c...
compiling s2.c...
compiling s5.c...
compiling s8.c...
compiling s11.c...
compiling timer.c...
compiling delay.c...
compiling main.c...
linking...
Program Size: Code=5192 RO-data=544 RW-data=0 ZI-data=1064  
FromELF: creating hex file...
".\Objects\demo.axf" - 0 Error(s), 0 Warning(s).

<h2>Software Packages used:</h2>

Package Vendor: GigaDevice
                https://gd32mcu.com/data/documents/pack/GigaDevice.GD32F4xx_DFP.3.0.3.pack
                GigaDevice::GD32F4xx_DFP@3.0.3
                GigaDevice GD32F4xx Series Device Support and Examples

<h2>Collection of Component include folders:</h2>
  D:/IDE/Keil5/GigaDevice/GD32F4xx_DFP/3.0.3/Device/F4XX/Include

<h2>Collection of Component Files used:</h2>
Build Time Elapsed:  00:00:02
</pre>
</body>
</html>
