<html>
<body>
<pre>
<h1>µVision Build Log</h1>
<h2>Tool Versions:</h2>
IDE-Version: ¦ÌVision V5.36.0.0
Copyright (C) 2021 ARM Ltd and ARM Germany GmbH. All rights reserved.
License Information: 1 1, 1, LIC=----
 
Tool Versions:
Toolchain:       MDK-Lite  Version: 5.36.0.0
Toolchain Path:  D:\keli\ARM\ARMCC\Bin
C Compiler:      Armcc.exe V5.06 update 7 (build 960)
Assembler:       Armasm.exe V5.06 update 7 (build 960)
Linker/Locator:  ArmLink.exe V5.06 update 7 (build 960)
Library Manager: ArmAr.exe V5.06 update 7 (build 960)
Hex Converter:   FromElf.exe V5.06 update 7 (build 960)
CPU DLL:         SARMCM3.DLL V5.36.0.0
Dialog DLL:      DCM.DLL V1.17.3.0
Target DLL:      CMSIS_AGDI.dll V1.33.0.0
Dialog DLL:      TCM.DLL V1.53.0.0
 
<h2>Project:</h2>
C:\Users\32872\Desktop\2electric\13\13 smart warmroom\MDK-ARM\project.uvprojx
Project File Date:  04/11/2025

<h2>Output:</h2>
*** Using Compiler 'V5.06 update 7 (build 960)', folder: 'D:\keli\ARM\ARMCC\Bin'
Rebuild target 'Target 1'
assembling startup_gd32f450_470.s...
compiling system_gd32f4xx.c...
compiling gd32f4xx_ctc.c...
compiling gd32f4xx_adc.c...
compiling gd32f4xx_can.c...
compiling gd32f4xx_crc.c...
compiling gd32f4xx_dac.c...
compiling gd32f4xx_dbg.c...
compiling gd32f4xx_fwdgt.c...
compiling gd32f4xx_fmc.c...
compiling gd32f4xx_exti.c...
compiling gd32f4xx_dci.c...
compiling gd32f4xx_gpio.c...
compiling gd32f4xx_dma.c...
compiling gd32f4xx_exmc.c...
compiling gd32f4xx_enet.c...
compiling gd32f4xx_i2c.c...
compiling gd32f4xx_iref.c...
compiling gd32f4xx_misc.c...
compiling gd32f4xx_ipa.c...
compiling gd32f4xx_pmu.c...
compiling gd32f4xx_spi.c...
compiling gd32f4xx_syscfg.c...
compiling gd32f4xx_sdio.c...
compiling gd32f4xx_rcu.c...
compiling gd32f4xx_tli.c...
compiling gd32f4xx_rtc.c...
compiling gd32f4xx_trng.c...
compiling gd32f4xx_timer.c...
compiling gd32f4xx_wwdgt.c...
compiling gd32f4xx_usart.c...
compiling gd32f450z_eval.c...
compiling timer.c...
compiling i2s.c...
compiling systick.c...
compiling s1.c...
compiling BoardSys.c...
compiling i2c.c...
compiling s2.c...
compiling s5.c...
compiling s6.c...
compiling s7.c...
compiling e1.c...
compiling e2.c...
compiling e3.c...
compiling e4.c...
compiling autoCurtain.c...
compiling reverseRadar.c...
compiling irFaucet.c...
compiling main.c...
compiling led.c...
linking...
Program Size: Code=10954 RO-data=482 RW-data=104 ZI-data=2296  
".\Objects\project.axf" - 0 Error(s), 0 Warning(s).

<h2>Software Packages used:</h2>

Package Vendor: GigaDevice
                https://gd32mcu.com/data/documents/pack/GigaDevice.GD32F4xx_DFP.3.1.0.pack
                GigaDevice.GD32F4xx_DFP.3.1.0
                GigaDevice GD32F4xx Series Device Support and Examples

<h2>Collection of Component include folders:</h2>
  D:\keli\keli\GigaDevice\GD32F4xx_DFP\3.1.0\Device\F4XX\Include

<h2>Collection of Component Files used:</h2>
Build Time Elapsed:  00:00:03
</pre>
</body>
</html>
