Component: ARM Compiler 6.16 Tool: armlink [5dfeaa00]

==============================================================================

Section Cross References

    startup_gd32f450_470.o(STACK) refers (Special) to heapauxi.o(.text) for __use_two_region_memory
    startup_gd32f450_470.o(HEAP) refers (Special) to heapauxi.o(.text) for __use_two_region_memory
    startup_gd32f450_470.o(RESET) refers (Special) to heapauxi.o(.text) for __use_two_region_memory
    startup_gd32f450_470.o(RESET) refers to startup_gd32f450_470.o(STACK) for __initial_sp
    startup_gd32f450_470.o(RESET) refers to startup_gd32f450_470.o(.text) for Reset_Handler
    startup_gd32f450_470.o(.text) refers (Special) to heapauxi.o(.text) for __use_two_region_memory
    startup_gd32f450_470.o(.text) refers to system_gd32f4xx.o(.text.SystemInit) for SystemInit
    startup_gd32f450_470.o(.text) refers to __main.o(!!!main) for __main
    startup_gd32f450_470.o(.text) refers to startup_gd32f450_470.o(HEAP) for Heap_Mem
    startup_gd32f450_470.o(.text) refers to startup_gd32f450_470.o(STACK) for Stack_Mem
    system_gd32f4xx.o(.text.SystemInit) refers to system_gd32f4xx.o(.text.system_clock_config) for system_clock_config
    system_gd32f4xx.o(.ARM.exidx.text.SystemInit) refers to system_gd32f4xx.o(.text.SystemInit) for [Anonymous Symbol]
    system_gd32f4xx.o(.text.system_clock_config) refers to system_gd32f4xx.o(.text.system_clock_200m_25m_hxtal) for system_clock_200m_25m_hxtal
    system_gd32f4xx.o(.ARM.exidx.text.system_clock_config) refers to system_gd32f4xx.o(.text.system_clock_config) for [Anonymous Symbol]
    system_gd32f4xx.o(.text.SystemCoreClockUpdate) refers to system_gd32f4xx.o(.data.SystemCoreClock) for SystemCoreClock
    system_gd32f4xx.o(.ARM.exidx.text.SystemCoreClockUpdate) refers to system_gd32f4xx.o(.text.SystemCoreClockUpdate) for [Anonymous Symbol]
    system_gd32f4xx.o(.ARM.exidx.text.system_clock_200m_25m_hxtal) refers to system_gd32f4xx.o(.text.system_clock_200m_25m_hxtal) for [Anonymous Symbol]
    gd32f4xx_adc.o(.text.adc_deinit) refers to gd32f4xx_rcu.o(.text.rcu_periph_reset_enable) for rcu_periph_reset_enable
    gd32f4xx_adc.o(.text.adc_deinit) refers to gd32f4xx_rcu.o(.text.rcu_periph_reset_disable) for rcu_periph_reset_disable
    gd32f4xx_adc.o(.ARM.exidx.text.adc_deinit) refers to gd32f4xx_adc.o(.text.adc_deinit) for [Anonymous Symbol]
    gd32f4xx_adc.o(.ARM.exidx.text.adc_clock_config) refers to gd32f4xx_adc.o(.text.adc_clock_config) for [Anonymous Symbol]
    gd32f4xx_adc.o(.ARM.exidx.text.adc_special_function_config) refers to gd32f4xx_adc.o(.text.adc_special_function_config) for [Anonymous Symbol]
    gd32f4xx_adc.o(.ARM.exidx.text.adc_data_alignment_config) refers to gd32f4xx_adc.o(.text.adc_data_alignment_config) for [Anonymous Symbol]
    gd32f4xx_adc.o(.ARM.exidx.text.adc_enable) refers to gd32f4xx_adc.o(.text.adc_enable) for [Anonymous Symbol]
    gd32f4xx_adc.o(.ARM.exidx.text.adc_disable) refers to gd32f4xx_adc.o(.text.adc_disable) for [Anonymous Symbol]
    gd32f4xx_adc.o(.ARM.exidx.text.adc_calibration_enable) refers to gd32f4xx_adc.o(.text.adc_calibration_enable) for [Anonymous Symbol]
    gd32f4xx_adc.o(.ARM.exidx.text.adc_channel_16_to_18) refers to gd32f4xx_adc.o(.text.adc_channel_16_to_18) for [Anonymous Symbol]
    gd32f4xx_adc.o(.ARM.exidx.text.adc_resolution_config) refers to gd32f4xx_adc.o(.text.adc_resolution_config) for [Anonymous Symbol]
    gd32f4xx_adc.o(.ARM.exidx.text.adc_oversample_mode_config) refers to gd32f4xx_adc.o(.text.adc_oversample_mode_config) for [Anonymous Symbol]
    gd32f4xx_adc.o(.ARM.exidx.text.adc_oversample_mode_enable) refers to gd32f4xx_adc.o(.text.adc_oversample_mode_enable) for [Anonymous Symbol]
    gd32f4xx_adc.o(.ARM.exidx.text.adc_oversample_mode_disable) refers to gd32f4xx_adc.o(.text.adc_oversample_mode_disable) for [Anonymous Symbol]
    gd32f4xx_adc.o(.ARM.exidx.text.adc_dma_mode_enable) refers to gd32f4xx_adc.o(.text.adc_dma_mode_enable) for [Anonymous Symbol]
    gd32f4xx_adc.o(.ARM.exidx.text.adc_dma_mode_disable) refers to gd32f4xx_adc.o(.text.adc_dma_mode_disable) for [Anonymous Symbol]
    gd32f4xx_adc.o(.ARM.exidx.text.adc_dma_request_after_last_enable) refers to gd32f4xx_adc.o(.text.adc_dma_request_after_last_enable) for [Anonymous Symbol]
    gd32f4xx_adc.o(.ARM.exidx.text.adc_dma_request_after_last_disable) refers to gd32f4xx_adc.o(.text.adc_dma_request_after_last_disable) for [Anonymous Symbol]
    gd32f4xx_adc.o(.ARM.exidx.text.adc_discontinuous_mode_config) refers to gd32f4xx_adc.o(.text.adc_discontinuous_mode_config) for [Anonymous Symbol]
    gd32f4xx_adc.o(.ARM.exidx.text.adc_channel_length_config) refers to gd32f4xx_adc.o(.text.adc_channel_length_config) for [Anonymous Symbol]
    gd32f4xx_adc.o(.ARM.exidx.text.adc_regular_channel_config) refers to gd32f4xx_adc.o(.text.adc_regular_channel_config) for [Anonymous Symbol]
[...]
    Removing gd32f4xx_trng.o(.ARM.exidx.text.trng_interrupt_flag_clear), (8 bytes).
    Removing gd32f4xx_usart.o(.text), (0 bytes).
    Removing gd32f4xx_usart.o(.text.usart_deinit), (196 bytes).
    Removing gd32f4xx_usart.o(.ARM.exidx.text.usart_deinit), (8 bytes).
    Removing gd32f4xx_usart.o(.text.usart_baudrate_set), (190 bytes).
    Removing gd32f4xx_usart.o(.ARM.exidx.text.usart_baudrate_set), (8 bytes).
    Removing gd32f4xx_usart.o(.text.usart_parity_config), (16 bytes).
    Removing gd32f4xx_usart.o(.ARM.exidx.text.usart_parity_config), (8 bytes).
    Removing gd32f4xx_usart.o(.text.usart_word_length_set), (16 bytes).
    Removing gd32f4xx_usart.o(.ARM.exidx.text.usart_word_length_set), (8 bytes).
    Removing gd32f4xx_usart.o(.text.usart_stop_bit_set), (16 bytes).
    Removing gd32f4xx_usart.o(.ARM.exidx.text.usart_stop_bit_set), (8 bytes).
    Removing gd32f4xx_usart.o(.text.usart_enable), (10 bytes).
    Removing gd32f4xx_usart.o(.ARM.exidx.text.usart_enable), (8 bytes).
    Removing gd32f4xx_usart.o(.text.usart_disable), (10 bytes).
    Removing gd32f4xx_usart.o(.ARM.exidx.text.usart_disable), (8 bytes).
    Removing gd32f4xx_usart.o(.text.usart_transmit_config), (12 bytes).
    Removing gd32f4xx_usart.o(.ARM.exidx.text.usart_transmit_config), (8 bytes).
    Removing gd32f4xx_usart.o(.text.usart_receive_config), (12 bytes).
    Removing gd32f4xx_usart.o(.ARM.exidx.text.usart_receive_config), (8 bytes).
    Removing gd32f4xx_usart.o(.text.usart_data_first_config), (16 bytes).
    Removing gd32f4xx_usart.o(.ARM.exidx.text.usart_data_first_config), (8 bytes).
    Removing gd32f4xx_usart.o(.text.usart_invert_config), (100 bytes).
    Removing gd32f4xx_usart.o(.ARM.exidx.text.usart_invert_config), (8 bytes).
    Removing gd32f4xx_usart.o(.text.usart_oversample_config), (16 bytes).
    Removing gd32f4xx_usart.o(.ARM.exidx.text.usart_oversample_config), (8 bytes).
    Removing gd32f4xx_usart.o(.text.usart_sample_bit_config), (16 bytes).
    Removing gd32f4xx_usart.o(.ARM.exidx.text.usart_sample_bit_config), (8 bytes).
    Removing gd32f4xx_usart.o(.text.usart_receiver_timeout_enable), (14 bytes).
    Removing gd32f4xx_usart.o(.ARM.exidx.text.usart_receiver_timeout_enable), (8 bytes).
    Removing gd32f4xx_usart.o(.text.usart_receiver_timeout_disable), (14 bytes).
    Removing gd32f4xx_usart.o(.ARM.exidx.text.usart_receiver_timeout_disable), (8 bytes).
    Removing gd32f4xx_usart.o(.text.usart_receiver_timeout_threshold_config), (24 bytes).
    Removing gd32f4xx_usart.o(.ARM.exidx.text.usart_receiver_timeout_threshold_config), (8 bytes).
    Removing gd32f4xx_usart.o(.text.usart_data_transmit), (8 bytes).
    Removing gd32f4xx_usart.o(.ARM.exidx.text.usart_data_transmit), (8 bytes).
    Removing gd32f4xx_usart.o(.text.usart_data_receive), (8 bytes).
    Removing gd32f4xx_usart.o(.ARM.exidx.text.usart_data_receive), (8 bytes).
    Removing gd32f4xx_usart.o(.text.usart_address_config), (20 bytes).
    Removing gd32f4xx_usart.o(.ARM.exidx.text.usart_address_config), (8 bytes).
    Removing gd32f4xx_usart.o(.text.usart_mute_mode_enable), (10 bytes).
    Removing gd32f4xx_usart.o(.ARM.exidx.text.usart_mute_mode_enable), (8 bytes).
    Removing gd32f4xx_usart.o(.text.usart_mute_mode_disable), (10 bytes).
    Removing gd32f4xx_usart.o(.ARM.exidx.text.usart_mute_mode_disable), (8 bytes).
    Removing gd32f4xx_usart.o(.text.usart_mute_mode_wakeup_config), (16 bytes).
    Removing gd32f4xx_usart.o(.ARM.exidx.text.usart_mute_mode_wakeup_config), (8 bytes).
    Removing gd32f4xx_usart.o(.text.usart_lin_mode_enable), (10 bytes).
    Removing gd32f4xx_usart.o(.ARM.exidx.text.usart_lin_mode_enable), (8 bytes).
    Removing gd32f4xx_usart.o(.text.usart_lin_mode_disable), (10 bytes).
    Removing gd32f4xx_usart.o(.ARM.exidx.text.usart_lin_mode_disable), (8 bytes).
    Removing gd32f4xx_usart.o(.text.usart_lin_break_detection_length_config), (20 bytes).
    Removing gd32f4xx_usart.o(.ARM.exidx.text.usart_lin_break_detection_length_config), (8 bytes).
    Removing gd32f4xx_usart.o(.text.usart_send_break), (10 bytes).
    Removing gd32f4xx_usart.o(.ARM.exidx.text.usart_send_break), (8 bytes).
    Removing gd32f4xx_usart.o(.text.usart_halfduplex_enable), (10 bytes).
    Removing gd32f4xx_usart.o(.ARM.exidx.text.usart_halfduplex_enable), (8 bytes).
    Removing gd32f4xx_usart.o(.text.usart_halfduplex_disable), (10 bytes).
    Removing gd32f4xx_usart.o(.ARM.exidx.text.usart_halfduplex_disable), (8 bytes).
    Removing gd32f4xx_usart.o(.text.usart_synchronous_clock_enable), (10 bytes).
    Removing gd32f4xx_usart.o(.ARM.exidx.text.usart_synchronous_clock_enable), (8 bytes).
    Removing gd32f4xx_usart.o(.text.usart_synchronous_clock_disable), (10 bytes).
    Removing gd32f4xx_usart.o(.ARM.exidx.text.usart_synchronous_clock_disable), (8 bytes).
    Removing gd32f4xx_usart.o(.text.usart_synchronous_clock_config), (30 bytes).
    Removing gd32f4xx_usart.o(.ARM.exidx.text.usart_synchronous_clock_config), (8 bytes).
    Removing gd32f4xx_usart.o(.text.usart_guard_time_config), (20 bytes).
    Removing gd32f4xx_usart.o(.ARM.exidx.text.usart_guard_time_config), (8 bytes).
    Removing gd32f4xx_usart.o(.text.usart_smartcard_mode_enable), (10 bytes).
    Removing gd32f4xx_usart.o(.ARM.exidx.text.usart_smartcard_mode_enable), (8 bytes).
    Removing gd32f4xx_usart.o(.text.usart_smartcard_mode_disable), (10 bytes).
    Removing gd32f4xx_usart.o(.ARM.exidx.text.usart_smartcard_mode_disable), (8 bytes).
    Removing gd32f4xx_usart.o(.text.usart_smartcard_mode_nack_enable), (10 bytes).
    Removing gd32f4xx_usart.o(.ARM.exidx.text.usart_smartcard_mode_nack_enable), (8 bytes).
    Removing gd32f4xx_usart.o(.text.usart_smartcard_mode_nack_disable), (10 bytes).
    Removing gd32f4xx_usart.o(.ARM.exidx.text.usart_smartcard_mode_nack_disable), (8 bytes).
    Removing gd32f4xx_usart.o(.text.usart_smartcard_autoretry_config), (30 bytes).
    Removing gd32f4xx_usart.o(.ARM.exidx.text.usart_smartcard_autoretry_config), (8 bytes).
    Removing gd32f4xx_usart.o(.text.usart_block_length_config), (26 bytes).
    Removing gd32f4xx_usart.o(.ARM.exidx.text.usart_block_length_config), (8 bytes).
    Removing gd32f4xx_usart.o(.text.usart_irda_mode_enable), (10 bytes).
    Removing gd32f4xx_usart.o(.ARM.exidx.text.usart_irda_mode_enable), (8 bytes).
    Removing gd32f4xx_usart.o(.text.usart_irda_mode_disable), (10 bytes).
    Removing gd32f4xx_usart.o(.ARM.exidx.text.usart_irda_mode_disable), (8 bytes).
    Removing gd32f4xx_usart.o(.text.usart_prescaler_config), (16 bytes).
    Removing gd32f4xx_usart.o(.ARM.exidx.text.usart_prescaler_config), (8 bytes).
    Removing gd32f4xx_usart.o(.text.usart_irda_lowpower_config), (20 bytes).
    Removing gd32f4xx_usart.o(.ARM.exidx.text.usart_irda_lowpower_config), (8 bytes).
    Removing gd32f4xx_usart.o(.text.usart_hardware_flow_rts_config), (12 bytes).
    Removing gd32f4xx_usart.o(.ARM.exidx.text.usart_hardware_flow_rts_config), (8 bytes).
    Removing gd32f4xx_usart.o(.text.usart_hardware_flow_cts_config), (12 bytes).
    Removing gd32f4xx_usart.o(.ARM.exidx.text.usart_hardware_flow_cts_config), (8 bytes).
    Removing gd32f4xx_usart.o(.text.usart_break_frame_coherence_config), (28 bytes).
    Removing gd32f4xx_usart.o(.ARM.exidx.text.usart_break_frame_coherence_config), (8 bytes).
    Removing gd32f4xx_usart.o(.text.usart_parity_check_coherence_config), (28 bytes).
    Removing gd32f4xx_usart.o(.ARM.exidx.text.usart_parity_check_coherence_config), (8 bytes).
    Removing gd32f4xx_usart.o(.text.usart_hardware_flow_coherence_config), (28 bytes).
    Removing gd32f4xx_usart.o(.ARM.exidx.text.usart_hardware_flow_coherence_config), (8 bytes).
    Removing gd32f4xx_usart.o(.text.usart_dma_receive_config), (12 bytes).
    Removing gd32f4xx_usart.o(.ARM.exidx.text.usart_dma_receive_config), (8 bytes).
    Removing gd32f4xx_usart.o(.text.usart_dma_transmit_config), (12 bytes).
    Removing gd32f4xx_usart.o(.ARM.exidx.text.usart_dma_transmit_config), (8 bytes).
    Removing gd32f4xx_usart.o(.text.usart_flag_get), (16 bytes).
    Removing gd32f4xx_usart.o(.ARM.exidx.text.usart_flag_get), (8 bytes).
    Removing gd32f4xx_usart.o(.text.usart_flag_clear), (24 bytes).
    Removing gd32f4xx_usart.o(.ARM.exidx.text.usart_flag_clear), (8 bytes).
    Removing gd32f4xx_usart.o(.text.usart_interrupt_enable), (22 bytes).
    Removing gd32f4xx_usart.o(.ARM.exidx.text.usart_interrupt_enable), (8 bytes).
    Removing gd32f4xx_usart.o(.text.usart_interrupt_disable), (24 bytes).
    Removing gd32f4xx_usart.o(.ARM.exidx.text.usart_interrupt_disable), (8 bytes).
    Removing gd32f4xx_usart.o(.text.usart_interrupt_flag_get), (34 bytes).
    Removing gd32f4xx_usart.o(.ARM.exidx.text.usart_interrupt_flag_get), (8 bytes).
    Removing gd32f4xx_usart.o(.text.usart_interrupt_flag_clear), (24 bytes).
    Removing gd32f4xx_usart.o(.ARM.exidx.text.usart_interrupt_flag_clear), (8 bytes).
    Removing gd32f4xx_wwdgt.o(.text), (0 bytes).
    Removing gd32f4xx_wwdgt.o(.text.wwdgt_deinit), (20 bytes).
    Removing gd32f4xx_wwdgt.o(.ARM.exidx.text.wwdgt_deinit), (8 bytes).
    Removing gd32f4xx_wwdgt.o(.text.wwdgt_enable), (18 bytes).
    Removing gd32f4xx_wwdgt.o(.ARM.exidx.text.wwdgt_enable), (8 bytes).
    Removing gd32f4xx_wwdgt.o(.text.wwdgt_counter_update), (18 bytes).
    Removing gd32f4xx_wwdgt.o(.ARM.exidx.text.wwdgt_counter_update), (8 bytes).
    Removing gd32f4xx_wwdgt.o(.text.wwdgt_config), (50 bytes).
    Removing gd32f4xx_wwdgt.o(.ARM.exidx.text.wwdgt_config), (8 bytes).
    Removing gd32f4xx_wwdgt.o(.text.wwdgt_flag_get), (16 bytes).
    Removing gd32f4xx_wwdgt.o(.ARM.exidx.text.wwdgt_flag_get), (8 bytes).
    Removing gd32f4xx_wwdgt.o(.text.wwdgt_flag_clear), (18 bytes).
    Removing gd32f4xx_wwdgt.o(.ARM.exidx.text.wwdgt_flag_clear), (8 bytes).
    Removing gd32f4xx_wwdgt.o(.text.wwdgt_interrupt_enable), (18 bytes).
    Removing gd32f4xx_wwdgt.o(.ARM.exidx.text.wwdgt_interrupt_enable), (8 bytes).
    Removing gd32f450z_eval.o(.text), (0 bytes).
    Removing gd32f450z_eval.o(.text.gd_eval_led_init), (72 bytes).
    Removing gd32f450z_eval.o(.ARM.exidx.text.gd_eval_led_init), (8 bytes).
    Removing gd32f450z_eval.o(.text.gd_eval_led_on), (28 bytes).
    Removing gd32f450z_eval.o(.ARM.exidx.text.gd_eval_led_on), (8 bytes).
    Removing gd32f450z_eval.o(.text.gd_eval_led_off), (28 bytes).
    Removing gd32f450z_eval.o(.ARM.exidx.text.gd_eval_led_off), (8 bytes).
    Removing gd32f450z_eval.o(.text.gd_eval_led_toggle), (28 bytes).
    Removing gd32f450z_eval.o(.ARM.exidx.text.gd_eval_led_toggle), (8 bytes).
    Removing gd32f450z_eval.o(.text.gd_eval_key_init), (140 bytes).
    Removing gd32f450z_eval.o(.ARM.exidx.text.gd_eval_key_init), (8 bytes).
    Removing gd32f450z_eval.o(.text.gd_eval_key_state_get), (34 bytes).
    Removing gd32f450z_eval.o(.ARM.exidx.text.gd_eval_key_state_get), (8 bytes).
    Removing gd32f450z_eval.o(.text.gd_eval_com_init), (148 bytes).
    Removing gd32f450z_eval.o(.ARM.exidx.text.gd_eval_com_init), (8 bytes).
    Removing gd32f450z_eval.o(.rodata.GPIO_CLK), (6 bytes).
    Removing gd32f450z_eval.o(.rodata.GPIO_PORT), (12 bytes).
    Removing gd32f450z_eval.o(.rodata.GPIO_PIN), (12 bytes).
    Removing gd32f450z_eval.o(.rodata.KEY_CLK), (6 bytes).
    Removing gd32f450z_eval.o(.rodata.KEY_PORT), (12 bytes).
    Removing gd32f450z_eval.o(.rodata.KEY_PIN), (12 bytes).
    Removing i2c.o(.text), (0 bytes).
    Removing i2c.o(.ARM.exidx.text.judge_i2c_over_time), (8 bytes).
    Removing i2c.o(.text.i2c_delay), (2 bytes).
    Removing i2c.o(.ARM.exidx.text.i2c_delay), (8 bytes).
    Removing i2c.o(.ARM.exidx.text.i2c0_gpio_config), (8 bytes).
    Removing i2c.o(.ARM.exidx.text.i2c0_config), (8 bytes).
    Removing i2c.o(.ARM.exidx.text.i2c1_gpio_config), (8 bytes).
    Removing i2c.o(.ARM.exidx.text.i2c1_config), (8 bytes).
    Removing i2c.o(.text.i2c2_gpio_config), (110 bytes).
    Removing i2c.o(.ARM.exidx.text.i2c2_gpio_config), (8 bytes).
    Removing i2c.o(.text.i2c2_config), (64 bytes).
    Removing i2c.o(.ARM.exidx.text.i2c2_config), (8 bytes).
    Removing i2c.o(.ARM.exidx.text.i2c_addr_poll), (8 bytes).
    Removing i2c.o(.ARM.exidx.text.i2c_cmd_write), (8 bytes).
    Removing i2c.o(.ARM.exidx.text.i2c_byte_write), (8 bytes).
    Removing i2c.o(.text.i2c_write), (204 bytes).
    Removing i2c.o(.ARM.exidx.text.i2c_write), (8 bytes).
    Removing i2c.o(.text.i2c_read), (366 bytes).
    Removing i2c.o(.ARM.exidx.text.i2c_read), (8 bytes).
    Removing i2c.o(.text.i2c_delay_byte_write), (286 bytes).
    Removing i2c.o(.ARM.exidx.text.i2c_delay_byte_write), (8 bytes).
    Removing i2c.o(.text.i2c_delay_write), (304 bytes).
    Removing i2c.o(.ARM.exidx.text.i2c_delay_write), (8 bytes).
    Removing i2c.o(.ARM.exidx.text.i2c_delay_read), (8 bytes).
    Removing s2.o(.text), (0 bytes).
    Removing s2.o(.text.S2_Light_Init), (10 bytes).
    Removing s2.o(.ARM.exidx.text.S2_Light_Init), (8 bytes).
    Removing s2.o(.text.S2_Light_OneTime_Hires), (62 bytes).
    Removing s2.o(.ARM.exidx.text.S2_Light_OneTime_Hires), (8 bytes).
    Removing s2.o(.text.S2_Light_OneTime_Lores), (62 bytes).
    Removing s2.o(.ARM.exidx.text.S2_Light_OneTime_Lores), (8 bytes).
    Removing s2.o(.text.S2_Light_Continous_Hires), (62 bytes).
    Removing s2.o(.ARM.exidx.text.S2_Light_Continous_Hires), (8 bytes).
    Removing s2.o(.text.S2_Light_Continous_Lores), (62 bytes).
    Removing s2.o(.ARM.exidx.text.S2_Light_Continous_Lores), (8 bytes).
    Removing s2.o(.text.getLightval), (72 bytes).
    Removing s2.o(.ARM.exidx.text.getLightval), (8 bytes).
    Removing s2.o(.text.S2_TempHumid_Init), (12 bytes).
    Removing s2.o(.ARM.exidx.text.S2_TempHumid_Init), (8 bytes).
    Removing s2.o(.text.S2_TempHumid_Single_Shot), (160 bytes).
    Removing s2.o(.ARM.exidx.text.S2_TempHumid_Single_Shot), (8 bytes).
    Removing s2.o(.ARM.exidx.text.S2_Gryo_Init), (8 bytes).
    Removing s2.o(.ARM.exidx.text.S2_Gryo_Settings), (8 bytes).
    Removing s2.o(.ARM.exidx.text.s2_icm20608_gyro_scaleget), (8 bytes).
    Removing s2.o(.ARM.exidx.text.s2_icm20608_accel_scaleget), (8 bytes).
    Removing s2.o(.ARM.exidx.text.getAccAng), (8 bytes).
    Removing s2.o(.text.S2_Light_ADDR_Init), (130 bytes).
    Removing s2.o(.ARM.exidx.text.S2_Light_ADDR_Init), (8 bytes).
    Removing s2.o(.text.S2_TempHumid_ADDR_Init), (130 bytes).
    Removing s2.o(.ARM.exidx.text.S2_TempHumid_ADDR_Init), (8 bytes).
    Removing s2.o(.ARM.exidx.text.S2_Gryo_ADDR_Init), (8 bytes).
    Removing s2.o(.bss.lightval), (2 bytes).
    Removing s2.o(.bss.lightval_full), (2 bytes).
    Removing s2.o(.bss.s2_light_addr), (12 bytes).
    Removing s2.o(.bss.lightval_), (4 bytes).
    Removing s2.o(.bss.tempHumid), (6 bytes).
    Removing s2.o(.bss.temp), (2 bytes).
    Removing s2.o(.bss.temp_), (2 bytes).
    Removing s2.o(.bss.humid), (2 bytes).
    Removing s2.o(.bss.humid_), (2 bytes).
    Removing s2.o(.bss.s2_temp_addr), (12 bytes).
    Removing s2.o(.bss.tempHumid_), (8 bytes).
    Removing e1.o(.text), (0 bytes).
    Removing e1.o(.ARM.exidx.text.E1_HT16K33_Init), (8 bytes).
    Removing e1.o(.ARM.exidx.text.E1_HT16K33_display_off), (8 bytes).
    Removing e1.o(.ARM.exidx.text.E1_PCA9685PW_Init), (8 bytes).
    Removing e1.o(.ARM.exidx.text.E1_PCA9685PW_off), (8 bytes).
    Removing e1.o(.ARM.exidx.text.setPWM), (8 bytes).
    Removing e1.o(.ARM.exidx.text.PCA9685_rgb_led_control), (8 bytes).
    Removing e1.o(.ARM.exidx.text.E1_HT16K33_display_data), (8 bytes).
    Removing e1.o(.ARM.exidx.text.E1_HT16K33_clean), (8 bytes).
    Removing e1.o(.ARM.exidx.text.E1_I2C_ADDR_Init), (8 bytes).
    Removing e1.o(.ARM.exidx.text.E1_I2C_1_ADDR_Init), (8 bytes).
    Removing main.o(.text), (0 bytes).
    Removing main.o(.ARM.exidx.text.UserInit), (8 bytes).
    Removing main.o(.ARM.exidx.text.main), (8 bytes).
    Removing main.o(.ARM.use_no_argv), (4 bytes).
    Removing led.o(.text), (0 bytes).
    Removing led.o(.ARM.exidx.text.LED_Init), (8 bytes).
    Removing led.o(.text.LED_ON), (18 bytes).
    Removing led.o(.ARM.exidx.text.LED_ON), (8 bytes).
    Removing led.o(.text.LED_OFF), (18 bytes).
    Removing led.o(.ARM.exidx.text.LED_OFF), (8 bytes).
    Removing led.o(.text.LED_BLINK), (18 bytes).
    Removing led.o(.ARM.exidx.text.LED_BLINK), (8 bytes).
    Removing delay.o(.text), (0 bytes).
    Removing delay.o(.ARM.exidx.text.delay), (8 bytes).

1844 unused section(s) (total 57832 bytes) removed from the image.

==============================================================================

Image Symbol Table

    Local Symbols

    Symbol Name                              Value     Ov Type        Size  Object(Section)

    ../clib/angel/boardlib.s                 0x00000000   Number         0  boardinit1.o ABSOLUTE
    ../clib/angel/boardlib.s                 0x00000000   Number         0  boardinit2.o ABSOLUTE
    ../clib/angel/boardlib.s                 0x00000000   Number         0  boardinit3.o ABSOLUTE
    ../clib/angel/boardlib.s                 0x00000000   Number         0  boardshut.o ABSOLUTE
    ../clib/angel/handlers.s                 0x00000000   Number         0  __scatter_zi.o ABSOLUTE
    ../clib/angel/kernel.s                   0x00000000   Number         0  __rtentry.o ABSOLUTE
    ../clib/angel/kernel.s                   0x00000000   Number         0  __rtentry2.o ABSOLUTE
    ../clib/angel/kernel.s                   0x00000000   Number         0  __rtentry4.o ABSOLUTE
    ../clib/angel/kernel.s                   0x00000000   Number         0  rtexit.o ABSOLUTE
    ../clib/angel/kernel.s                   0x00000000   Number         0  rtexit2.o ABSOLUTE
    ../clib/angel/rt.s                       0x00000000   Number         0  rt_raise.o ABSOLUTE
    ../clib/angel/scatter.s                  0x00000000   Number         0  __scatter.o ABSOLUTE
    ../clib/angel/startup.s                  0x00000000   Number         0  __main.o ABSOLUTE
    ../clib/angel/sys.s                      0x00000000   Number         0  sys_stackheap_outer.o ABSOLUTE
    ../clib/angel/sys.s                      0x00000000   Number         0  libspace.o ABSOLUTE
    ../clib/angel/sys.s                      0x00000000   Number         0  use_no_semi.o ABSOLUTE
    ../clib/angel/sys.s                      0x00000000   Number         0  indicate_semi.o ABSOLUTE
    ../clib/angel/sysapp.c                   0x00000000   Number         0  sys_exit.o ABSOLUTE
    ../clib/angel/sysapp.c                   0x00000000   Number         0  sys_exit_hlt.o ABSOLUTE
    ../clib/angel/sysapp.c                   0x00000000   Number         0  sys_command.o ABSOLUTE
    ../clib/angel/sysapp.c                   0x00000000   Number         0  sys_command_hlt.o ABSOLUTE
    ../clib/angel/sysapp.c                   0x00000000   Number         0  sys_wrch.o ABSOLUTE
    ../clib/angel/sysapp.c                   0x00000000   Number         0  sys_wrch_hlt.o ABSOLUTE
    ../clib/armsys.c                         0x00000000   Number         0  argv_veneer.o ABSOLUTE
    ../clib/armsys.c                         0x00000000   Number         0  argv_veneer.o ABSOLUTE
    ../clib/armsys.c                         0x00000000   Number         0  _get_argv_nomalloc.o ABSOLUTE
    ../clib/armsys.c                         0x00000000   Number         0  no_argv.o ABSOLUTE
    ../clib/heapalloc.c                      0x00000000   Number         0  hrguard.o ABSOLUTE
    ../clib/heapaux.c                        0x00000000   Number         0  heapauxi.o ABSOLUTE
    ../clib/libinit.s                        0x00000000   Number         0  libinit.o ABSOLUTE
    ../clib/libinit.s                        0x00000000   Number         0  libinit2.o ABSOLUTE
    ../clib/libinit.s                        0x00000000   Number         0  libshutdown.o ABSOLUTE
    ../clib/libinit.s                        0x00000000   Number         0  libshutdown2.o ABSOLUTE
    ../clib/memcpset.s                       0x00000000   Number         0  rt_memclr_w.o ABSOLUTE
    ../clib/signal.c                         0x00000000   Number         0  defsig_rtmem_outer.o ABSOLUTE
    ../clib/signal.c                         0x00000000   Number         0  defsig_rtmem_formal.o ABSOLUTE
    ../clib/signal.c                         0x00000000   Number         0  defsig_exit.o ABSOLUTE
    ../clib/signal.c                         0x00000000   Number         0  defsig_rtmem_inner.o ABSOLUTE
    ../clib/signal.c                         0x00000000   Number         0  __raise.o ABSOLUTE
    ../clib/signal.c                         0x00000000   Number         0  defsig_general.o ABSOLUTE
    ../clib/signal.c                         0x00000000   Number         0  defsig_abrt_inner.o ABSOLUTE
    ../clib/signal.c                         0x00000000   Number         0  defsig_fpe_inner.o ABSOLUTE
    ../clib/signal.c                         0x00000000   Number         0  defsig_rtred_inner.o ABSOLUTE
    ../clib/signal.c                         0x00000000   Number         0  defsig_stak_inner.o ABSOLUTE
    ../clib/signal.c                         0x00000000   Number         0  defsig_pvfn_inner.o ABSOLUTE
    ../clib/signal.c                         0x00000000   Number         0  defsig_cppl_inner.o ABSOLUTE
    ../clib/signal.c                         0x00000000   Number         0  defsig_segv_inner.o ABSOLUTE
    ../clib/signal.c                         0x00000000   Number         0  defsig_other.o ABSOLUTE
    ../clib/signal.s                         0x00000000   Number         0  defsig.o ABSOLUTE
    ../clib/stdlib.c                         0x00000000   Number         0  exit.o ABSOLUTE
    ../fplib/d2f.s                           0x00000000   Number         0  d2f.o ABSOLUTE
    ../fplib/dcmp.s                          0x00000000   Number         0  dcmp.o ABSOLUTE
    ../fplib/dcmpi.s                         0x00000000   Number         0  dcmpi.o ABSOLUTE
    ../fplib/ddiv.s                          0x00000000   Number         0  ddiv.o ABSOLUTE
    ../fplib/deqf.s                          0x00000000   Number         0  deqf.o ABSOLUTE
    ../fplib/dflt.s                          0x00000000   Number         0  dflt_clz.o ABSOLUTE
    ../fplib/dgeqf.s                         0x00000000   Number         0  dgeqf.o ABSOLUTE
    ../fplib/dleqf.s                         0x00000000   Number         0  dleqf.o ABSOLUTE
    ../fplib/dnaninf.s                       0x00000000   Number         0  dnaninf.o ABSOLUTE
    ../fplib/dretinf.s                       0x00000000   Number         0  dretinf.o ABSOLUTE
    ../fplib/f2d.s                           0x00000000   Number         0  f2d.o ABSOLUTE
    ../fplib/fnaninf.s                       0x00000000   Number         0  fnaninf.o ABSOLUTE
    ../fplib/fpinit.s                        0x00000000   Number         0  fpinit.o ABSOLUTE
    ../fplib/fretinf.s                       0x00000000   Number         0  fretinf.o ABSOLUTE
    ../fplib/usenofp.s                       0x00000000   Number         0  usenofp.o ABSOLUTE
    ..\StdPeriph-Driver\CMSIS\startup_gd32f450_470.s 0x00000000   Number         0  startup_gd32f450_470.o ABSOLUTE
    dc.s                                     0x00000000   Number         0  dc.o ABSOLUTE
    delay.c                                  0x00000000   Number         0  delay.o ABSOLUTE
    e1.c                                     0x00000000   Number         0  e1.o ABSOLUTE
    gd32f450z_eval.c                         0x00000000   Number         0  gd32f450z_eval.o ABSOLUTE
    gd32f4xx_adc.c                           0x00000000   Number         0  gd32f4xx_adc.o ABSOLUTE
    gd32f4xx_can.c                           0x00000000   Number         0  gd32f4xx_can.o ABSOLUTE
    gd32f4xx_crc.c                           0x00000000   Number         0  gd32f4xx_crc.o ABSOLUTE
    gd32f4xx_ctc.c                           0x00000000   Number         0  gd32f4xx_ctc.o ABSOLUTE
    gd32f4xx_dac.c                           0x00000000   Number         0  gd32f4xx_dac.o ABSOLUTE
    gd32f4xx_dbg.c                           0x00000000   Number         0  gd32f4xx_dbg.o ABSOLUTE
    gd32f4xx_dci.c                           0x00000000   Number         0  gd32f4xx_dci.o ABSOLUTE
    gd32f4xx_dma.c                           0x00000000   Number         0  gd32f4xx_dma.o ABSOLUTE
    gd32f4xx_enet.c                          0x00000000   Number         0  gd32f4xx_enet.o ABSOLUTE
    gd32f4xx_exmc.c                          0x00000000   Number         0  gd32f4xx_exmc.o ABSOLUTE
    gd32f4xx_exti.c                          0x00000000   Number         0  gd32f4xx_exti.o ABSOLUTE
    gd32f4xx_fmc.c                           0x00000000   Number         0  gd32f4xx_fmc.o ABSOLUTE
    gd32f4xx_fwdgt.c                         0x00000000   Number         0  gd32f4xx_fwdgt.o ABSOLUTE
    gd32f4xx_gpio.c                          0x00000000   Number         0  gd32f4xx_gpio.o ABSOLUTE
    gd32f4xx_i2c.c                           0x00000000   Number         0  gd32f4xx_i2c.o ABSOLUTE
    gd32f4xx_ipa.c                           0x00000000   Number         0  gd32f4xx_ipa.o ABSOLUTE
    gd32f4xx_iref.c                          0x00000000   Number         0  gd32f4xx_iref.o ABSOLUTE
    gd32f4xx_misc.c                          0x00000000   Number         0  gd32f4xx_misc.o ABSOLUTE
    gd32f4xx_pmu.c                           0x00000000   Number         0  gd32f4xx_pmu.o ABSOLUTE
    gd32f4xx_rcu.c                           0x00000000   Number         0  gd32f4xx_rcu.o ABSOLUTE
    gd32f4xx_rtc.c                           0x00000000   Number         0  gd32f4xx_rtc.o ABSOLUTE
    gd32f4xx_sdio.c                          0x00000000   Number         0  gd32f4xx_sdio.o ABSOLUTE
    gd32f4xx_spi.c                           0x00000000   Number         0  gd32f4xx_spi.o ABSOLUTE
    gd32f4xx_syscfg.c                        0x00000000   Number         0  gd32f4xx_syscfg.o ABSOLUTE
    gd32f4xx_timer.c                         0x00000000   Number         0  gd32f4xx_timer.o ABSOLUTE
    gd32f4xx_tli.c                           0x00000000   Number         0  gd32f4xx_tli.o ABSOLUTE
    gd32f4xx_trng.c                          0x00000000   Number         0  gd32f4xx_trng.o ABSOLUTE
    gd32f4xx_usart.c                         0x00000000   Number         0  gd32f4xx_usart.o ABSOLUTE
    gd32f4xx_wwdgt.c                         0x00000000   Number         0  gd32f4xx_wwdgt.o ABSOLUTE
    i2c.c                                    0x00000000   Number         0  i2c.o ABSOLUTE
    led.c                                    0x00000000   Number         0  led.o ABSOLUTE
    main.c                                   0x00000000   Number         0  main.o ABSOLUTE
    s2.c                                     0x00000000   Number         0  s2.o ABSOLUTE
    system_gd32f4xx.c                        0x00000000   Number         0  system_gd32f4xx.o ABSOLUTE
    RESET                                    0x08000000   Section      428  startup_gd32f450_470.o(RESET)
    !!!main                                  0x080001ac   Section        8  __main.o(!!!main)
    !!!scatter                               0x080001b4   Section       52  __scatter.o(!!!scatter)
    !!handler_zi                             0x080001e8   Section       28  __scatter_zi.o(!!handler_zi)
    .ARM.Collect$$libinit$$00000000          0x08000204   Section        2  libinit.o(.ARM.Collect$$libinit$$00000000)
    .ARM.Collect$$libinit$$00000001          0x08000206   Section        4  libinit2.o(.ARM.Collect$$libinit$$00000001)
    .ARM.Collect$$libinit$$00000004          0x0800020a   Section        0  libinit2.o(.ARM.Collect$$libinit$$00000004)
    .ARM.Collect$$libinit$$0000000A          0x0800020a   Section        0  libinit2.o(.ARM.Collect$$libinit$$0000000A)
    .ARM.Collect$$libinit$$0000000C          0x0800020a   Section        0  libinit2.o(.ARM.Collect$$libinit$$0000000C)
    .ARM.Collect$$libinit$$0000000E          0x0800020a   Section        0  libinit2.o(.ARM.Collect$$libinit$$0000000E)
    .ARM.Collect$$libinit$$00000011          0x0800020a   Section        0  libinit2.o(.ARM.Collect$$libinit$$00000011)
    .ARM.Collect$$libinit$$00000013          0x0800020a   Section        0  libinit2.o(.ARM.Collect$$libinit$$00000013)
    .ARM.Collect$$libinit$$00000015          0x0800020a   Section        0  libinit2.o(.ARM.Collect$$libinit$$00000015)
    .ARM.Collect$$libinit$$00000017          0x0800020a   Section        0  libinit2.o(.ARM.Collect$$libinit$$00000017)
    .ARM.Collect$$libinit$$00000019          0x0800020a   Section        0  libinit2.o(.ARM.Collect$$libinit$$00000019)
    .ARM.Collect$$libinit$$0000001B          0x0800020a   Section        0  libinit2.o(.ARM.Collect$$libinit$$0000001B)
    .ARM.Collect$$libinit$$0000001D          0x0800020a   Section        0  libinit2.o(.ARM.Collect$$libinit$$0000001D)
    .ARM.Collect$$libinit$$0000001F          0x0800020a   Section        0  libinit2.o(.ARM.Collect$$libinit$$0000001F)
    .ARM.Collect$$libinit$$00000021          0x0800020a   Section        0  libinit2.o(.ARM.Collect$$libinit$$00000021)
    .ARM.Collect$$libinit$$00000023          0x0800020a   Section        0  libinit2.o(.ARM.Collect$$libinit$$00000023)
    .ARM.Collect$$libinit$$00000025          0x0800020a   Section        0  libinit2.o(.ARM.Collect$$libinit$$00000025)
    .ARM.Collect$$libinit$$0000002C          0x0800020a   Section        0  libinit2.o(.ARM.Collect$$libinit$$0000002C)
    .ARM.Collect$$libinit$$0000002E          0x0800020a   Section        0  libinit2.o(.ARM.Collect$$libinit$$0000002E)
    .ARM.Collect$$libinit$$00000030          0x0800020a   Section        0  libinit2.o(.ARM.Collect$$libinit$$00000030)
    .ARM.Collect$$libinit$$00000032          0x0800020a   Section        0  libinit2.o(.ARM.Collect$$libinit$$00000032)
    .ARM.Collect$$libinit$$00000033          0x0800020a   Section        2  libinit2.o(.ARM.Collect$$libinit$$00000033)
    .ARM.Collect$$libshutdown$$00000000      0x0800020c   Section        2  libshutdown.o(.ARM.Collect$$libshutdown$$00000000)
    .ARM.Collect$$libshutdown$$00000002      0x0800020e   Section        0  libshutdown2.o(.ARM.Collect$$libshutdown$$00000002)
    .ARM.Collect$$libshutdown$$00000004      0x0800020e   Section        0  libshutdown2.o(.ARM.Collect$$libshutdown$$00000004)
    .ARM.Collect$$libshutdown$$00000007      0x0800020e   Section        0  libshutdown2.o(.ARM.Collect$$libshutdown$$00000007)
    .ARM.Collect$$libshutdown$$0000000A      0x0800020e   Section        0  libshutdown2.o(.ARM.Collect$$libshutdown$$0000000A)
    .ARM.Collect$$libshutdown$$0000000C      0x0800020e   Section        0  libshutdown2.o(.ARM.Collect$$libshutdown$$0000000C)
    .ARM.Collect$$libshutdown$$0000000F      0x0800020e   Section        0  libshutdown2.o(.ARM.Collect$$libshutdown$$0000000F)
    .ARM.Collect$$libshutdown$$00000010      0x0800020e   Section        2  libshutdown2.o(.ARM.Collect$$libshutdown$$00000010)
    .ARM.Collect$$rtentry$$00000000          0x08000210   Section        0  __rtentry.o(.ARM.Collect$$rtentry$$00000000)
    .ARM.Collect$$rtentry$$00000002          0x08000210   Section        0  __rtentry2.o(.ARM.Collect$$rtentry$$00000002)
    .ARM.Collect$$rtentry$$00000004          0x08000210   Section        6  __rtentry4.o(.ARM.Collect$$rtentry$$00000004)
    .ARM.Collect$$rtentry$$00000009          0x08000216   Section        0  __rtentry2.o(.ARM.Collect$$rtentry$$00000009)
    .ARM.Collect$$rtentry$$0000000A          0x08000216   Section        4  __rtentry2.o(.ARM.Collect$$rtentry$$0000000A)
    .ARM.Collect$$rtentry$$0000000C          0x0800021a   Section        0  __rtentry2.o(.ARM.Collect$$rtentry$$0000000C)
    .ARM.Collect$$rtentry$$0000000D          0x0800021a   Section        8  __rtentry2.o(.ARM.Collect$$rtentry$$0000000D)
    .ARM.Collect$$rtexit$$00000000           0x08000222   Section        2  rtexit.o(.ARM.Collect$$rtexit$$00000000)
    .ARM.Collect$$rtexit$$00000002           0x08000224   Section        0  rtexit2.o(.ARM.Collect$$rtexit$$00000002)
    .ARM.Collect$$rtexit$$00000003           0x08000224   Section        4  rtexit2.o(.ARM.Collect$$rtexit$$00000003)
    .ARM.Collect$$rtexit$$00000004           0x08000228   Section        6  rtexit2.o(.ARM.Collect$$rtexit$$00000004)
    $v0                                      0x08000230   Number         0  startup_gd32f450_470.o(.text)
    .text                                    0x08000230   Section       64  startup_gd32f450_470.o(.text)
    .text                                    0x08000270   Section        0  heapauxi.o(.text)
    .text                                    0x08000276   Section       74  sys_stackheap_outer.o(.text)
    .text                                    0x080002c0   Section        0  exit.o(.text)
    .text                                    0x080002d4   Section        8  libspace.o(.text)
    .text                                    0x080002dc   Section        0  sys_exit.o(.text)
    .text                                    0x080002e8   Section        2  use_no_semi.o(.text)
    .text                                    0x080002ea   Section        0  indicate_semi.o(.text)
    [Anonymous Symbol]                       0x080002ec   Section        0  e1.o(.text.E1_HT16K33_Init)
    [Anonymous Symbol]                       0x08000304   Section        0  e1.o(.text.E1_HT16K33_clean)
    [Anonymous Symbol]                       0x08000340   Section        0  e1.o(.text.E1_HT16K33_display_data)
    [Anonymous Symbol]                       0x08000390   Section        0  e1.o(.text.E1_HT16K33_display_off)
    [Anonymous Symbol]                       0x08000400   Section        0  e1.o(.text.E1_I2C_1_ADDR_Init)
    [Anonymous Symbol]                       0x08000494   Section        0  e1.o(.text.E1_I2C_ADDR_Init)
    [Anonymous Symbol]                       0x08000528   Section        0  e1.o(.text.E1_PCA9685PW_Init)
    [Anonymous Symbol]                       0x08000540   Section        0  e1.o(.text.E1_PCA9685PW_off)
    [Anonymous Symbol]                       0x08000574   Section        0  led.o(.text.LED_Init)
    [Anonymous Symbol]                       0x080005a8   Section        0  e1.o(.text.PCA9685_rgb_led_control)
    [Anonymous Symbol]                       0x080006d0   Section        0  s2.o(.text.S2_Gryo_ADDR_Init)
    [Anonymous Symbol]                       0x08000754   Section        0  s2.o(.text.S2_Gryo_Init)
    [Anonymous Symbol]                       0x08000768   Section        0  s2.o(.text.S2_Gryo_Settings)
    [Anonymous Symbol]                       0x080007e0   Section        0  system_gd32f4xx.o(.text.SystemInit)
    [Anonymous Symbol]                       0x0800089c   Section        0  main.o(.text.UserInit)
    [Anonymous Symbol]                       0x080008d0   Section        0  delay.o(.text.delay)
    [Anonymous Symbol]                       0x080008ec   Section        0  s2.o(.text.getAccAng)
    [Anonymous Symbol]                       0x08000a6c   Section        0  gd32f4xx_gpio.o(.text.gpio_af_set)
    [Anonymous Symbol]                       0x08000adc   Section        0  gd32f4xx_gpio.o(.text.gpio_bit_reset)
    [Anonymous Symbol]                       0x08000ae0   Section        0  gd32f4xx_gpio.o(.text.gpio_mode_set)
    [Anonymous Symbol]                       0x08000b34   Section        0  gd32f4xx_gpio.o(.text.gpio_output_options_set)
    [Anonymous Symbol]                       0x08000b7c   Section        0  i2c.o(.text.i2c0_config)
    [Anonymous Symbol]                       0x08000bbc   Section        0  i2c.o(.text.i2c0_gpio_config)
    [Anonymous Symbol]                       0x08000c20   Section        0  i2c.o(.text.i2c1_config)
    [Anonymous Symbol]                       0x08000c60   Section        0  i2c.o(.text.i2c1_gpio_config)
    [Anonymous Symbol]                       0x08000cbc   Section        0  gd32f4xx_i2c.o(.text.i2c_ack_config)
    [Anonymous Symbol]                       0x08000cc8   Section        0  gd32f4xx_i2c.o(.text.i2c_ackpos_config)
    [Anonymous Symbol]                       0x08000cd4   Section        0  i2c.o(.text.i2c_addr_poll)
    [Anonymous Symbol]                       0x08000d48   Section        0  i2c.o(.text.i2c_byte_write)
    [Anonymous Symbol]                       0x08000e00   Section        0  gd32f4xx_i2c.o(.text.i2c_clock_config)
    [Anonymous Symbol]                       0x08000edc   Section        0  i2c.o(.text.i2c_cmd_write)
    [Anonymous Symbol]                       0x08000f7c   Section        0  gd32f4xx_i2c.o(.text.i2c_data_receive)
    [Anonymous Symbol]                       0x08000f84   Section        0  gd32f4xx_i2c.o(.text.i2c_data_transmit)
    [Anonymous Symbol]                       0x08000f88   Section        0  i2c.o(.text.i2c_delay_read)
    [Anonymous Symbol]                       0x0800118c   Section        0  gd32f4xx_i2c.o(.text.i2c_enable)
    [Anonymous Symbol]                       0x08001198   Section        0  gd32f4xx_i2c.o(.text.i2c_flag_clear)
    [Anonymous Symbol]                       0x080011c0   Section        0  gd32f4xx_i2c.o(.text.i2c_flag_get)
    [Anonymous Symbol]                       0x080011d0   Section        0  gd32f4xx_i2c.o(.text.i2c_master_addressing)
    [Anonymous Symbol]                       0x080011e0   Section        0  gd32f4xx_i2c.o(.text.i2c_mode_addr_config)
    [Anonymous Symbol]                       0x080011fc   Section        0  gd32f4xx_i2c.o(.text.i2c_start_on_bus)
    [Anonymous Symbol]                       0x08001208   Section        0  gd32f4xx_i2c.o(.text.i2c_stop_on_bus)
    [Anonymous Symbol]                       0x08001214   Section        0  i2c.o(.text.judge_i2c_over_time)
    [Anonymous Symbol]                       0x08001238   Section        0  main.o(.text.main)
    [Anonymous Symbol]                       0x08001578   Section        0  gd32f4xx_rcu.o(.text.rcu_clock_freq_get)
    [Anonymous Symbol]                       0x0800163c   Section        0  gd32f4xx_rcu.o(.text.rcu_periph_clock_enable)
    [Anonymous Symbol]                       0x0800165c   Section        0  s2.o(.text.s2_icm20608_accel_scaleget)
    [Anonymous Symbol]                       0x080016a4   Section        0  s2.o(.text.s2_icm20608_gyro_scaleget)
    [Anonymous Symbol]                       0x080016e0   Section        0  e1.o(.text.setPWM)
    system_clock_200m_25m_hxtal              0x08001741   Thumb Code   188  system_gd32f4xx.o(.text.system_clock_200m_25m_hxtal)
    [Anonymous Symbol]                       0x08001740   Section        0  system_gd32f4xx.o(.text.system_clock_200m_25m_hxtal)
    system_clock_config                      0x080017fd   Thumb Code     8  system_gd32f4xx.o(.text.system_clock_config)
    [Anonymous Symbol]                       0x080017fc   Section        0  system_gd32f4xx.o(.text.system_clock_config)
    $v0                                      0x08001804   Number         0  dcmpi.o(x$fpl$dcmpinf)
    x$fpl$dcmpinf                            0x08001804   Section       24  dcmpi.o(x$fpl$dcmpinf)
    $v0                                      0x0800181c   Number         0  deqf.o(x$fpl$deqf)
    x$fpl$deqf                               0x0800181c   Section      120  deqf.o(x$fpl$deqf)
    $v0                                      0x08001894   Number         0  dgeqf.o(x$fpl$dgeqf)
    x$fpl$dgeqf                              0x08001894   Section      120  dgeqf.o(x$fpl$dgeqf)
    $v0                                      0x0800190c   Number         0  dleqf.o(x$fpl$dleqf)
    x$fpl$dleqf                              0x0800190c   Section      120  dleqf.o(x$fpl$dleqf)
    $v0                                      0x08001984   Number         0  dnaninf.o(x$fpl$dnaninf)
    x$fpl$dnaninf                            0x08001984   Section      156  dnaninf.o(x$fpl$dnaninf)
    $v0                                      0x08001a20   Number         0  dretinf.o(x$fpl$dretinf)
    x$fpl$dretinf                            0x08001a20   Section       12  dretinf.o(x$fpl$dretinf)
    $v0                                      0x08001a2c   Number         0  f2d.o(x$fpl$f2d)
    x$fpl$f2d                                0x08001a2c   Section       86  f2d.o(x$fpl$f2d)
    $v0                                      0x08001a82   Number         0  dcmp.o(x$fpl$fcmp)
    x$fpl$fcmp                               0x08001a82   Section       84  dcmp.o(x$fpl$fcmp)
    $v0                                      0x08001ad6   Number         0  fnaninf.o(x$fpl$fnaninf)
    x$fpl$fnaninf                            0x08001ad6   Section      140  fnaninf.o(x$fpl$fnaninf)
    $v0                                      0x08001b62   Number         0  fpinit.o(x$fpl$fpinit)
    x$fpl$fpinit                             0x08001b62   Section       26  fpinit.o(x$fpl$fpinit)
    x$fpl$usenofp                            0x08001b7c   Section        0  usenofp.o(x$fpl$usenofp)
    .bss                                     0x20000000   Section       96  libspace.o(.bss)
    Heap_Mem                                 0x200000c8   Data        1024  startup_gd32f450_470.o(HEAP)
    HEAP                                     0x200000c8   Section     1024  startup_gd32f450_470.o(HEAP)
    Stack_Mem                                0x200004c8   Data        1024  startup_gd32f450_470.o(STACK)
    STACK                                    0x200004c8   Section     1024  startup_gd32f450_470.o(STACK)
    __initial_sp                             0x200008c8   Data           0  startup_gd32f450_470.o(STACK)

    Global Symbols

    Symbol Name                              Value     Ov Type        Size  Object(Section)

    BuildAttributes$$THM_ISAv4$E$P$D$K$B$S$7EM$VFPi3$EXTD16$VFPS$VFMA$PE$A:L22UL41UL21$X:L11$S22US41US21$IEEE1$IW$~IW$USESV6$~STKCKD$USESV7$~SHL$OTIME$ROPI$EBA8$UX$STANDARDLIB$REQ8$PRES8$EABIv2 0x00000000   Number         0  anon$$obj.o ABSOLUTE
    __ARM_exceptions_init                     - Undefined Weak Reference
    __alloca_initialize                       - Undefined Weak Reference
    __arm_preinit_                            - Undefined Weak Reference
    __cpp_initialize__aeabi_                  - Undefined Weak Reference
    __cxa_finalize                            - Undefined Weak Reference
    __rt_locale                               - Undefined Weak Reference
    __sigvec_lookup                           - Undefined Weak Reference
    _atexit_init                              - Undefined Weak Reference
    _call_atexit_fns                          - Undefined Weak Reference
    _clock_init                               - Undefined Weak Reference
    _fp_trap_init                             - Undefined Weak Reference
    _fp_trap_shutdown                         - Undefined Weak Reference
    _get_lc_collate                           - Undefined Weak Reference
    _get_lc_ctype                             - Undefined Weak Reference
    _get_lc_monetary                          - Undefined Weak Reference
    _get_lc_numeric                           - Undefined Weak Reference
    _get_lc_time                              - Undefined Weak Reference
    _getenv_init                              - Undefined Weak Reference
    _handle_redirection                       - Undefined Weak Reference
    _init_alloc                               - Undefined Weak Reference
    _init_user_alloc                          - Undefined Weak Reference
    _initio                                   - Undefined Weak Reference
    _rand_init                                - Undefined Weak Reference
    _signal_finish                            - Undefined Weak Reference
    _signal_init                              - Undefined Weak Reference
    _terminate_alloc                          - Undefined Weak Reference
    _terminate_user_alloc                     - Undefined Weak Reference
    _terminateio                              - Undefined Weak Reference
    __Vectors_Size                           0x000001ac   Number         0  startup_gd32f450_470.o ABSOLUTE
    __Vectors                                0x08000000   Data           4  startup_gd32f450_470.o(RESET)
    __Vectors_End                            0x080001ac   Data           0  startup_gd32f450_470.o(RESET)
    __main                                   0x080001ad   Thumb Code     8  __main.o(!!!main)
    __scatterload                            0x080001b5   Thumb Code     0  __scatter.o(!!!scatter)
    __scatterload_rt2                        0x080001b5   Thumb Code    44  __scatter.o(!!!scatter)
    __scatterload_rt2_thumb_only             0x080001b5   Thumb Code     0  __scatter.o(!!!scatter)
    __scatterload_null                       0x080001c3   Thumb Code     0  __scatter.o(!!!scatter)
    __scatterload_zeroinit                   0x080001e9   Thumb Code    28  __scatter_zi.o(!!handler_zi)
    __rt_lib_init                            0x08000205   Thumb Code     0  libinit.o(.ARM.Collect$$libinit$$00000000)
    __rt_lib_init_fp_1                       0x08000207   Thumb Code     0  libinit2.o(.ARM.Collect$$libinit$$00000001)
    __rt_lib_init_alloca_1                   0x0800020b   Thumb Code     0  libinit2.o(.ARM.Collect$$libinit$$0000002E)
    __rt_lib_init_argv_1                     0x0800020b   Thumb Code     0  libinit2.o(.ARM.Collect$$libinit$$0000002C)
    __rt_lib_init_atexit_1                   0x0800020b   Thumb Code     0  libinit2.o(.ARM.Collect$$libinit$$0000001B)
    __rt_lib_init_clock_1                    0x0800020b   Thumb Code     0  libinit2.o(.ARM.Collect$$libinit$$00000021)
    __rt_lib_init_cpp_1                      0x0800020b   Thumb Code     0  libinit2.o(.ARM.Collect$$libinit$$00000032)
    __rt_lib_init_exceptions_1               0x0800020b   Thumb Code     0  libinit2.o(.ARM.Collect$$libinit$$00000030)
    __rt_lib_init_fp_trap_1                  0x0800020b   Thumb Code     0  libinit2.o(.ARM.Collect$$libinit$$0000001F)
    __rt_lib_init_getenv_1                   0x0800020b   Thumb Code     0  libinit2.o(.ARM.Collect$$libinit$$00000023)
    __rt_lib_init_heap_1                     0x0800020b   Thumb Code     0  libinit2.o(.ARM.Collect$$libinit$$0000000A)
    __rt_lib_init_lc_collate_1               0x0800020b   Thumb Code     0  libinit2.o(.ARM.Collect$$libinit$$00000011)
    __rt_lib_init_lc_ctype_1                 0x0800020b   Thumb Code     0  libinit2.o(.ARM.Collect$$libinit$$00000013)
    __rt_lib_init_lc_monetary_1              0x0800020b   Thumb Code     0  libinit2.o(.ARM.Collect$$libinit$$00000015)
    __rt_lib_init_lc_numeric_1               0x0800020b   Thumb Code     0  libinit2.o(.ARM.Collect$$libinit$$00000017)
    __rt_lib_init_lc_time_1                  0x0800020b   Thumb Code     0  libinit2.o(.ARM.Collect$$libinit$$00000019)
    __rt_lib_init_preinit_1                  0x0800020b   Thumb Code     0  libinit2.o(.ARM.Collect$$libinit$$00000004)
    __rt_lib_init_rand_1                     0x0800020b   Thumb Code     0  libinit2.o(.ARM.Collect$$libinit$$0000000E)
    __rt_lib_init_return                     0x0800020b   Thumb Code     0  libinit2.o(.ARM.Collect$$libinit$$00000033)
    __rt_lib_init_signal_1                   0x0800020b   Thumb Code     0  libinit2.o(.ARM.Collect$$libinit$$0000001D)
    __rt_lib_init_stdio_1                    0x0800020b   Thumb Code     0  libinit2.o(.ARM.Collect$$libinit$$00000025)
    __rt_lib_init_user_alloc_1               0x0800020b   Thumb Code     0  libinit2.o(.ARM.Collect$$libinit$$0000000C)
    __rt_lib_shutdown                        0x0800020d   Thumb Code     0  libshutdown.o(.ARM.Collect$$libshutdown$$00000000)
    __rt_lib_shutdown_cpp_1                  0x0800020f   Thumb Code     0  libshutdown2.o(.ARM.Collect$$libshutdown$$00000002)
    __rt_lib_shutdown_fp_trap_1              0x0800020f   Thumb Code     0  libshutdown2.o(.ARM.Collect$$libshutdown$$00000007)
    __rt_lib_shutdown_heap_1                 0x0800020f   Thumb Code     0  libshutdown2.o(.ARM.Collect$$libshutdown$$0000000F)
    __rt_lib_shutdown_return                 0x0800020f   Thumb Code     0  libshutdown2.o(.ARM.Collect$$libshutdown$$00000010)
    __rt_lib_shutdown_signal_1               0x0800020f   Thumb Code     0  libshutdown2.o(.ARM.Collect$$libshutdown$$0000000A)
    __rt_lib_shutdown_stdio_1                0x0800020f   Thumb Code     0  libshutdown2.o(.ARM.Collect$$libshutdown$$00000004)
    __rt_lib_shutdown_user_alloc_1           0x0800020f   Thumb Code     0  libshutdown2.o(.ARM.Collect$$libshutdown$$0000000C)
    __rt_entry                               0x08000211   Thumb Code     0  __rtentry.o(.ARM.Collect$$rtentry$$00000000)
    __rt_entry_presh_1                       0x08000211   Thumb Code     0  __rtentry2.o(.ARM.Collect$$rtentry$$00000002)
    __rt_entry_sh                            0x08000211   Thumb Code     0  __rtentry4.o(.ARM.Collect$$rtentry$$00000004)
    __rt_entry_li                            0x08000217   Thumb Code     0  __rtentry2.o(.ARM.Collect$$rtentry$$0000000A)
    __rt_entry_postsh_1                      0x08000217   Thumb Code     0  __rtentry2.o(.ARM.Collect$$rtentry$$00000009)
    __rt_entry_main                          0x0800021b   Thumb Code     0  __rtentry2.o(.ARM.Collect$$rtentry$$0000000D)
    __rt_entry_postli_1                      0x0800021b   Thumb Code     0  __rtentry2.o(.ARM.Collect$$rtentry$$0000000C)
    __rt_exit                                0x08000223   Thumb Code     0  rtexit.o(.ARM.Collect$$rtexit$$00000000)
    __rt_exit_ls                             0x08000225   Thumb Code     0  rtexit2.o(.ARM.Collect$$rtexit$$00000003)
    __rt_exit_prels_1                        0x08000225   Thumb Code     0  rtexit2.o(.ARM.Collect$$rtexit$$00000002)
    __rt_exit_exit                           0x08000229   Thumb Code     0  rtexit2.o(.ARM.Collect$$rtexit$$00000004)
    Reset_Handler                            0x08000231   Thumb Code     8  startup_gd32f450_470.o(.text)
    NMI_Handler                              0x08000239   Thumb Code     2  startup_gd32f450_470.o(.text)
    HardFault_Handler                        0x0800023b   Thumb Code     2  startup_gd32f450_470.o(.text)
    MemManage_Handler                        0x0800023d   Thumb Code     2  startup_gd32f450_470.o(.text)
    BusFault_Handler                         0x0800023f   Thumb Code     2  startup_gd32f450_470.o(.text)
    UsageFault_Handler                       0x08000241   Thumb Code     2  startup_gd32f450_470.o(.text)
    SVC_Handler                              0x08000243   Thumb Code     2  startup_gd32f450_470.o(.text)
    DebugMon_Handler                         0x08000245   Thumb Code     2  startup_gd32f450_470.o(.text)
    PendSV_Handler                           0x08000247   Thumb Code     2  startup_gd32f450_470.o(.text)
    SysTick_Handler                          0x08000249   Thumb Code     2  startup_gd32f450_470.o(.text)
    ADC_IRQHandler                           0x0800024b   Thumb Code     0  startup_gd32f450_470.o(.text)
    CAN0_EWMC_IRQHandler                     0x0800024b   Thumb Code     0  startup_gd32f450_470.o(.text)
    CAN0_RX0_IRQHandler                      0x0800024b   Thumb Code     0  startup_gd32f450_470.o(.text)
    CAN0_RX1_IRQHandler                      0x0800024b   Thumb Code     0  startup_gd32f450_470.o(.text)
    CAN0_TX_IRQHandler                       0x0800024b   Thumb Code     0  startup_gd32f450_470.o(.text)
    CAN1_EWMC_IRQHandler                     0x0800024b   Thumb Code     0  startup_gd32f450_470.o(.text)
    CAN1_RX0_IRQHandler                      0x0800024b   Thumb Code     0  startup_gd32f450_470.o(.text)
    CAN1_RX1_IRQHandler                      0x0800024b   Thumb Code     0  startup_gd32f450_470.o(.text)
    CAN1_TX_IRQHandler                       0x0800024b   Thumb Code     0  startup_gd32f450_470.o(.text)
    DCI_IRQHandler                           0x0800024b   Thumb Code     0  startup_gd32f450_470.o(.text)
    DMA0_Channel0_IRQHandler                 0x0800024b   Thumb Code     0  startup_gd32f450_470.o(.text)
    DMA0_Channel1_IRQHandler                 0x0800024b   Thumb Code     0  startup_gd32f450_470.o(.text)
    DMA0_Channel2_IRQHandler                 0x0800024b   Thumb Code     0  startup_gd32f450_470.o(.text)
    DMA0_Channel3_IRQHandler                 0x0800024b   Thumb Code     0  startup_gd32f450_470.o(.text)
    DMA0_Channel4_IRQHandler                 0x0800024b   Thumb Code     0  startup_gd32f450_470.o(.text)
    DMA0_Channel5_IRQHandler                 0x0800024b   Thumb Code     0  startup_gd32f450_470.o(.text)
    DMA0_Channel6_IRQHandler                 0x0800024b   Thumb Code     0  startup_gd32f450_470.o(.text)
    DMA0_Channel7_IRQHandler                 0x0800024b   Thumb Code     0  startup_gd32f450_470.o(.text)
    DMA1_Channel0_IRQHandler                 0x0800024b   Thumb Code     0  startup_gd32f450_470.o(.text)
    DMA1_Channel1_IRQHandler                 0x0800024b   Thumb Code     0  startup_gd32f450_470.o(.text)
    DMA1_Channel2_IRQHandler                 0x0800024b   Thumb Code     0  startup_gd32f450_470.o(.text)
    DMA1_Channel3_IRQHandler                 0x0800024b   Thumb Code     0  startup_gd32f450_470.o(.text)
    DMA1_Channel4_IRQHandler                 0x0800024b   Thumb Code     0  startup_gd32f450_470.o(.text)
    DMA1_Channel5_IRQHandler                 0x0800024b   Thumb Code     0  startup_gd32f450_470.o(.text)
    DMA1_Channel6_IRQHandler                 0x0800024b   Thumb Code     0  startup_gd32f450_470.o(.text)
    DMA1_Channel7_IRQHandler                 0x0800024b   Thumb Code     0  startup_gd32f450_470.o(.text)
    ENET_IRQHandler                          0x0800024b   Thumb Code     0  startup_gd32f450_470.o(.text)
    ENET_WKUP_IRQHandler                     0x0800024b   Thumb Code     0  startup_gd32f450_470.o(.text)
    EXMC_IRQHandler                          0x0800024b   Thumb Code     0  startup_gd32f450_470.o(.text)
    EXTI0_IRQHandler                         0x0800024b   Thumb Code     0  startup_gd32f450_470.o(.text)
    EXTI10_15_IRQHandler                     0x0800024b   Thumb Code     0  startup_gd32f450_470.o(.text)
    EXTI1_IRQHandler                         0x0800024b   Thumb Code     0  startup_gd32f450_470.o(.text)
    EXTI2_IRQHandler                         0x0800024b   Thumb Code     0  startup_gd32f450_470.o(.text)
    EXTI3_IRQHandler                         0x0800024b   Thumb Code     0  startup_gd32f450_470.o(.text)
    EXTI4_IRQHandler                         0x0800024b   Thumb Code     0  startup_gd32f450_470.o(.text)
    EXTI5_9_IRQHandler                       0x0800024b   Thumb Code     0  startup_gd32f450_470.o(.text)
    FMC_IRQHandler                           0x0800024b   Thumb Code     0  startup_gd32f450_470.o(.text)
    FPU_IRQHandler                           0x0800024b   Thumb Code     0  startup_gd32f450_470.o(.text)
    I2C0_ER_IRQHandler                       0x0800024b   Thumb Code     0  startup_gd32f450_470.o(.text)
    I2C0_EV_IRQHandler                       0x0800024b   Thumb Code     0  startup_gd32f450_470.o(.text)
    I2C1_ER_IRQHandler                       0x0800024b   Thumb Code     0  startup_gd32f450_470.o(.text)
    I2C1_EV_IRQHandler                       0x0800024b   Thumb Code     0  startup_gd32f450_470.o(.text)
    I2C2_ER_IRQHandler                       0x0800024b   Thumb Code     0  startup_gd32f450_470.o(.text)
    I2C2_EV_IRQHandler                       0x0800024b   Thumb Code     0  startup_gd32f450_470.o(.text)
    IPA_IRQHandler                           0x0800024b   Thumb Code     0  startup_gd32f450_470.o(.text)
    LVD_IRQHandler                           0x0800024b   Thumb Code     0  startup_gd32f450_470.o(.text)
    RCU_CTC_IRQHandler                       0x0800024b   Thumb Code     0  startup_gd32f450_470.o(.text)
    RTC_Alarm_IRQHandler                     0x0800024b   Thumb Code     0  startup_gd32f450_470.o(.text)
    RTC_WKUP_IRQHandler                      0x0800024b   Thumb Code     0  startup_gd32f450_470.o(.text)
    SDIO_IRQHandler                          0x0800024b   Thumb Code     0  startup_gd32f450_470.o(.text)
    SPI0_IRQHandler                          0x0800024b   Thumb Code     0  startup_gd32f450_470.o(.text)
    SPI1_IRQHandler                          0x0800024b   Thumb Code     0  startup_gd32f450_470.o(.text)
    SPI2_IRQHandler                          0x0800024b   Thumb Code     0  startup_gd32f450_470.o(.text)
    SPI3_IRQHandler                          0x0800024b   Thumb Code     0  startup_gd32f450_470.o(.text)
    SPI4_IRQHandler                          0x0800024b   Thumb Code     0  startup_gd32f450_470.o(.text)
    SPI5_IRQHandler                          0x0800024b   Thumb Code     0  startup_gd32f450_470.o(.text)
    TAMPER_STAMP_IRQHandler                  0x0800024b   Thumb Code     0  startup_gd32f450_470.o(.text)
    TIMER0_BRK_TIMER8_IRQHandler             0x0800024b   Thumb Code     0  startup_gd32f450_470.o(.text)
    TIMER0_Channel_IRQHandler                0x0800024b   Thumb Code     0  startup_gd32f450_470.o(.text)
    TIMER0_TRG_CMT_TIMER10_IRQHandler        0x0800024b   Thumb Code     0  startup_gd32f450_470.o(.text)
    TIMER0_UP_TIMER9_IRQHandler              0x0800024b   Thumb Code     0  startup_gd32f450_470.o(.text)
    TIMER1_IRQHandler                        0x0800024b   Thumb Code     0  startup_gd32f450_470.o(.text)
    TIMER2_IRQHandler                        0x0800024b   Thumb Code     0  startup_gd32f450_470.o(.text)
    TIMER3_IRQHandler                        0x0800024b   Thumb Code     0  startup_gd32f450_470.o(.text)
    TIMER4_IRQHandler                        0x0800024b   Thumb Code     0  startup_gd32f450_470.o(.text)
    TIMER5_DAC_IRQHandler                    0x0800024b   Thumb Code     0  startup_gd32f450_470.o(.text)
    TIMER6_IRQHandler                        0x0800024b   Thumb Code     0  startup_gd32f450_470.o(.text)
    TIMER7_BRK_TIMER11_IRQHandler            0x0800024b   Thumb Code     0  startup_gd32f450_470.o(.text)
    TIMER7_Channel_IRQHandler                0x0800024b   Thumb Code     0  startup_gd32f450_470.o(.text)
    TIMER7_TRG_CMT_TIMER13_IRQHandler        0x0800024b   Thumb Code     0  startup_gd32f450_470.o(.text)
    TIMER7_UP_TIMER12_IRQHandler             0x0800024b   Thumb Code     0  startup_gd32f450_470.o(.text)
    TLI_ER_IRQHandler                        0x0800024b   Thumb Code     0  startup_gd32f450_470.o(.text)
    TLI_IRQHandler                           0x0800024b   Thumb Code     0  startup_gd32f450_470.o(.text)
    TRNG_IRQHandler                          0x0800024b   Thumb Code     0  startup_gd32f450_470.o(.text)
    UART3_IRQHandler                         0x0800024b   Thumb Code     0  startup_gd32f450_470.o(.text)
    UART4_IRQHandler                         0x0800024b   Thumb Code     0  startup_gd32f450_470.o(.text)
    UART6_IRQHandler                         0x0800024b   Thumb Code     0  startup_gd32f450_470.o(.text)
    UART7_IRQHandler                         0x0800024b   Thumb Code     0  startup_gd32f450_470.o(.text)
    USART0_IRQHandler                        0x0800024b   Thumb Code     0  startup_gd32f450_470.o(.text)
    USART1_IRQHandler                        0x0800024b   Thumb Code     0  startup_gd32f450_470.o(.text)
    USART2_IRQHandler                        0x0800024b   Thumb Code     0  startup_gd32f450_470.o(.text)
    USART5_IRQHandler                        0x0800024b   Thumb Code     0  startup_gd32f450_470.o(.text)
    USBFS_IRQHandler                         0x0800024b   Thumb Code     0  startup_gd32f450_470.o(.text)
    USBFS_WKUP_IRQHandler                    0x0800024b   Thumb Code     0  startup_gd32f450_470.o(.text)
    USBHS_EP1_In_IRQHandler                  0x0800024b   Thumb Code     0  startup_gd32f450_470.o(.text)
    USBHS_EP1_Out_IRQHandler                 0x0800024b   Thumb Code     0  startup_gd32f450_470.o(.text)
    USBHS_IRQHandler                         0x0800024b   Thumb Code     0  startup_gd32f450_470.o(.text)
    USBHS_WKUP_IRQHandler                    0x0800024b   Thumb Code     0  startup_gd32f450_470.o(.text)
    WWDGT_IRQHandler                         0x0800024b   Thumb Code     0  startup_gd32f450_470.o(.text)
    __user_initial_stackheap                 0x0800024d   Thumb Code    10  startup_gd32f450_470.o(.text)
    __use_two_region_memory                  0x08000271   Thumb Code     2  heapauxi.o(.text)
    __rt_heap_escrow$2region                 0x08000273   Thumb Code     2  heapauxi.o(.text)
    __rt_heap_expand$2region                 0x08000275   Thumb Code     2  heapauxi.o(.text)
    __user_setup_stackheap                   0x08000277   Thumb Code    74  sys_stackheap_outer.o(.text)
    exit                                     0x080002c1   Thumb Code    18  exit.o(.text)
    __user_libspace                          0x080002d5   Thumb Code     8  libspace.o(.text)
    __user_perproc_libspace                  0x080002d5   Thumb Code     0  libspace.o(.text)
    __user_perthread_libspace                0x080002d5   Thumb Code     0  libspace.o(.text)
    _sys_exit                                0x080002dd   Thumb Code     8  sys_exit.o(.text)
    __I$use$semihosting                      0x080002e9   Thumb Code     0  use_no_semi.o(.text)
    __use_no_semihosting_swi                 0x080002e9   Thumb Code     2  use_no_semi.o(.text)
    __semihosting_library_function           0x080002eb   Thumb Code     0  indicate_semi.o(.text)
    E1_HT16K33_Init                          0x080002ed   Thumb Code    22  e1.o(.text.E1_HT16K33_Init)
    E1_HT16K33_clean                         0x08000305   Thumb Code    60  e1.o(.text.E1_HT16K33_clean)
    E1_HT16K33_display_data                  0x08000341   Thumb Code    80  e1.o(.text.E1_HT16K33_display_data)
    E1_HT16K33_display_off                   0x08000391   Thumb Code   110  e1.o(.text.E1_HT16K33_display_off)
    E1_I2C_1_ADDR_Init                       0x08000401   Thumb Code   146  e1.o(.text.E1_I2C_1_ADDR_Init)
    E1_I2C_ADDR_Init                         0x08000495   Thumb Code   146  e1.o(.text.E1_I2C_ADDR_Init)
    E1_PCA9685PW_Init                        0x08000529   Thumb Code    24  e1.o(.text.E1_PCA9685PW_Init)
    E1_PCA9685PW_off                         0x08000541   Thumb Code    52  e1.o(.text.E1_PCA9685PW_off)
    LED_Init                                 0x08000575   Thumb Code    52  led.o(.text.LED_Init)
    PCA9685_rgb_led_control                  0x080005a9   Thumb Code   294  e1.o(.text.PCA9685_rgb_led_control)
    S2_Gryo_ADDR_Init                        0x080006d1   Thumb Code   130  s2.o(.text.S2_Gryo_ADDR_Init)
    S2_Gryo_Init                             0x08000755   Thumb Code    18  s2.o(.text.S2_Gryo_Init)
    S2_Gryo_Settings                         0x08000769   Thumb Code   118  s2.o(.text.S2_Gryo_Settings)
    SystemInit                               0x080007e1   Thumb Code   186  system_gd32f4xx.o(.text.SystemInit)
    UserInit                                 0x0800089d   Thumb Code    52  main.o(.text.UserInit)
    delay                                    0x080008d1   Thumb Code    26  delay.o(.text.delay)
    getAccAng                                0x080008ed   Thumb Code   382  s2.o(.text.getAccAng)
    gpio_af_set                              0x08000a6d   Thumb Code   110  gd32f4xx_gpio.o(.text.gpio_af_set)
    gpio_bit_reset                           0x08000add   Thumb Code     4  gd32f4xx_gpio.o(.text.gpio_bit_reset)
    gpio_mode_set                            0x08000ae1   Thumb Code    84  gd32f4xx_gpio.o(.text.gpio_mode_set)
    gpio_output_options_set                  0x08000b35   Thumb Code    70  gd32f4xx_gpio.o(.text.gpio_output_options_set)
    i2c0_config                              0x08000b7d   Thumb Code    64  i2c.o(.text.i2c0_config)
    i2c0_gpio_config                         0x08000bbd   Thumb Code   100  i2c.o(.text.i2c0_gpio_config)
    i2c1_config                              0x08000c21   Thumb Code    64  i2c.o(.text.i2c1_config)
    i2c1_gpio_config                         0x08000c61   Thumb Code    90  i2c.o(.text.i2c1_gpio_config)
    i2c_ack_config                           0x08000cbd   Thumb Code    12  gd32f4xx_i2c.o(.text.i2c_ack_config)
    i2c_ackpos_config                        0x08000cc9   Thumb Code    12  gd32f4xx_i2c.o(.text.i2c_ackpos_config)
    i2c_addr_poll                            0x08000cd5   Thumb Code   116  i2c.o(.text.i2c_addr_poll)
    i2c_byte_write                           0x08000d49   Thumb Code   182  i2c.o(.text.i2c_byte_write)
    i2c_clock_config                         0x08000e01   Thumb Code   220  gd32f4xx_i2c.o(.text.i2c_clock_config)
    i2c_cmd_write                            0x08000edd   Thumb Code   158  i2c.o(.text.i2c_cmd_write)
    i2c_data_receive                         0x08000f7d   Thumb Code     6  gd32f4xx_i2c.o(.text.i2c_data_receive)
    i2c_data_transmit                        0x08000f85   Thumb Code     4  gd32f4xx_i2c.o(.text.i2c_data_transmit)
    i2c_delay_read                           0x08000f89   Thumb Code   516  i2c.o(.text.i2c_delay_read)
    i2c_enable                               0x0800118d   Thumb Code    10  gd32f4xx_i2c.o(.text.i2c_enable)
    i2c_flag_clear                           0x08001199   Thumb Code    38  gd32f4xx_i2c.o(.text.i2c_flag_clear)
    i2c_flag_get                             0x080011c1   Thumb Code    16  gd32f4xx_i2c.o(.text.i2c_flag_get)
    i2c_master_addressing                    0x080011d1   Thumb Code    14  gd32f4xx_i2c.o(.text.i2c_master_addressing)
    i2c_mode_addr_config                     0x080011e1   Thumb Code    26  gd32f4xx_i2c.o(.text.i2c_mode_addr_config)
    i2c_start_on_bus                         0x080011fd   Thumb Code    10  gd32f4xx_i2c.o(.text.i2c_start_on_bus)
    i2c_stop_on_bus                          0x08001209   Thumb Code    10  gd32f4xx_i2c.o(.text.i2c_stop_on_bus)
    judge_i2c_over_time                      0x08001215   Thumb Code    32  i2c.o(.text.judge_i2c_over_time)
    main                                     0x08001239   Thumb Code   832  main.o(.text.main)
    rcu_clock_freq_get                       0x08001579   Thumb Code   172  gd32f4xx_rcu.o(.text.rcu_clock_freq_get)
    rcu_periph_clock_enable                  0x0800163d   Thumb Code    30  gd32f4xx_rcu.o(.text.rcu_periph_clock_enable)
    s2_icm20608_accel_scaleget               0x0800165d   Thumb Code    70  s2.o(.text.s2_icm20608_accel_scaleget)
    s2_icm20608_gyro_scaleget                0x080016a5   Thumb Code    60  s2.o(.text.s2_icm20608_gyro_scaleget)
    setPWM                                   0x080016e1   Thumb Code    94  e1.o(.text.setPWM)
    __fpl_dcmp_Inf                           0x08001805   Thumb Code    24  dcmpi.o(x$fpl$dcmpinf)
    __aeabi_cdcmpeq                          0x0800181d   Thumb Code     0  deqf.o(x$fpl$deqf)
    _dcmpeq                                  0x0800181d   Thumb Code   120  deqf.o(x$fpl$deqf)
    __aeabi_cdcmpge                          0x08001895   Thumb Code     0  dgeqf.o(x$fpl$dgeqf)
    _dcmpge                                  0x08001895   Thumb Code   120  dgeqf.o(x$fpl$dgeqf)
    __aeabi_cdcmple                          0x0800190d   Thumb Code     0  dleqf.o(x$fpl$dleqf)
    _dcmple                                  0x0800190d   Thumb Code   120  dleqf.o(x$fpl$dleqf)
    __fpl_dcmple_InfNaN                      0x0800196f   Thumb Code     0  dleqf.o(x$fpl$dleqf)
    __fpl_dnaninf                            0x08001985   Thumb Code   156  dnaninf.o(x$fpl$dnaninf)
    __fpl_dretinf                            0x08001a21   Thumb Code    12  dretinf.o(x$fpl$dretinf)
    __aeabi_f2d                              0x08001a2d   Thumb Code     0  f2d.o(x$fpl$f2d)
    _f2d                                     0x08001a2d   Thumb Code    86  f2d.o(x$fpl$f2d)
    __aeabi_dcmpeq                           0x08001a83   Thumb Code     0  dcmp.o(x$fpl$fcmp)
    _deq                                     0x08001a83   Thumb Code    14  dcmp.o(x$fpl$fcmp)
    _dneq                                    0x08001a91   Thumb Code    14  dcmp.o(x$fpl$fcmp)
    __aeabi_dcmpgt                           0x08001a9f   Thumb Code     0  dcmp.o(x$fpl$fcmp)
    _dgr                                     0x08001a9f   Thumb Code    14  dcmp.o(x$fpl$fcmp)
    __aeabi_dcmpge                           0x08001aad   Thumb Code     0  dcmp.o(x$fpl$fcmp)
    _dgeq                                    0x08001aad   Thumb Code    14  dcmp.o(x$fpl$fcmp)
    __aeabi_dcmple                           0x08001abb   Thumb Code     0  dcmp.o(x$fpl$fcmp)
    _dleq                                    0x08001abb   Thumb Code    14  dcmp.o(x$fpl$fcmp)
    __aeabi_dcmplt                           0x08001ac9   Thumb Code     0  dcmp.o(x$fpl$fcmp)
    _dls                                     0x08001ac9   Thumb Code    14  dcmp.o(x$fpl$fcmp)
    __fpl_fnaninf                            0x08001ad7   Thumb Code   140  fnaninf.o(x$fpl$fnaninf)
    _fp_init                                 0x08001b63   Thumb Code    26  fpinit.o(x$fpl$fpinit)
    __fplib_config_fpu_vfp                   0x08001b7b   Thumb Code     0  fpinit.o(x$fpl$fpinit)
    __fplib_config_pureend_doubles           0x08001b7b   Thumb Code     0  fpinit.o(x$fpl$fpinit)
    __I$use$fp                               0x08001b7c   Number         0  usenofp.o(x$fpl$usenofp)
    disdata                                  0x08001b7c   Data          20  e1.o(.rodata.disdata)
    Region$$Table$$Base                      0x08001b90   Number         0  anon$$obj.o(Region$$Table)
    Region$$Table$$Limit                     0x08001ba0   Number         0  anon$$obj.o(Region$$Table)
    __libspace_start                         0x20000000   Data          96  libspace.o(.bss)
    __temporary_stack_top$libspace           0x20000060   Data           0  libspace.o(.bss)
    accRes                                   0x20000060   Data           2  s2.o(.bss.accRes)
    acc_x                                    0x20000064   Data           4  s2.o(.bss.acc_x)
    acc_y                                    0x20000068   Data           4  s2.o(.bss.acc_y)
    acc_z                                    0x2000006c   Data           4  s2.o(.bss.acc_z)
    angRes                                   0x20000070   Data           4  s2.o(.bss.angRes)
    ang_x                                    0x20000074   Data           4  s2.o(.bss.ang_x)
    ang_y                                    0x20000078   Data           4  s2.o(.bss.ang_y)
    ang_z                                    0x2000007c   Data           4  s2.o(.bss.ang_z)
    data                                     0x20000080   Data          14  s2.o(.bss.data)
    e1_nixie_tube_addr                       0x20000090   Data          12  e1.o(.bss.e1_nixie_tube_addr)
    e1_rgb_led_addr                          0x2000009c   Data          12  e1.o(.bss.e1_rgb_led_addr)
    i2c_over_time                            0x200000a8   Data           2  i2c.o(.bss.i2c_over_time)
    s2_gryo_addr                             0x200000ac   Data          12  s2.o(.bss.s2_gryo_addr)
    state                                    0x200000b8   Data           1  main.o(.bss.state)
    tp                                       0x200000ba   Data           2  s2.o(.bss.tp)
    x_acc_                                   0x200000bc   Data           2  s2.o(.bss.x_acc_)
    x_ang_                                   0x200000be   Data           2  s2.o(.bss.x_ang_)
    y_acc_                                   0x200000c0   Data           2  s2.o(.bss.y_acc_)
    y_ang_                                   0x200000c2   Data           2  s2.o(.bss.y_ang_)
    z_acc_                                   0x200000c4   Data           2  s2.o(.bss.z_acc_)
    z_ang_                                   0x200000c6   Data           2  s2.o(.bss.z_ang_)



==============================================================================

Memory Map of the image

  Image Entry point : 0x080001ad

  Load Region LR_IROM1 (Base: 0x08000000, Size: 0x00001ba0, Max: 0x00300000, ABSOLUTE)

    Execution Region ER_IROM1 (Exec base: 0x08000000, Load base: 0x08000000, Size: 0x00001ba0, Max: 0x00300000, ABSOLUTE)

    Exec Addr    Load Addr    Size         Type   Attr      Idx    E Section Name        Object

    0x08000000   0x08000000   0x000001ac   Data   RO            3    RESET               startup_gd32f450_470.o
    0x080001ac   0x080001ac   0x00000008   Code   RO         2188  * !!!main             c_w.l(__main.o)
    0x080001b4   0x080001b4   0x00000034   Code   RO         2384    !!!scatter          c_w.l(__scatter.o)
    0x080001e8   0x080001e8   0x0000001c   Code   RO         2386    !!handler_zi        c_w.l(__scatter_zi.o)
    0x08000204   0x08000204   0x00000002   Code   RO         2248    .ARM.Collect$$libinit$$00000000  c_w.l(libinit.o)
    0x08000206   0x08000206   0x00000004   Code   RO         2254    .ARM.Collect$$libinit$$00000001  c_w.l(libinit2.o)
    0x0800020a   0x0800020a   0x00000000   Code   RO         2257    .ARM.Collect$$libinit$$00000004  c_w.l(libinit2.o)
    0x0800020a   0x0800020a   0x00000000   Code   RO         2260    .ARM.Collect$$libinit$$0000000A  c_w.l(libinit2.o)
    0x0800020a   0x0800020a   0x00000000   Code   RO         2262    .ARM.Collect$$libinit$$0000000C  c_w.l(libinit2.o)
    0x0800020a   0x0800020a   0x00000000   Code   RO         2264    .ARM.Collect$$libinit$$0000000E  c_w.l(libinit2.o)
    0x0800020a   0x0800020a   0x00000000   Code   RO         2267    .ARM.Collect$$libinit$$00000011  c_w.l(libinit2.o)
    0x0800020a   0x0800020a   0x00000000   Code   RO         2269    .ARM.Collect$$libinit$$00000013  c_w.l(libinit2.o)
    0x0800020a   0x0800020a   0x00000000   Code   RO         2271    .ARM.Collect$$libinit$$00000015  c_w.l(libinit2.o)
    0x0800020a   0x0800020a   0x00000000   Code   RO         2273    .ARM.Collect$$libinit$$00000017  c_w.l(libinit2.o)
    0x0800020a   0x0800020a   0x00000000   Code   RO         2275    .ARM.Collect$$libinit$$00000019  c_w.l(libinit2.o)
    0x0800020a   0x0800020a   0x00000000   Code   RO         2277    .ARM.Collect$$libinit$$0000001B  c_w.l(libinit2.o)
    0x0800020a   0x0800020a   0x00000000   Code   RO         2279    .ARM.Collect$$libinit$$0000001D  c_w.l(libinit2.o)
    0x0800020a   0x0800020a   0x00000000   Code   RO         2281    .ARM.Collect$$libinit$$0000001F  c_w.l(libinit2.o)
    0x0800020a   0x0800020a   0x00000000   Code   RO         2283    .ARM.Collect$$libinit$$00000021  c_w.l(libinit2.o)
    0x0800020a   0x0800020a   0x00000000   Code   RO         2285    .ARM.Collect$$libinit$$00000023  c_w.l(libinit2.o)
    0x0800020a   0x0800020a   0x00000000   Code   RO         2287    .ARM.Collect$$libinit$$00000025  c_w.l(libinit2.o)
    0x0800020a   0x0800020a   0x00000000   Code   RO         2291    .ARM.Collect$$libinit$$0000002C  c_w.l(libinit2.o)
    0x0800020a   0x0800020a   0x00000000   Code   RO         2293    .ARM.Collect$$libinit$$0000002E  c_w.l(libinit2.o)
    0x0800020a   0x0800020a   0x00000000   Code   RO         2295    .ARM.Collect$$libinit$$00000030  c_w.l(libinit2.o)
    0x0800020a   0x0800020a   0x00000000   Code   RO         2297    .ARM.Collect$$libinit$$00000032  c_w.l(libinit2.o)
    0x0800020a   0x0800020a   0x00000002   Code   RO         2298    .ARM.Collect$$libinit$$00000033  c_w.l(libinit2.o)
    0x0800020c   0x0800020c   0x00000002   Code   RO         2320    .ARM.Collect$$libshutdown$$00000000  c_w.l(libshutdown.o)
    0x0800020e   0x0800020e   0x00000000   Code   RO         2335    .ARM.Collect$$libshutdown$$00000002  c_w.l(libshutdown2.o)
    0x0800020e   0x0800020e   0x00000000   Code   RO         2337    .ARM.Collect$$libshutdown$$00000004  c_w.l(libshutdown2.o)
    0x0800020e   0x0800020e   0x00000000   Code   RO         2340    .ARM.Collect$$libshutdown$$00000007  c_w.l(libshutdown2.o)
    0x0800020e   0x0800020e   0x00000000   Code   RO         2343    .ARM.Collect$$libshutdown$$0000000A  c_w.l(libshutdown2.o)
    0x0800020e   0x0800020e   0x00000000   Code   RO         2345    .ARM.Collect$$libshutdown$$0000000C  c_w.l(libshutdown2.o)
    0x0800020e   0x0800020e   0x00000000   Code   RO         2348    .ARM.Collect$$libshutdown$$0000000F  c_w.l(libshutdown2.o)
    0x0800020e   0x0800020e   0x00000002   Code   RO         2349    .ARM.Collect$$libshutdown$$00000010  c_w.l(libshutdown2.o)
    0x08000210   0x08000210   0x00000000   Code   RO         2206    .ARM.Collect$$rtentry$$00000000  c_w.l(__rtentry.o)
    0x08000210   0x08000210   0x00000000   Code   RO         2223    .ARM.Collect$$rtentry$$00000002  c_w.l(__rtentry2.o)
    0x08000210   0x08000210   0x00000006   Code   RO         2235    .ARM.Collect$$rtentry$$00000004  c_w.l(__rtentry4.o)
    0x08000216   0x08000216   0x00000000   Code   RO         2225    .ARM.Collect$$rtentry$$00000009  c_w.l(__rtentry2.o)
    0x08000216   0x08000216   0x00000004   Code   RO         2226    .ARM.Collect$$rtentry$$0000000A  c_w.l(__rtentry2.o)
    0x0800021a   0x0800021a   0x00000000   Code   RO         2228    .ARM.Collect$$rtentry$$0000000C  c_w.l(__rtentry2.o)
    0x0800021a   0x0800021a   0x00000008   Code   RO         2229    .ARM.Collect$$rtentry$$0000000D  c_w.l(__rtentry2.o)
    0x08000222   0x08000222   0x00000002   Code   RO         2252    .ARM.Collect$$rtexit$$00000000  c_w.l(rtexit.o)
    0x08000224   0x08000224   0x00000000   Code   RO         2300    .ARM.Collect$$rtexit$$00000002  c_w.l(rtexit2.o)
    0x08000224   0x08000224   0x00000004   Code   RO         2301    .ARM.Collect$$rtexit$$00000003  c_w.l(rtexit2.o)
    0x08000228   0x08000228   0x00000006   Code   RO         2302    .ARM.Collect$$rtexit$$00000004  c_w.l(rtexit2.o)
    0x0800022e   0x0800022e   0x00000002   PAD
    0x08000230   0x08000230   0x00000040   Code   RO            4    .text               startup_gd32f450_470.o
    0x08000270   0x08000270   0x00000006   Code   RO         2186    .text               c_w.l(heapauxi.o)
    0x08000276   0x08000276   0x0000004a   Code   RO         2239    .text               c_w.l(sys_stackheap_outer.o)
    0x080002c0   0x080002c0   0x00000012   Code   RO         2241    .text               c_w.l(exit.o)
    0x080002d2   0x080002d2   0x00000002   PAD
    0x080002d4   0x080002d4   0x00000008   Code   RO         2249    .text               c_w.l(libspace.o)
    0x080002dc   0x080002dc   0x0000000c   Code   RO         2310    .text               c_w.l(sys_exit.o)
    0x080002e8   0x080002e8   0x00000002   Code   RO         2325    .text               c_w.l(use_no_semi.o)
    0x080002ea   0x080002ea   0x00000000   Code   RO         2327    .text               c_w.l(indicate_semi.o)
    0x080002ea   0x080002ea   0x00000002   PAD
    0x080002ec   0x080002ec   0x00000016   Code   RO         2115    .text.E1_HT16K33_Init  e1.o
    0x08000302   0x08000302   0x00000002   PAD
    0x08000304   0x08000304   0x0000003c   Code   RO         2129    .text.E1_HT16K33_clean  e1.o
    0x08000340   0x08000340   0x00000050   Code   RO         2127    .text.E1_HT16K33_display_data  e1.o
    0x08000390   0x08000390   0x0000006e   Code   RO         2117    .text.E1_HT16K33_display_off  e1.o
    0x080003fe   0x080003fe   0x00000002   PAD
    0x08000400   0x08000400   0x00000092   Code   RO         2133    .text.E1_I2C_1_ADDR_Init  e1.o
    0x08000492   0x08000492   0x00000002   PAD
    0x08000494   0x08000494   0x00000092   Code   RO         2131    .text.E1_I2C_ADDR_Init  e1.o
    0x08000526   0x08000526   0x00000002   PAD
    0x08000528   0x08000528   0x00000018   Code   RO         2119    .text.E1_PCA9685PW_Init  e1.o
    0x08000540   0x08000540   0x00000034   Code   RO         2121    .text.E1_PCA9685PW_off  e1.o
    0x08000574   0x08000574   0x00000034   Code   RO         2159    .text.LED_Init      led.o
    0x080005a8   0x080005a8   0x00000126   Code   RO         2125    .text.PCA9685_rgb_led_control  e1.o
    0x080006ce   0x080006ce   0x00000002   PAD
    0x080006d0   0x080006d0   0x00000082   Code   RO         2077    .text.S2_Gryo_ADDR_Init  s2.o
    0x08000752   0x08000752   0x00000002   PAD
    0x08000754   0x08000754   0x00000012   Code   RO         2063    .text.S2_Gryo_Init  s2.o
    0x08000766   0x08000766   0x00000002   PAD
    0x08000768   0x08000768   0x00000076   Code   RO         2065    .text.S2_Gryo_Settings  s2.o
    0x080007de   0x080007de   0x00000002   PAD
    0x080007e0   0x080007e0   0x000000ba   Code   RO           11    .text.SystemInit    system_gd32f4xx.o
    0x0800089a   0x0800089a   0x00000002   PAD
    0x0800089c   0x0800089c   0x00000034   Code   RO         2146    .text.UserInit      main.o
    0x080008d0   0x080008d0   0x0000001a   Code   RO         2174    .text.delay         delay.o
    0x080008ea   0x080008ea   0x00000002   PAD
    0x080008ec   0x080008ec   0x0000017e   Code   RO         2071    .text.getAccAng     s2.o
    0x08000a6a   0x08000a6a   0x00000002   PAD
    0x08000a6c   0x08000a6c   0x0000006e   Code   RO          938    .text.gpio_af_set   gd32f4xx_gpio.o
    0x08000ada   0x08000ada   0x00000002   PAD
    0x08000adc   0x08000adc   0x00000004   Code   RO          924    .text.gpio_bit_reset  gd32f4xx_gpio.o
    0x08000ae0   0x08000ae0   0x00000054   Code   RO          918    .text.gpio_mode_set  gd32f4xx_gpio.o
    0x08000b34   0x08000b34   0x00000046   Code   RO          920    .text.gpio_output_options_set  gd32f4xx_gpio.o
    0x08000b7a   0x08000b7a   0x00000002   PAD
    0x08000b7c   0x08000b7c   0x00000040   Code   RO         2012    .text.i2c0_config   i2c.o
    0x08000bbc   0x08000bbc   0x00000064   Code   RO         2010    .text.i2c0_gpio_config  i2c.o
    0x08000c20   0x08000c20   0x00000040   Code   RO         2016    .text.i2c1_config   i2c.o
    0x08000c60   0x08000c60   0x0000005a   Code   RO         2014    .text.i2c1_gpio_config  i2c.o
    0x08000cba   0x08000cba   0x00000002   PAD
    0x08000cbc   0x08000cbc   0x0000000c   Code   RO          962    .text.i2c_ack_config  gd32f4xx_i2c.o
    0x08000cc8   0x08000cc8   0x0000000c   Code   RO          964    .text.i2c_ackpos_config  gd32f4xx_i2c.o
    0x08000cd4   0x08000cd4   0x00000074   Code   RO         2022    .text.i2c_addr_poll  i2c.o
    0x08000d48   0x08000d48   0x000000b6   Code   RO         2026    .text.i2c_byte_write  i2c.o
    0x08000dfe   0x08000dfe   0x00000002   PAD
    0x08000e00   0x08000e00   0x000000dc   Code   RO          956    .text.i2c_clock_config  gd32f4xx_i2c.o
    0x08000edc   0x08000edc   0x0000009e   Code   RO         2024    .text.i2c_cmd_write  i2c.o
    0x08000f7a   0x08000f7a   0x00000002   PAD
    0x08000f7c   0x08000f7c   0x00000006   Code   RO          982    .text.i2c_data_receive  gd32f4xx_i2c.o
    0x08000f82   0x08000f82   0x00000002   PAD
    0x08000f84   0x08000f84   0x00000004   Code   RO          980    .text.i2c_data_transmit  gd32f4xx_i2c.o
    0x08000f88   0x08000f88   0x00000204   Code   RO         2036    .text.i2c_delay_read  i2c.o
    0x0800118c   0x0800118c   0x0000000a   Code   RO          972    .text.i2c_enable    gd32f4xx_i2c.o
    0x08001196   0x08001196   0x00000002   PAD
    0x08001198   0x08001198   0x00000026   Code   RO         1020    .text.i2c_flag_clear  gd32f4xx_i2c.o
    0x080011be   0x080011be   0x00000002   PAD
    0x080011c0   0x080011c0   0x00000010   Code   RO         1018    .text.i2c_flag_get  gd32f4xx_i2c.o
    0x080011d0   0x080011d0   0x0000000e   Code   RO          966    .text.i2c_master_addressing  gd32f4xx_i2c.o
    0x080011de   0x080011de   0x00000002   PAD
    0x080011e0   0x080011e0   0x0000001a   Code   RO          958    .text.i2c_mode_addr_config  gd32f4xx_i2c.o
    0x080011fa   0x080011fa   0x00000002   PAD
    0x080011fc   0x080011fc   0x0000000a   Code   RO          976    .text.i2c_start_on_bus  gd32f4xx_i2c.o
    0x08001206   0x08001206   0x00000002   PAD
    0x08001208   0x08001208   0x0000000a   Code   RO          978    .text.i2c_stop_on_bus  gd32f4xx_i2c.o
    0x08001212   0x08001212   0x00000002   PAD
    0x08001214   0x08001214   0x00000020   Code   RO         2006    .text.judge_i2c_over_time  i2c.o
    0x08001234   0x08001234   0x00000004   PAD
    0x08001238   0x08001238   0x00000340   Code   RO         2148    .text.main          main.o
    0x08001578   0x08001578   0x000000c4   Code   RO         1288    .text.rcu_clock_freq_get  gd32f4xx_rcu.o
    0x0800163c   0x0800163c   0x0000001e   Code   RO         1200    .text.rcu_periph_clock_enable  gd32f4xx_rcu.o
    0x0800165a   0x0800165a   0x00000002   PAD
    0x0800165c   0x0800165c   0x00000046   Code   RO         2069    .text.s2_icm20608_accel_scaleget  s2.o
    0x080016a2   0x080016a2   0x00000002   PAD
    0x080016a4   0x080016a4   0x0000003c   Code   RO         2067    .text.s2_icm20608_gyro_scaleget  s2.o
    0x080016e0   0x080016e0   0x0000005e   Code   RO         2123    .text.setPWM        e1.o
    0x0800173e   0x0800173e   0x00000002   PAD
    0x08001740   0x08001740   0x000000bc   Code   RO           17    .text.system_clock_200m_25m_hxtal  system_gd32f4xx.o
    0x080017fc   0x080017fc   0x00000008   Code   RO           13    .text.system_clock_config  system_gd32f4xx.o
    0x08001804   0x08001804   0x00000018   Code   RO         2237    x$fpl$dcmpinf       fz_wm.l(dcmpi.o)
    0x0800181c   0x0800181c   0x00000078   Code   RO         2207    x$fpl$deqf          fz_wm.l(deqf.o)
    0x08001894   0x08001894   0x00000078   Code   RO         2209    x$fpl$dgeqf         fz_wm.l(dgeqf.o)
    0x0800190c   0x0800190c   0x00000078   Code   RO         2211    x$fpl$dleqf         fz_wm.l(dleqf.o)
    0x08001984   0x08001984   0x0000009c   Code   RO         2213    x$fpl$dnaninf       fz_wm.l(dnaninf.o)
    0x08001a20   0x08001a20   0x0000000c   Code   RO         2215    x$fpl$dretinf       fz_wm.l(dretinf.o)
    0x08001a2c   0x08001a2c   0x00000056   Code   RO         2204    x$fpl$f2d           fz_wm.l(f2d.o)
    0x08001a82   0x08001a82   0x00000054   Code   RO         2192    x$fpl$fcmp          fz_wm.l(dcmp.o)
    0x08001ad6   0x08001ad6   0x0000008c   Code   RO         2217    x$fpl$fnaninf       fz_wm.l(fnaninf.o)
    0x08001b62   0x08001b62   0x0000001a   Code   RO         2308    x$fpl$fpinit        fz_wm.l(fpinit.o)
    0x08001b7c   0x08001b7c   0x00000000   Code   RO         2221    x$fpl$usenofp       fz_wm.l(usenofp.o)
    0x08001b7c   0x08001b7c   0x00000014   Data   RO         2135    .rodata.disdata     e1.o
    0x08001b90   0x08001b90   0x00000010   Data   RO         2383    Region$$Table       anon$$obj.o


    Execution Region RW_IRAM1 (Exec base: 0x20000000, Load base: 0x08001ba0, Size: 0x000008c8, Max: 0x00030000, ABSOLUTE)

    Exec Addr    Load Addr    Size         Type   Attr      Idx    E Section Name        Object

    0x20000000        -       0x00000060   Zero   RW         2250    .bss                c_w.l(libspace.o)
    0x20000060        -       0x00000002   Zero   RW         2089    .bss.accRes         s2.o
    0x20000062   0x08001ba0   0x00000002   PAD
    0x20000064        -       0x00000004   Zero   RW         2102    .bss.acc_x          s2.o
    0x20000068        -       0x00000004   Zero   RW         2103    .bss.acc_y          s2.o
    0x2000006c        -       0x00000004   Zero   RW         2104    .bss.acc_z          s2.o
    0x20000070        -       0x00000004   Zero   RW         2090    .bss.angRes         s2.o
    0x20000074        -       0x00000004   Zero   RW         2099    .bss.ang_x          s2.o
    0x20000078        -       0x00000004   Zero   RW         2100    .bss.ang_y          s2.o
    0x2000007c        -       0x00000004   Zero   RW         2101    .bss.ang_z          s2.o
    0x20000080        -       0x0000000e   Zero   RW         2091    .bss.data           s2.o
    0x2000008e   0x08001ba0   0x00000002   PAD
    0x20000090        -       0x0000000c   Zero   RW         2136    .bss.e1_nixie_tube_addr  e1.o
    0x2000009c        -       0x0000000c   Zero   RW         2137    .bss.e1_rgb_led_addr  e1.o
    0x200000a8        -       0x00000002   Zero   RW         2038    .bss.i2c_over_time  i2c.o
    0x200000aa   0x08001ba0   0x00000002   PAD
    0x200000ac        -       0x0000000c   Zero   RW         2088    .bss.s2_gryo_addr   s2.o
    0x200000b8        -       0x00000001   Zero   RW         2150    .bss.state          main.o
    0x200000b9   0x08001ba0   0x00000001   PAD
    0x200000ba        -       0x00000002   Zero   RW         2095    .bss.tp             s2.o
    0x200000bc        -       0x00000002   Zero   RW         2092    .bss.x_acc_         s2.o
    0x200000be        -       0x00000002   Zero   RW         2096    .bss.x_ang_         s2.o
    0x200000c0        -       0x00000002   Zero   RW         2093    .bss.y_acc_         s2.o
    0x200000c2        -       0x00000002   Zero   RW         2097    .bss.y_ang_         s2.o
    0x200000c4        -       0x00000002   Zero   RW         2094    .bss.z_acc_         s2.o
    0x200000c6        -       0x00000002   Zero   RW         2098    .bss.z_ang_         s2.o
    0x200000c8        -       0x00000400   Zero   RW            2    HEAP                startup_gd32f450_470.o
    0x200004c8        -       0x00000400   Zero   RW            1    STACK               startup_gd32f450_470.o


==============================================================================

Image component sizes


      Code (inc. data)   RO Data    RW Data    ZI Data      Debug   Object Name

        26          0          0          0          0        715   delay.o
      1028          8         20          0         24       3833   e1.o
       268          0          0          0          0       5134   gd32f4xx_gpio.o
       378          0          0          0          0      11531   gd32f4xx_i2c.o
       226         28          0          0          0      17100   gd32f4xx_rcu.o
      1322          0          0          0          2       8300   i2c.o
        52          0          0          0          0       2049   led.o
       884         30          0          0          1        890   main.o
       778         20          0          0         70       5733   s2.o
        64         26        428          0       2048        944   startup_gd32f450_470.o
       382          0          0          0          0       2544   system_gd32f4xx.o

    ----------------------------------------------------------------------
      5464        112        464          0       2152      58773   Object Totals
         0          0         16          0          0          0   (incl. Generated)
        56          0          0          0          7          0   (incl. Padding)

    ----------------------------------------------------------------------

      Code (inc. data)   RO Data    RW Data    ZI Data      Debug   Library Member Name

         8          0          0          0          0         68   __main.o
         0          0          0          0          0          0   __rtentry.o
        12          0          0          0          0          0   __rtentry2.o
         6          0          0          0          0          0   __rtentry4.o
        52          8          0          0          0          0   __scatter.o
        28          0          0          0          0          0   __scatter_zi.o
        18          0          0          0          0         80   exit.o
         6          0          0          0          0        152   heapauxi.o
         0          0          0          0          0          0   indicate_semi.o
         2          0          0          0          0          0   libinit.o
         6          0          0          0          0          0   libinit2.o
         2          0          0          0          0          0   libshutdown.o
         2          0          0          0          0          0   libshutdown2.o
         8          4          0          0         96         68   libspace.o
         2          0          0          0          0          0   rtexit.o
        10          0          0          0          0          0   rtexit2.o
        12          4          0          0          0         68   sys_exit.o
        74          0          0          0          0         80   sys_stackheap_outer.o
         2          0          0          0          0         68   use_no_semi.o
        84          0          0          0          0        244   dcmp.o
        24          0          0          0          0        116   dcmpi.o
       120          4          0          0          0        140   deqf.o
       120          4          0          0          0        140   dgeqf.o
       120          4          0          0          0        140   dleqf.o
       156          4          0          0          0        140   dnaninf.o
        12          0          0          0          0        116   dretinf.o
        86          4          0          0          0        132   f2d.o
       140          4          0          0          0        132   fnaninf.o
        26          0          0          0          0        116   fpinit.o
         0          0          0          0          0          0   usenofp.o

    ----------------------------------------------------------------------
      1144         40          0          0         96       2000   Library Totals
         6          0          0          0          0          0   (incl. Padding)

    ----------------------------------------------------------------------

      Code (inc. data)   RO Data    RW Data    ZI Data      Debug   Library Name

       250         16          0          0         96        584   c_w.l
       888         24          0          0          0       1416   fz_wm.l

    ----------------------------------------------------------------------
      1144         40          0          0         96       2000   Library Totals

    ----------------------------------------------------------------------

==============================================================================


      Code (inc. data)   RO Data    RW Data    ZI Data      Debug   

      6608        152        464          0       2248      59469   Grand Totals
      6608        152        464          0       2248      59469   ELF Image Totals
      6608        152        464          0          0          0   ROM Totals

==============================================================================

    Total RO  Size (Code + RO Data)                 7072 (   6.91kB)
    Total RW  Size (RW Data + ZI Data)              2248 (   2.20kB)
    Total ROM Size (Code + RO Data + RW Data)       7072 (   6.91kB)

==============================================================================

