Component: ARM Compiler 5.06 update 7 (build 960) Tool: armlink [4d3601]

==============================================================================

Section Cross References

    startup_gd32f450_470.o(STACK) refers (Special) to heapauxi.o(.text) for __use_two_region_memory
    startup_gd32f450_470.o(HEAP) refers (Special) to heapauxi.o(.text) for __use_two_region_memory
    startup_gd32f450_470.o(RESET) refers (Special) to heapauxi.o(.text) for __use_two_region_memory
    startup_gd32f450_470.o(RESET) refers to startup_gd32f450_470.o(STACK) for __initial_sp
    startup_gd32f450_470.o(RESET) refers to startup_gd32f450_470.o(.text) for Reset_Handler
    startup_gd32f450_470.o(.text) refers (Special) to heapauxi.o(.text) for __use_two_region_memory
    startup_gd32f450_470.o(.text) refers to system_gd32f4xx.o(i.SystemInit) for SystemInit
    startup_gd32f450_470.o(.text) refers to __main.o(!!!main) for __main
    startup_gd32f450_470.o(.text) refers to startup_gd32f450_470.o(HEAP) for Heap_Mem
    startup_gd32f450_470.o(.text) refers to startup_gd32f450_470.o(STACK) for Stack_Mem
    system_gd32f4xx.o(i.SystemCoreClockUpdate) refers to system_gd32f4xx.o(.data) for SystemCoreClock
    system_gd32f4xx.o(i.SystemInit) refers to system_gd32f4xx.o(i.system_clock_config) for system_clock_config
    system_gd32f4xx.o(i.system_clock_config) refers to system_gd32f4xx.o(i.system_clock_200m_25m_hxtal) for system_clock_200m_25m_hxtal
    gd32f4xx_adc.o(i.adc_deinit) refers to gd32f4xx_rcu.o(i.rcu_periph_reset_enable) for rcu_periph_reset_enable
    gd32f4xx_adc.o(i.adc_deinit) refers to gd32f4xx_rcu.o(i.rcu_periph_reset_disable) for rcu_periph_reset_disable
    gd32f4xx_can.o(i.can_debug_freeze_disable) refers to gd32f4xx_dbg.o(i.dbg_periph_disable) for dbg_periph_disable
    gd32f4xx_can.o(i.can_debug_freeze_enable) refers to gd32f4xx_dbg.o(i.dbg_periph_enable) for dbg_periph_enable
    gd32f4xx_can.o(i.can_deinit) refers to gd32f4xx_rcu.o(i.rcu_periph_reset_enable) for rcu_periph_reset_enable
    gd32f4xx_can.o(i.can_deinit) refers to gd32f4xx_rcu.o(i.rcu_periph_reset_disable) for rcu_periph_reset_disable
    gd32f4xx_can.o(i.can_interrupt_flag_get) refers to gd32f4xx_can.o(i.can_receive_message_length_get) for can_receive_message_length_get
    gd32f4xx_can.o(i.can_interrupt_flag_get) refers to gd32f4xx_can.o(i.can_error_get) for can_error_get
    gd32f4xx_ctc.o(i.ctc_deinit) refers to gd32f4xx_rcu.o(i.rcu_periph_reset_enable) for rcu_periph_reset_enable
    gd32f4xx_ctc.o(i.ctc_deinit) refers to gd32f4xx_rcu.o(i.rcu_periph_reset_disable) for rcu_periph_reset_disable
    gd32f4xx_dac.o(i.dac_deinit) refers to gd32f4xx_rcu.o(i.rcu_periph_reset_enable) for rcu_periph_reset_enable
    gd32f4xx_dac.o(i.dac_deinit) refers to gd32f4xx_rcu.o(i.rcu_periph_reset_disable) for rcu_periph_reset_disable
    gd32f4xx_dci.o(i.dci_deinit) refers to gd32f4xx_rcu.o(i.rcu_periph_reset_enable) for rcu_periph_reset_enable
    gd32f4xx_dci.o(i.dci_deinit) refers to gd32f4xx_rcu.o(i.rcu_periph_reset_disable) for rcu_periph_reset_disable
    gd32f4xx_enet.o(i.enet_deinit) refers to gd32f4xx_rcu.o(i.rcu_periph_reset_enable) for rcu_periph_reset_enable
    gd32f4xx_enet.o(i.enet_deinit) refers to gd32f4xx_rcu.o(i.rcu_periph_reset_disable) for rcu_periph_reset_disable
    gd32f4xx_enet.o(i.enet_deinit) refers to gd32f4xx_enet.o(i.enet_initpara_reset) for enet_initpara_reset
    gd32f4xx_enet.o(i.enet_descriptors_chain_init) refers to gd32f4xx_enet.o(.bss) for txdesc_tab
    gd32f4xx_enet.o(i.enet_descriptors_chain_init) refers to gd32f4xx_enet.o(.data) for dma_current_txdesc
    gd32f4xx_enet.o(i.enet_descriptors_ring_init) refers to gd32f4xx_enet.o(.bss) for txdesc_tab
    gd32f4xx_enet.o(i.enet_descriptors_ring_init) refers to gd32f4xx_enet.o(.data) for dma_current_txdesc
    gd32f4xx_enet.o(i.enet_disable) refers to gd32f4xx_enet.o(i.enet_tx_disable) for enet_tx_disable
    gd32f4xx_enet.o(i.enet_disable) refers to gd32f4xx_enet.o(i.enet_rx_disable) for enet_rx_disable
    gd32f4xx_enet.o(i.enet_enable) refers to gd32f4xx_enet.o(i.enet_tx_enable) for enet_tx_enable
    gd32f4xx_enet.o(i.enet_enable) refers to gd32f4xx_enet.o(i.enet_rx_enable) for enet_rx_enable
    gd32f4xx_enet.o(i.enet_frame_receive) refers to gd32f4xx_enet.o(.data) for dma_current_rxdesc
    gd32f4xx_enet.o(i.enet_frame_transmit) refers to gd32f4xx_enet.o(.data) for dma_current_txdesc
    gd32f4xx_enet.o(i.enet_init) refers to gd32f4xx_enet.o(i.enet_phy_config) for enet_phy_config
    gd32f4xx_enet.o(i.enet_init) refers to gd32f4xx_enet.o(i.enet_delay) for enet_delay
    gd32f4xx_enet.o(i.enet_init) refers to gd32f4xx_enet.o(i.enet_default_init) for enet_default_init
    gd32f4xx_enet.o(i.enet_init) refers to gd32f4xx_enet.o(i.enet_phy_write_read) for enet_phy_write_read
    gd32f4xx_enet.o(i.enet_init) refers to gd32f4xx_enet.o(.bss) for enet_initpara
    gd32f4xx_enet.o(i.enet_initpara_config) refers to gd32f4xx_enet.o(.bss) for enet_initpara
[...]
    Removing s5.o(i.S5_NFC_Settings), (68 bytes).
    Removing s6.o(.rev16_text), (4 bytes).
    Removing s6.o(.revsh_text), (4 bytes).
    Removing s7.o(.rev16_text), (4 bytes).
    Removing s7.o(.revsh_text), (4 bytes).
    Removing e1.o(.rev16_text), (4 bytes).
    Removing e1.o(.revsh_text), (4 bytes).
    Removing e2.o(.rev16_text), (4 bytes).
    Removing e2.o(.revsh_text), (4 bytes).
    Removing e2.o(i.E2_PCA9685PW_PreScale), (22 bytes).
    Removing e3.o(.rev16_text), (4 bytes).
    Removing e3.o(.revsh_text), (4 bytes).
    Removing e4.o(.rev16_text), (4 bytes).
    Removing e4.o(.revsh_text), (4 bytes).
    Removing e4.o(i.WM8978_3D_Set), (18 bytes).
    Removing e4.o(i.WM8978_ADDA_Cfg), (64 bytes).
    Removing e4.o(i.WM8978_AUX_Gain), (54 bytes).
    Removing e4.o(i.WM8978_EQ1_Set), (50 bytes).
    Removing e4.o(i.WM8978_EQ2_Set), (40 bytes).
    Removing e4.o(i.WM8978_EQ3_Set), (40 bytes).
    Removing e4.o(i.WM8978_EQ4_Set), (40 bytes).
    Removing e4.o(i.WM8978_EQ5_Set), (40 bytes).
    Removing e4.o(i.WM8978_EQ_3D_Dir), (34 bytes).
    Removing e4.o(i.WM8978_HPvol_Set), (46 bytes).
    Removing e4.o(i.WM8978_I2S_Cfg), (28 bytes).
    Removing e4.o(i.WM8978_Init), (106 bytes).
    Removing e4.o(i.WM8978_Input_Cfg), (102 bytes).
    Removing e4.o(i.WM8978_LINEIN_Gain), (54 bytes).
    Removing e4.o(i.WM8978_MIC_Gain), (28 bytes).
    Removing e4.o(i.WM8978_Output_Cfg), (42 bytes).
    Removing e4.o(i.WM8978_Read_Reg), (16 bytes).
    Removing e4.o(i.WM8978_SPKvol_Set), (34 bytes).
    Removing e4.o(i.WM8978_Write_Reg), (192 bytes).
    Removing e4.o(i.e4_init), (30 bytes).
    Removing e4.o(i.e4_playback_config), (36 bytes).
    Removing e4.o(i.e4_sound_recording_config), (48 bytes).
    Removing e4.o(i.i2s_config), (284 bytes).
    Removing e4.o(.data), (116 bytes).
    Removing autocurtain.o(.rev16_text), (4 bytes).
    Removing autocurtain.o(.revsh_text), (4 bytes).
    Removing autocurtain.o(i.E3_S2_AutoCurtain), (364 bytes).
    Removing reverseradar.o(.rev16_text), (4 bytes).
    Removing reverseradar.o(.revsh_text), (4 bytes).
    Removing reverseradar.o(i.E1_S6_Reverse), (320 bytes).
    Removing irfaucet.o(.rev16_text), (4 bytes).
    Removing irfaucet.o(.revsh_text), (4 bytes).
    Removing irfaucet.o(i.E1_S7_FAUCET), (68 bytes).
    Removing main.o(.rev16_text), (4 bytes).
    Removing main.o(.revsh_text), (4 bytes).
    Removing main.o(i.SysTick_Init), (92 bytes).
    Removing main.o(.data), (4 bytes).
    Removing led.o(.rev16_text), (4 bytes).
    Removing led.o(.revsh_text), (4 bytes).
    Removing led.o(i.LED_BLINK), (16 bytes).
    Removing led.o(i.LED_Init), (48 bytes).
    Removing led.o(i.LED_OFF), (16 bytes).
    Removing led.o(i.LED_ON), (16 bytes).

993 unused section(s) (total 59365 bytes) removed from the image.

==============================================================================

Image Symbol Table

    Local Symbols

    Symbol Name                              Value     Ov Type        Size  Object(Section)

    ../clib/angel/boardlib.s                 0x00000000   Number         0  boardinit2.o ABSOLUTE
    ../clib/angel/boardlib.s                 0x00000000   Number         0  boardinit3.o ABSOLUTE
    ../clib/angel/boardlib.s                 0x00000000   Number         0  boardshut.o ABSOLUTE
    ../clib/angel/boardlib.s                 0x00000000   Number         0  boardinit1.o ABSOLUTE
    ../clib/angel/handlers.s                 0x00000000   Number         0  __scatter_zi.o ABSOLUTE
    ../clib/angel/handlers.s                 0x00000000   Number         0  __scatter_copy.o ABSOLUTE
    ../clib/angel/kernel.s                   0x00000000   Number         0  rtexit.o ABSOLUTE
    ../clib/angel/kernel.s                   0x00000000   Number         0  rtexit2.o ABSOLUTE
    ../clib/angel/kernel.s                   0x00000000   Number         0  __rtentry4.o ABSOLUTE
    ../clib/angel/kernel.s                   0x00000000   Number         0  __rtentry2.o ABSOLUTE
    ../clib/angel/kernel.s                   0x00000000   Number         0  __rtentry.o ABSOLUTE
    ../clib/angel/rt.s                       0x00000000   Number         0  rt_raise.o ABSOLUTE
    ../clib/angel/scatter.s                  0x00000000   Number         0  __scatter.o ABSOLUTE
    ../clib/angel/startup.s                  0x00000000   Number         0  __main.o ABSOLUTE
    ../clib/angel/sys.s                      0x00000000   Number         0  libspace.o ABSOLUTE
    ../clib/angel/sys.s                      0x00000000   Number         0  use_no_semi.o ABSOLUTE
    ../clib/angel/sys.s                      0x00000000   Number         0  indicate_semi.o ABSOLUTE
    ../clib/angel/sys.s                      0x00000000   Number         0  sys_stackheap_outer.o ABSOLUTE
    ../clib/angel/sysapp.c                   0x00000000   Number         0  sys_wrch.o ABSOLUTE
    ../clib/angel/sysapp.c                   0x00000000   Number         0  sys_exit.o ABSOLUTE
    ../clib/angel/sysapp.c                   0x00000000   Number         0  sys_command.o ABSOLUTE
    ../clib/armsys.c                         0x00000000   Number         0  _get_argv_nomalloc.o ABSOLUTE
    ../clib/armsys.c                         0x00000000   Number         0  argv_veneer.o ABSOLUTE
    ../clib/armsys.c                         0x00000000   Number         0  argv_veneer.o ABSOLUTE
    ../clib/armsys.c                         0x00000000   Number         0  no_argv.o ABSOLUTE
    ../clib/heapalloc.c                      0x00000000   Number         0  hrguard.o ABSOLUTE
    ../clib/heapaux.c                        0x00000000   Number         0  heapauxi.o ABSOLUTE
    ../clib/libinit.s                        0x00000000   Number         0  libinit2.o ABSOLUTE
    ../clib/libinit.s                        0x00000000   Number         0  libinit.o ABSOLUTE
    ../clib/libinit.s                        0x00000000   Number         0  libshutdown.o ABSOLUTE
    ../clib/libinit.s                        0x00000000   Number         0  libshutdown2.o ABSOLUTE
    ../clib/signal.c                         0x00000000   Number         0  defsig_rtmem_outer.o ABSOLUTE
    ../clib/signal.c                         0x00000000   Number         0  defsig_general.o ABSOLUTE
    ../clib/signal.c                         0x00000000   Number         0  defsig_cppl_inner.o ABSOLUTE
    ../clib/signal.c                         0x00000000   Number         0  __raise.o ABSOLUTE
    ../clib/signal.c                         0x00000000   Number         0  defsig_rtmem_formal.o ABSOLUTE
    ../clib/signal.c                         0x00000000   Number         0  defsig_rtmem_inner.o ABSOLUTE
    ../clib/signal.c                         0x00000000   Number         0  defsig_exit.o ABSOLUTE
    ../clib/signal.c                         0x00000000   Number         0  defsig_stak_inner.o ABSOLUTE
    ../clib/signal.c                         0x00000000   Number         0  defsig_other.o ABSOLUTE
    ../clib/signal.c                         0x00000000   Number         0  defsig_segv_inner.o ABSOLUTE
    ../clib/signal.c                         0x00000000   Number         0  defsig_pvfn_inner.o ABSOLUTE
    ../clib/signal.c                         0x00000000   Number         0  defsig_rtred_inner.o ABSOLUTE
    ../clib/signal.c                         0x00000000   Number         0  defsig_fpe_inner.o ABSOLUTE
    ../clib/signal.c                         0x00000000   Number         0  defsig_abrt_inner.o ABSOLUTE
    ../clib/signal.s                         0x00000000   Number         0  defsig.o ABSOLUTE
    ../clib/stdlib.c                         0x00000000   Number         0  exit.o ABSOLUTE
    ../fplib/d2f.s                           0x00000000   Number         0  d2f.o ABSOLUTE
    ../fplib/ddiv.s                          0x00000000   Number         0  ddiv.o ABSOLUTE
    ../fplib/dflt.s                          0x00000000   Number         0  dflt_clz.o ABSOLUTE
    ../fplib/dnaninf.s                       0x00000000   Number         0  dnaninf.o ABSOLUTE
    ../fplib/dretinf.s                       0x00000000   Number         0  dretinf.o ABSOLUTE
    ../fplib/fpinit.s                        0x00000000   Number         0  fpinit.o ABSOLUTE
    ../fplib/fretinf.s                       0x00000000   Number         0  fretinf.o ABSOLUTE
    ../fplib/usenofp.s                       0x00000000   Number         0  usenofp.o ABSOLUTE
    ..\GD32F450Z_BSP\src\BoardSys.c          0x00000000   Number         0  boardsys.o ABSOLUTE
    ..\GD32F450Z_BSP\src\autoCurtain.c       0x00000000   Number         0  autocurtain.o ABSOLUTE
    ..\GD32F450Z_BSP\src\e1.c                0x00000000   Number         0  e1.o ABSOLUTE
    ..\GD32F450Z_BSP\src\e2.c                0x00000000   Number         0  e2.o ABSOLUTE
    ..\GD32F450Z_BSP\src\e3.c                0x00000000   Number         0  e3.o ABSOLUTE
    ..\GD32F450Z_BSP\src\e4.c                0x00000000   Number         0  e4.o ABSOLUTE
    ..\GD32F450Z_BSP\src\gd32f450z_eval.c    0x00000000   Number         0  gd32f450z_eval.o ABSOLUTE
    ..\GD32F450Z_BSP\src\i2c.c               0x00000000   Number         0  i2c.o ABSOLUTE
    ..\GD32F450Z_BSP\src\i2s.c               0x00000000   Number         0  i2s.o ABSOLUTE
    ..\GD32F450Z_BSP\src\irFaucet.c          0x00000000   Number         0  irfaucet.o ABSOLUTE
    ..\GD32F450Z_BSP\src\reverseRadar.c      0x00000000   Number         0  reverseradar.o ABSOLUTE
    ..\GD32F450Z_BSP\src\s1.c                0x00000000   Number         0  s1.o ABSOLUTE
    ..\GD32F450Z_BSP\src\s2.c                0x00000000   Number         0  s2.o ABSOLUTE
    ..\GD32F450Z_BSP\src\s5.c                0x00000000   Number         0  s5.o ABSOLUTE
    ..\GD32F450Z_BSP\src\s6.c                0x00000000   Number         0  s6.o ABSOLUTE
    ..\GD32F450Z_BSP\src\s7.c                0x00000000   Number         0  s7.o ABSOLUTE
    ..\GD32F450Z_BSP\src\systick.c           0x00000000   Number         0  systick.o ABSOLUTE
    ..\GD32F450Z_BSP\src\timer.c             0x00000000   Number         0  timer.o ABSOLUTE
    ..\StdPeriph-Driver\CMSIS\startup_gd32f450_470.s 0x00000000   Number         0  startup_gd32f450_470.o ABSOLUTE
    ..\StdPeriph-Driver\CMSIS\system_gd32f4xx.c 0x00000000   Number         0  system_gd32f4xx.o ABSOLUTE
    ..\StdPeriph-Driver\gd32f4xx_adc.c       0x00000000   Number         0  gd32f4xx_adc.o ABSOLUTE
    ..\StdPeriph-Driver\gd32f4xx_can.c       0x00000000   Number         0  gd32f4xx_can.o ABSOLUTE
    ..\StdPeriph-Driver\gd32f4xx_crc.c       0x00000000   Number         0  gd32f4xx_crc.o ABSOLUTE
    ..\StdPeriph-Driver\gd32f4xx_ctc.c       0x00000000   Number         0  gd32f4xx_ctc.o ABSOLUTE
    ..\StdPeriph-Driver\gd32f4xx_dac.c       0x00000000   Number         0  gd32f4xx_dac.o ABSOLUTE
    ..\StdPeriph-Driver\gd32f4xx_dbg.c       0x00000000   Number         0  gd32f4xx_dbg.o ABSOLUTE
    ..\StdPeriph-Driver\gd32f4xx_dci.c       0x00000000   Number         0  gd32f4xx_dci.o ABSOLUTE
    ..\StdPeriph-Driver\gd32f4xx_dma.c       0x00000000   Number         0  gd32f4xx_dma.o ABSOLUTE
    ..\StdPeriph-Driver\gd32f4xx_enet.c      0x00000000   Number         0  gd32f4xx_enet.o ABSOLUTE
    ..\StdPeriph-Driver\gd32f4xx_exmc.c      0x00000000   Number         0  gd32f4xx_exmc.o ABSOLUTE
    ..\StdPeriph-Driver\gd32f4xx_exti.c      0x00000000   Number         0  gd32f4xx_exti.o ABSOLUTE
    ..\StdPeriph-Driver\gd32f4xx_fmc.c       0x00000000   Number         0  gd32f4xx_fmc.o ABSOLUTE
    ..\StdPeriph-Driver\gd32f4xx_fwdgt.c     0x00000000   Number         0  gd32f4xx_fwdgt.o ABSOLUTE
    ..\StdPeriph-Driver\gd32f4xx_gpio.c      0x00000000   Number         0  gd32f4xx_gpio.o ABSOLUTE
    ..\StdPeriph-Driver\gd32f4xx_i2c.c       0x00000000   Number         0  gd32f4xx_i2c.o ABSOLUTE
    ..\StdPeriph-Driver\gd32f4xx_ipa.c       0x00000000   Number         0  gd32f4xx_ipa.o ABSOLUTE
    ..\StdPeriph-Driver\gd32f4xx_iref.c      0x00000000   Number         0  gd32f4xx_iref.o ABSOLUTE
    ..\StdPeriph-Driver\gd32f4xx_misc.c      0x00000000   Number         0  gd32f4xx_misc.o ABSOLUTE
    ..\StdPeriph-Driver\gd32f4xx_pmu.c       0x00000000   Number         0  gd32f4xx_pmu.o ABSOLUTE
    ..\StdPeriph-Driver\gd32f4xx_rcu.c       0x00000000   Number         0  gd32f4xx_rcu.o ABSOLUTE
    ..\StdPeriph-Driver\gd32f4xx_rtc.c       0x00000000   Number         0  gd32f4xx_rtc.o ABSOLUTE
    ..\StdPeriph-Driver\gd32f4xx_sdio.c      0x00000000   Number         0  gd32f4xx_sdio.o ABSOLUTE
    ..\StdPeriph-Driver\gd32f4xx_spi.c       0x00000000   Number         0  gd32f4xx_spi.o ABSOLUTE
    ..\StdPeriph-Driver\gd32f4xx_syscfg.c    0x00000000   Number         0  gd32f4xx_syscfg.o ABSOLUTE
    ..\StdPeriph-Driver\gd32f4xx_timer.c     0x00000000   Number         0  gd32f4xx_timer.o ABSOLUTE
    ..\StdPeriph-Driver\gd32f4xx_tli.c       0x00000000   Number         0  gd32f4xx_tli.o ABSOLUTE
    ..\StdPeriph-Driver\gd32f4xx_trng.c      0x00000000   Number         0  gd32f4xx_trng.o ABSOLUTE
    ..\StdPeriph-Driver\gd32f4xx_usart.c     0x00000000   Number         0  gd32f4xx_usart.o ABSOLUTE
    ..\StdPeriph-Driver\gd32f4xx_wwdgt.c     0x00000000   Number         0  gd32f4xx_wwdgt.o ABSOLUTE
    ..\User\led.c                            0x00000000   Number         0  led.o ABSOLUTE
    ..\User\main.c                           0x00000000   Number         0  main.o ABSOLUTE
    ..\\GD32F450Z_BSP\\src\\BoardSys.c       0x00000000   Number         0  boardsys.o ABSOLUTE
    ..\\GD32F450Z_BSP\\src\\autoCurtain.c    0x00000000   Number         0  autocurtain.o ABSOLUTE
    ..\\GD32F450Z_BSP\\src\\e1.c             0x00000000   Number         0  e1.o ABSOLUTE
    ..\\GD32F450Z_BSP\\src\\e2.c             0x00000000   Number         0  e2.o ABSOLUTE
    ..\\GD32F450Z_BSP\\src\\e3.c             0x00000000   Number         0  e3.o ABSOLUTE
    ..\\GD32F450Z_BSP\\src\\e4.c             0x00000000   Number         0  e4.o ABSOLUTE
    ..\\GD32F450Z_BSP\\src\\gd32f450z_eval.c 0x00000000   Number         0  gd32f450z_eval.o ABSOLUTE
    ..\\GD32F450Z_BSP\\src\\i2c.c            0x00000000   Number         0  i2c.o ABSOLUTE
    ..\\GD32F450Z_BSP\\src\\i2s.c            0x00000000   Number         0  i2s.o ABSOLUTE
    ..\\GD32F450Z_BSP\\src\\irFaucet.c       0x00000000   Number         0  irfaucet.o ABSOLUTE
    ..\\GD32F450Z_BSP\\src\\reverseRadar.c   0x00000000   Number         0  reverseradar.o ABSOLUTE
    ..\\GD32F450Z_BSP\\src\\s1.c             0x00000000   Number         0  s1.o ABSOLUTE
    ..\\GD32F450Z_BSP\\src\\s2.c             0x00000000   Number         0  s2.o ABSOLUTE
    ..\\GD32F450Z_BSP\\src\\s5.c             0x00000000   Number         0  s5.o ABSOLUTE
    ..\\GD32F450Z_BSP\\src\\s6.c             0x00000000   Number         0  s6.o ABSOLUTE
    ..\\GD32F450Z_BSP\\src\\s7.c             0x00000000   Number         0  s7.o ABSOLUTE
    ..\\GD32F450Z_BSP\\src\\systick.c        0x00000000   Number         0  systick.o ABSOLUTE
    ..\\GD32F450Z_BSP\\src\\timer.c          0x00000000   Number         0  timer.o ABSOLUTE
    ..\\StdPeriph-Driver\\CMSIS\\system_gd32f4xx.c 0x00000000   Number         0  system_gd32f4xx.o ABSOLUTE
    ..\\StdPeriph-Driver\\gd32f4xx_adc.c     0x00000000   Number         0  gd32f4xx_adc.o ABSOLUTE
    ..\\StdPeriph-Driver\\gd32f4xx_can.c     0x00000000   Number         0  gd32f4xx_can.o ABSOLUTE
    ..\\StdPeriph-Driver\\gd32f4xx_crc.c     0x00000000   Number         0  gd32f4xx_crc.o ABSOLUTE
    ..\\StdPeriph-Driver\\gd32f4xx_ctc.c     0x00000000   Number         0  gd32f4xx_ctc.o ABSOLUTE
    ..\\StdPeriph-Driver\\gd32f4xx_dac.c     0x00000000   Number         0  gd32f4xx_dac.o ABSOLUTE
    ..\\StdPeriph-Driver\\gd32f4xx_dbg.c     0x00000000   Number         0  gd32f4xx_dbg.o ABSOLUTE
    ..\\StdPeriph-Driver\\gd32f4xx_dci.c     0x00000000   Number         0  gd32f4xx_dci.o ABSOLUTE
    ..\\StdPeriph-Driver\\gd32f4xx_dma.c     0x00000000   Number         0  gd32f4xx_dma.o ABSOLUTE
    ..\\StdPeriph-Driver\\gd32f4xx_enet.c    0x00000000   Number         0  gd32f4xx_enet.o ABSOLUTE
    ..\\StdPeriph-Driver\\gd32f4xx_exmc.c    0x00000000   Number         0  gd32f4xx_exmc.o ABSOLUTE
    ..\\StdPeriph-Driver\\gd32f4xx_exti.c    0x00000000   Number         0  gd32f4xx_exti.o ABSOLUTE
    ..\\StdPeriph-Driver\\gd32f4xx_fmc.c     0x00000000   Number         0  gd32f4xx_fmc.o ABSOLUTE
    ..\\StdPeriph-Driver\\gd32f4xx_fwdgt.c   0x00000000   Number         0  gd32f4xx_fwdgt.o ABSOLUTE
    ..\\StdPeriph-Driver\\gd32f4xx_gpio.c    0x00000000   Number         0  gd32f4xx_gpio.o ABSOLUTE
    ..\\StdPeriph-Driver\\gd32f4xx_i2c.c     0x00000000   Number         0  gd32f4xx_i2c.o ABSOLUTE
    ..\\StdPeriph-Driver\\gd32f4xx_ipa.c     0x00000000   Number         0  gd32f4xx_ipa.o ABSOLUTE
    ..\\StdPeriph-Driver\\gd32f4xx_iref.c    0x00000000   Number         0  gd32f4xx_iref.o ABSOLUTE
    ..\\StdPeriph-Driver\\gd32f4xx_misc.c    0x00000000   Number         0  gd32f4xx_misc.o ABSOLUTE
    ..\\StdPeriph-Driver\\gd32f4xx_pmu.c     0x00000000   Number         0  gd32f4xx_pmu.o ABSOLUTE
    ..\\StdPeriph-Driver\\gd32f4xx_rcu.c     0x00000000   Number         0  gd32f4xx_rcu.o ABSOLUTE
    ..\\StdPeriph-Driver\\gd32f4xx_rtc.c     0x00000000   Number         0  gd32f4xx_rtc.o ABSOLUTE
    ..\\StdPeriph-Driver\\gd32f4xx_sdio.c    0x00000000   Number         0  gd32f4xx_sdio.o ABSOLUTE
    ..\\StdPeriph-Driver\\gd32f4xx_spi.c     0x00000000   Number         0  gd32f4xx_spi.o ABSOLUTE
    ..\\StdPeriph-Driver\\gd32f4xx_syscfg.c  0x00000000   Number         0  gd32f4xx_syscfg.o ABSOLUTE
    ..\\StdPeriph-Driver\\gd32f4xx_timer.c   0x00000000   Number         0  gd32f4xx_timer.o ABSOLUTE
    ..\\StdPeriph-Driver\\gd32f4xx_tli.c     0x00000000   Number         0  gd32f4xx_tli.o ABSOLUTE
    ..\\StdPeriph-Driver\\gd32f4xx_trng.c    0x00000000   Number         0  gd32f4xx_trng.o ABSOLUTE
    ..\\StdPeriph-Driver\\gd32f4xx_usart.c   0x00000000   Number         0  gd32f4xx_usart.o ABSOLUTE
    ..\\StdPeriph-Driver\\gd32f4xx_wwdgt.c   0x00000000   Number         0  gd32f4xx_wwdgt.o ABSOLUTE
    ..\\User\\led.c                          0x00000000   Number         0  led.o ABSOLUTE
    ..\\User\\main.c                         0x00000000   Number         0  main.o ABSOLUTE
    dc.s                                     0x00000000   Number         0  dc.o ABSOLUTE
    RESET                                    0x08000000   Section      428  startup_gd32f450_470.o(RESET)
    !!!main                                  0x080001ac   Section        8  __main.o(!!!main)
    !!!scatter                               0x080001b4   Section       52  __scatter.o(!!!scatter)
    !!handler_copy                           0x080001e8   Section       26  __scatter_copy.o(!!handler_copy)
    !!handler_zi                             0x08000204   Section       28  __scatter_zi.o(!!handler_zi)
    .ARM.Collect$$libinit$$00000000          0x08000220   Section        2  libinit.o(.ARM.Collect$$libinit$$00000000)
    .ARM.Collect$$libinit$$00000001          0x08000222   Section        4  libinit2.o(.ARM.Collect$$libinit$$00000001)
    .ARM.Collect$$libinit$$00000004          0x08000226   Section        0  libinit2.o(.ARM.Collect$$libinit$$00000004)
    .ARM.Collect$$libinit$$0000000A          0x08000226   Section        0  libinit2.o(.ARM.Collect$$libinit$$0000000A)
    .ARM.Collect$$libinit$$0000000C          0x08000226   Section        0  libinit2.o(.ARM.Collect$$libinit$$0000000C)
    .ARM.Collect$$libinit$$0000000E          0x08000226   Section        0  libinit2.o(.ARM.Collect$$libinit$$0000000E)
    .ARM.Collect$$libinit$$00000011          0x08000226   Section        0  libinit2.o(.ARM.Collect$$libinit$$00000011)
    .ARM.Collect$$libinit$$00000013          0x08000226   Section        0  libinit2.o(.ARM.Collect$$libinit$$00000013)
    .ARM.Collect$$libinit$$00000015          0x08000226   Section        0  libinit2.o(.ARM.Collect$$libinit$$00000015)
    .ARM.Collect$$libinit$$00000017          0x08000226   Section        0  libinit2.o(.ARM.Collect$$libinit$$00000017)
    .ARM.Collect$$libinit$$00000019          0x08000226   Section        0  libinit2.o(.ARM.Collect$$libinit$$00000019)
    .ARM.Collect$$libinit$$0000001B          0x08000226   Section        0  libinit2.o(.ARM.Collect$$libinit$$0000001B)
    .ARM.Collect$$libinit$$0000001D          0x08000226   Section        0  libinit2.o(.ARM.Collect$$libinit$$0000001D)
    .ARM.Collect$$libinit$$0000001F          0x08000226   Section        0  libinit2.o(.ARM.Collect$$libinit$$0000001F)
    .ARM.Collect$$libinit$$00000021          0x08000226   Section        0  libinit2.o(.ARM.Collect$$libinit$$00000021)
    .ARM.Collect$$libinit$$00000023          0x08000226   Section        0  libinit2.o(.ARM.Collect$$libinit$$00000023)
    .ARM.Collect$$libinit$$00000025          0x08000226   Section        0  libinit2.o(.ARM.Collect$$libinit$$00000025)
    .ARM.Collect$$libinit$$0000002C          0x08000226   Section        0  libinit2.o(.ARM.Collect$$libinit$$0000002C)
    .ARM.Collect$$libinit$$0000002E          0x08000226   Section        0  libinit2.o(.ARM.Collect$$libinit$$0000002E)
    .ARM.Collect$$libinit$$00000030          0x08000226   Section        0  libinit2.o(.ARM.Collect$$libinit$$00000030)
    .ARM.Collect$$libinit$$00000032          0x08000226   Section        0  libinit2.o(.ARM.Collect$$libinit$$00000032)
    .ARM.Collect$$libinit$$00000033          0x08000226   Section        2  libinit2.o(.ARM.Collect$$libinit$$00000033)
    .ARM.Collect$$libshutdown$$00000000      0x08000228   Section        2  libshutdown.o(.ARM.Collect$$libshutdown$$00000000)
    .ARM.Collect$$libshutdown$$00000002      0x0800022a   Section        0  libshutdown2.o(.ARM.Collect$$libshutdown$$00000002)
    .ARM.Collect$$libshutdown$$00000004      0x0800022a   Section        0  libshutdown2.o(.ARM.Collect$$libshutdown$$00000004)
    .ARM.Collect$$libshutdown$$00000006      0x0800022a   Section        0  libshutdown2.o(.ARM.Collect$$libshutdown$$00000006)
    .ARM.Collect$$libshutdown$$00000009      0x0800022a   Section        0  libshutdown2.o(.ARM.Collect$$libshutdown$$00000009)
    .ARM.Collect$$libshutdown$$0000000C      0x0800022a   Section        0  libshutdown2.o(.ARM.Collect$$libshutdown$$0000000C)
    .ARM.Collect$$libshutdown$$0000000E      0x0800022a   Section        0  libshutdown2.o(.ARM.Collect$$libshutdown$$0000000E)
    .ARM.Collect$$libshutdown$$00000011      0x0800022a   Section        0  libshutdown2.o(.ARM.Collect$$libshutdown$$00000011)
    .ARM.Collect$$libshutdown$$00000012      0x0800022a   Section        2  libshutdown2.o(.ARM.Collect$$libshutdown$$00000012)
    .ARM.Collect$$rtentry$$00000000          0x0800022c   Section        0  __rtentry.o(.ARM.Collect$$rtentry$$00000000)
    .ARM.Collect$$rtentry$$00000002          0x0800022c   Section        0  __rtentry2.o(.ARM.Collect$$rtentry$$00000002)
    .ARM.Collect$$rtentry$$00000004          0x0800022c   Section        6  __rtentry4.o(.ARM.Collect$$rtentry$$00000004)
    .ARM.Collect$$rtentry$$00000009          0x08000232   Section        0  __rtentry2.o(.ARM.Collect$$rtentry$$00000009)
    .ARM.Collect$$rtentry$$0000000A          0x08000232   Section        4  __rtentry2.o(.ARM.Collect$$rtentry$$0000000A)
    .ARM.Collect$$rtentry$$0000000C          0x08000236   Section        0  __rtentry2.o(.ARM.Collect$$rtentry$$0000000C)
    .ARM.Collect$$rtentry$$0000000D          0x08000236   Section        8  __rtentry2.o(.ARM.Collect$$rtentry$$0000000D)
    .ARM.Collect$$rtexit$$00000000           0x0800023e   Section        2  rtexit.o(.ARM.Collect$$rtexit$$00000000)
    .ARM.Collect$$rtexit$$00000002           0x08000240   Section        0  rtexit2.o(.ARM.Collect$$rtexit$$00000002)
    .ARM.Collect$$rtexit$$00000003           0x08000240   Section        4  rtexit2.o(.ARM.Collect$$rtexit$$00000003)
    .ARM.Collect$$rtexit$$00000004           0x08000244   Section        6  rtexit2.o(.ARM.Collect$$rtexit$$00000004)
    .text                                    0x0800024c   Section       64  startup_gd32f450_470.o(.text)
    $v0                                      0x0800024c   Number         0  startup_gd32f450_470.o(.text)
    .text                                    0x0800028c   Section        0  heapauxi.o(.text)
    .text                                    0x08000292   Section       74  sys_stackheap_outer.o(.text)
    .text                                    0x080002dc   Section        0  exit.o(.text)
    .text                                    0x080002f0   Section        8  libspace.o(.text)
    .text                                    0x080002f8   Section        0  sys_exit.o(.text)
    .text                                    0x08000304   Section        2  use_no_semi.o(.text)
    .text                                    0x08000306   Section        0  indicate_semi.o(.text)
    i.E1_HT16K33_Init                        0x08000306   Section        0  e1.o(i.E1_HT16K33_Init)
    i.E1_HT16K33_display_data                0x08000320   Section        0  e1.o(i.E1_HT16K33_display_data)
    i.E1_HT16K33_display_off                 0x080003e4   Section        0  e1.o(i.E1_HT16K33_display_off)
    i.E1_I2C_1_ADDR_Init                     0x08000458   Section        0  e1.o(i.E1_I2C_1_ADDR_Init)
    i.E1_I2C_ADDR_Init                       0x080004e4   Section        0  e1.o(i.E1_I2C_ADDR_Init)
    i.E1_PCA9685PW_Init                      0x08000570   Section        0  e1.o(i.E1_PCA9685PW_Init)
    i.E1_PCA9685PW_off                       0x0800058c   Section        0  e1.o(i.E1_PCA9685PW_off)
    i.E2_FAN_ADDR_Init                       0x080005c4   Section        0  e2.o(i.E2_FAN_ADDR_Init)
    i.E2_PCA9685PW_Init                      0x0800064c   Section        0  e2.o(i.E2_PCA9685PW_Init)
    i.E2_PCA9685PW_Off                       0x08000670   Section        0  e2.o(i.E2_PCA9685PW_Off)
    i.E2_PCA9685PW_Speed                     0x080006d8   Section        0  e2.o(i.E2_PCA9685PW_Speed)
    i.E2_SetPWM                              0x0800070a   Section        0  e2.o(i.E2_SetPWM)
    i.E3_Curtain_ADDR_Init                   0x0800075c   Section        0  e3.o(i.E3_Curtain_ADDR_Init)
    i.E3_Curtain_Opt                         0x08000818   Section        0  e3.o(i.E3_Curtain_Opt)
    i.E3_Curtain_ReadNum                     0x08000830   Section        0  e3.o(i.E3_Curtain_ReadNum)
    i.E3_Curtain_ReadState                   0x0800084c   Section        0  e3.o(i.E3_Curtain_ReadState)
    i.PCA9685_rgb_led_control                0x08000868   Section        0  e1.o(i.PCA9685_rgb_led_control)
    i.S1                                     0x080009e4   Section        0  s1.o(i.S1)
    i.S1_HT16K33_Init                        0x08000bf4   Section        0  s1.o(i.S1_HT16K33_Init)
    i.S1_HT16K33_KeyScan                     0x08000c08   Section        0  s1.o(i.S1_HT16K33_KeyScan)
    i.S1_I2C_ADDR_Init                       0x08000c24   Section        0  s1.o(i.S1_I2C_ADDR_Init)
    i.S2_Gryo_ADDR_Init                      0x08000cb0   Section        0  s2.o(i.S2_Gryo_ADDR_Init)
    i.S2_Gryo_Init                           0x08000d30   Section        0  s2.o(i.S2_Gryo_Init)
    i.S2_Gryo_Settings                       0x08000d4a   Section        0  s2.o(i.S2_Gryo_Settings)
    i.S2_Light_ADDR_Init                     0x08000dc4   Section        0  s2.o(i.S2_Light_ADDR_Init)
    i.S2_Light_Init                          0x08000e44   Section        0  s2.o(i.S2_Light_Init)
    i.S2_Light_OneTime_Hires                 0x08000e58   Section        0  s2.o(i.S2_Light_OneTime_Hires)
    i.S2_TempHumid_ADDR_Init                 0x08000e94   Section        0  s2.o(i.S2_TempHumid_ADDR_Init)
    i.S2_TempHumid_Init                      0x08000f14   Section        0  s2.o(i.S2_TempHumid_Init)
    i.S2_TempHumid_Single_Shot               0x08000f28   Section        0  s2.o(i.S2_TempHumid_Single_Shot)
    i.S5_NFC_ADDR_Init                       0x08000fc4   Section        0  s5.o(i.S5_NFC_ADDR_Init)
    i.S5_NFC_Init                            0x08001044   Section        0  s5.o(i.S5_NFC_Init)
    i.S5_NFC_Rec                             0x08001058   Section        0  s5.o(i.S5_NFC_Rec)
    i.S6_US_ADDR_Init                        0x08001080   Section        0  s6.o(i.S6_US_ADDR_Init)
    i.S6_US_Get                              0x0800113c   Section        0  s6.o(i.S6_US_Get)
    i.S7_IR_ADDR_Init                        0x0800116c   Section        0  s7.o(i.S7_IR_ADDR_Init)
    i.S7_IR_Get                              0x08001240   Section        0  s7.o(i.S7_IR_Get)
    i.S7_IR_Init                             0x08001280   Section        0  s7.o(i.S7_IR_Init)
    i.SystemInit                             0x080012a0   Section        0  system_gd32f4xx.o(i.SystemInit)
    i.UserInit                               0x08001368   Section        0  main.o(i.UserInit)
    i.delay_ms                               0x080013a8   Section        0  timer.o(i.delay_ms)
    i.getAccAng                              0x080013c4   Section        0  s2.o(i.getAccAng)
    i.getLightval                            0x0800156c   Section        0  s2.o(i.getLightval)
    i.gpio_af_set                            0x080015bc   Section        0  gd32f4xx_gpio.o(i.gpio_af_set)
    i.gpio_mode_set                          0x0800161a   Section        0  gd32f4xx_gpio.o(i.gpio_mode_set)
    i.gpio_output_options_set                0x08001668   Section        0  gd32f4xx_gpio.o(i.gpio_output_options_set)
    i.i2c0_config                            0x080016ac   Section        0  i2c.o(i.i2c0_config)
    i.i2c0_gpio_config                       0x080016e8   Section        0  i2c.o(i.i2c0_gpio_config)
    i.i2c1_config                            0x08001748   Section        0  i2c.o(i.i2c1_config)
    i.i2c1_gpio_config                       0x08001784   Section        0  i2c.o(i.i2c1_gpio_config)
    i.i2c_ack_config                         0x080017dc   Section        0  gd32f4xx_i2c.o(i.i2c_ack_config)
    i.i2c_ackpos_config                      0x080017ec   Section        0  gd32f4xx_i2c.o(i.i2c_ackpos_config)
    i.i2c_addr_poll                          0x080017fc   Section        0  i2c.o(i.i2c_addr_poll)
    i.i2c_byte_write                         0x0800187e   Section        0  i2c.o(i.i2c_byte_write)
    i.i2c_clock_config                       0x08001944   Section        0  gd32f4xx_i2c.o(i.i2c_clock_config)
    i.i2c_cmd_write                          0x08001a28   Section        0  i2c.o(i.i2c_cmd_write)
    i.i2c_data_receive                       0x08001ad2   Section        0  gd32f4xx_i2c.o(i.i2c_data_receive)
    i.i2c_data_transmit                      0x08001ada   Section        0  gd32f4xx_i2c.o(i.i2c_data_transmit)
    i.i2c_delay                              0x08001ae0   Section        0  i2c.o(i.i2c_delay)
    i.i2c_delay_read                         0x08001aec   Section        0  i2c.o(i.i2c_delay_read)
    i.i2c_enable                             0x08001d88   Section        0  gd32f4xx_i2c.o(i.i2c_enable)
    i.i2c_flag_clear                         0x08001d92   Section        0  gd32f4xx_i2c.o(i.i2c_flag_clear)
    i.i2c_flag_get                           0x08001dba   Section        0  gd32f4xx_i2c.o(i.i2c_flag_get)
    i.i2c_master_addressing                  0x08001dd8   Section        0  gd32f4xx_i2c.o(i.i2c_master_addressing)
    i.i2c_mode_addr_config                   0x08001dec   Section        0  gd32f4xx_i2c.o(i.i2c_mode_addr_config)
    i.i2c_read                               0x08001e08   Section        0  i2c.o(i.i2c_read)
    i.i2c_start_on_bus                       0x08001f88   Section        0  gd32f4xx_i2c.o(i.i2c_start_on_bus)
    i.i2c_stop_on_bus                        0x08001f92   Section        0  gd32f4xx_i2c.o(i.i2c_stop_on_bus)
    i.judge_i2c_over_time                    0x08001f9c   Section        0  i2c.o(i.judge_i2c_over_time)
    i.main                                   0x08001fc0   Section        0  main.o(i.main)
    i.rcu_clock_freq_get                     0x0800251c   Section        0  gd32f4xx_rcu.o(i.rcu_clock_freq_get)
    i.rcu_periph_clock_enable                0x08002640   Section        0  gd32f4xx_rcu.o(i.rcu_periph_clock_enable)
    i.s2_icm20608_accel_scaleget             0x08002664   Section        0  s2.o(i.s2_icm20608_accel_scaleget)
    i.s2_icm20608_gyro_scaleget              0x080026b8   Section        0  s2.o(i.s2_icm20608_gyro_scaleget)
    i.setPWM                                 0x08002728   Section        0  e1.o(i.setPWM)
    i.system_clock_200m_25m_hxtal            0x0800277c   Section        0  system_gd32f4xx.o(i.system_clock_200m_25m_hxtal)
    system_clock_200m_25m_hxtal              0x0800277d   Thumb Code   240  system_gd32f4xx.o(i.system_clock_200m_25m_hxtal)
    i.system_clock_config                    0x08002878   Section        0  system_gd32f4xx.o(i.system_clock_config)
    system_clock_config                      0x08002879   Thumb Code     8  system_gd32f4xx.o(i.system_clock_config)
    x$fpl$d2f                                0x08002880   Section       98  d2f.o(x$fpl$d2f)
    $v0                                      0x08002880   Number         0  d2f.o(x$fpl$d2f)
    x$fpl$ddiv                               0x080028e4   Section      688  ddiv.o(x$fpl$ddiv)
    $v0                                      0x080028e4   Number         0  ddiv.o(x$fpl$ddiv)
    ddiv_entry                               0x080028eb   Thumb Code     0  ddiv.o(x$fpl$ddiv)
    x$fpl$dfltu                              0x08002b94   Section       38  dflt_clz.o(x$fpl$dfltu)
    $v0                                      0x08002b94   Number         0  dflt_clz.o(x$fpl$dfltu)
    x$fpl$dnaninf                            0x08002bba   Section      156  dnaninf.o(x$fpl$dnaninf)
    $v0                                      0x08002bba   Number         0  dnaninf.o(x$fpl$dnaninf)
    x$fpl$dretinf                            0x08002c56   Section       12  dretinf.o(x$fpl$dretinf)
    $v0                                      0x08002c56   Number         0  dretinf.o(x$fpl$dretinf)
    x$fpl$fpinit                             0x08002c62   Section       10  fpinit.o(x$fpl$fpinit)
    $v0                                      0x08002c62   Number         0  fpinit.o(x$fpl$fpinit)
    x$fpl$fretinf                            0x08002c6c   Section       10  fretinf.o(x$fpl$fretinf)
    $v0                                      0x08002c6c   Number         0  fretinf.o(x$fpl$fretinf)
    .constdata                               0x08002c76   Section       20  e1.o(.constdata)
    x$fpl$usenofp                            0x08002c76   Section        0  usenofp.o(x$fpl$usenofp)
    .data                                    0x20000000   Section        2  i2c.o(.data)
    .data                                    0x20000002   Section        8  s1.o(.data)
    .data                                    0x20000010   Section       76  s2.o(.data)
    .data                                    0x2000005c   Section        1  s5.o(.data)
    .data                                    0x2000005e   Section        4  s6.o(.data)
    .data                                    0x20000062   Section        2  s7.o(.data)
    .data                                    0x20000064   Section        2  e3.o(.data)
    .bss                                     0x20000068   Section       12  s1.o(.bss)
    .bss                                     0x20000074   Section       50  s2.o(.bss)
    .bss                                     0x200000a8   Section       12  s5.o(.bss)
    .bss                                     0x200000b4   Section       12  s6.o(.bss)
    .bss                                     0x200000c0   Section       12  s7.o(.bss)
    .bss                                     0x200000cc   Section       24  e1.o(.bss)
    .bss                                     0x200000e4   Section       12  e2.o(.bss)
    .bss                                     0x200000f0   Section       12  e3.o(.bss)
    .bss                                     0x200000fc   Section       96  libspace.o(.bss)
    HEAP                                     0x20000160   Section     1024  startup_gd32f450_470.o(HEAP)
    Heap_Mem                                 0x20000160   Data        1024  startup_gd32f450_470.o(HEAP)
    STACK                                    0x20000560   Section     1024  startup_gd32f450_470.o(STACK)
    Stack_Mem                                0x20000560   Data        1024  startup_gd32f450_470.o(STACK)
    __initial_sp                             0x20000960   Data           0  startup_gd32f450_470.o(STACK)

    Global Symbols

    Symbol Name                              Value     Ov Type        Size  Object(Section)

    BuildAttributes$$THM_ISAv4$E$P$D$K$B$S$7EM$VFPi3$EXTD16$VFPS$VFMA$PE$A:L22UL41UL21$X:L11$S22US41US21$IEEE1$IW$USESV6$~STKCKD$USESV7$~SHL$OSPACE$ROPI$EBA8$UX$STANDARDLIB$REQ8$PRES8$EABIv2 0x00000000   Number         0  anon$$obj.o ABSOLUTE
    __ARM_use_no_argv                        0x00000000   Number         0  main.o ABSOLUTE
    __ARM_exceptions_init                     - Undefined Weak Reference
    __alloca_initialize                       - Undefined Weak Reference
    __arm_fini_                               - Undefined Weak Reference
    __arm_preinit_                            - Undefined Weak Reference
    __cpp_initialize__aeabi_                  - Undefined Weak Reference
    __cxa_finalize                            - Undefined Weak Reference
    __rt_locale                               - Undefined Weak Reference
    __sigvec_lookup                           - Undefined Weak Reference
    _atexit_init                              - Undefined Weak Reference
    _call_atexit_fns                          - Undefined Weak Reference
    _clock_init                               - Undefined Weak Reference
    _fp_trap_init                             - Undefined Weak Reference
    _fp_trap_shutdown                         - Undefined Weak Reference
    _get_lc_collate                           - Undefined Weak Reference
    _get_lc_ctype                             - Undefined Weak Reference
    _get_lc_monetary                          - Undefined Weak Reference
    _get_lc_numeric                           - Undefined Weak Reference
    _get_lc_time                              - Undefined Weak Reference
    _getenv_init                              - Undefined Weak Reference
    _handle_redirection                       - Undefined Weak Reference
    _init_alloc                               - Undefined Weak Reference
    _init_user_alloc                          - Undefined Weak Reference
    _initio                                   - Undefined Weak Reference
    _rand_init                                - Undefined Weak Reference
    _signal_finish                            - Undefined Weak Reference
    _signal_init                              - Undefined Weak Reference
    _terminate_alloc                          - Undefined Weak Reference
    _terminate_user_alloc                     - Undefined Weak Reference
    _terminateio                              - Undefined Weak Reference
    __Vectors_Size                           0x000001ac   Number         0  startup_gd32f450_470.o ABSOLUTE
    __Vectors                                0x08000000   Data           4  startup_gd32f450_470.o(RESET)
    __Vectors_End                            0x080001ac   Data           0  startup_gd32f450_470.o(RESET)
    __main                                   0x080001ad   Thumb Code     8  __main.o(!!!main)
    __scatterload                            0x080001b5   Thumb Code     0  __scatter.o(!!!scatter)
    __scatterload_rt2                        0x080001b5   Thumb Code    44  __scatter.o(!!!scatter)
    __scatterload_rt2_thumb_only             0x080001b5   Thumb Code     0  __scatter.o(!!!scatter)
    __scatterload_null                       0x080001c3   Thumb Code     0  __scatter.o(!!!scatter)
    __scatterload_copy                       0x080001e9   Thumb Code    26  __scatter_copy.o(!!handler_copy)
    __scatterload_zeroinit                   0x08000205   Thumb Code    28  __scatter_zi.o(!!handler_zi)
    __rt_lib_init                            0x08000221   Thumb Code     0  libinit.o(.ARM.Collect$$libinit$$00000000)
    __rt_lib_init_fp_1                       0x08000223   Thumb Code     0  libinit2.o(.ARM.Collect$$libinit$$00000001)
    __rt_lib_init_alloca_1                   0x08000227   Thumb Code     0  libinit2.o(.ARM.Collect$$libinit$$0000002E)
    __rt_lib_init_argv_1                     0x08000227   Thumb Code     0  libinit2.o(.ARM.Collect$$libinit$$0000002C)
    __rt_lib_init_atexit_1                   0x08000227   Thumb Code     0  libinit2.o(.ARM.Collect$$libinit$$0000001B)
    __rt_lib_init_clock_1                    0x08000227   Thumb Code     0  libinit2.o(.ARM.Collect$$libinit$$00000021)
    __rt_lib_init_cpp_1                      0x08000227   Thumb Code     0  libinit2.o(.ARM.Collect$$libinit$$00000032)
    __rt_lib_init_exceptions_1               0x08000227   Thumb Code     0  libinit2.o(.ARM.Collect$$libinit$$00000030)
    __rt_lib_init_fp_trap_1                  0x08000227   Thumb Code     0  libinit2.o(.ARM.Collect$$libinit$$0000001F)
    __rt_lib_init_getenv_1                   0x08000227   Thumb Code     0  libinit2.o(.ARM.Collect$$libinit$$00000023)
    __rt_lib_init_heap_1                     0x08000227   Thumb Code     0  libinit2.o(.ARM.Collect$$libinit$$0000000A)
    __rt_lib_init_lc_collate_1               0x08000227   Thumb Code     0  libinit2.o(.ARM.Collect$$libinit$$00000011)
    __rt_lib_init_lc_ctype_1                 0x08000227   Thumb Code     0  libinit2.o(.ARM.Collect$$libinit$$00000013)
    __rt_lib_init_lc_monetary_1              0x08000227   Thumb Code     0  libinit2.o(.ARM.Collect$$libinit$$00000015)
    __rt_lib_init_lc_numeric_1               0x08000227   Thumb Code     0  libinit2.o(.ARM.Collect$$libinit$$00000017)
    __rt_lib_init_lc_time_1                  0x08000227   Thumb Code     0  libinit2.o(.ARM.Collect$$libinit$$00000019)
    __rt_lib_init_preinit_1                  0x08000227   Thumb Code     0  libinit2.o(.ARM.Collect$$libinit$$00000004)
    __rt_lib_init_rand_1                     0x08000227   Thumb Code     0  libinit2.o(.ARM.Collect$$libinit$$0000000E)
    __rt_lib_init_return                     0x08000227   Thumb Code     0  libinit2.o(.ARM.Collect$$libinit$$00000033)
    __rt_lib_init_signal_1                   0x08000227   Thumb Code     0  libinit2.o(.ARM.Collect$$libinit$$0000001D)
    __rt_lib_init_stdio_1                    0x08000227   Thumb Code     0  libinit2.o(.ARM.Collect$$libinit$$00000025)
    __rt_lib_init_user_alloc_1               0x08000227   Thumb Code     0  libinit2.o(.ARM.Collect$$libinit$$0000000C)
    __rt_lib_shutdown                        0x08000229   Thumb Code     0  libshutdown.o(.ARM.Collect$$libshutdown$$00000000)
    __rt_lib_shutdown_cpp_1                  0x0800022b   Thumb Code     0  libshutdown2.o(.ARM.Collect$$libshutdown$$00000004)
    __rt_lib_shutdown_fini_1                 0x0800022b   Thumb Code     0  libshutdown2.o(.ARM.Collect$$libshutdown$$00000002)
    __rt_lib_shutdown_fp_trap_1              0x0800022b   Thumb Code     0  libshutdown2.o(.ARM.Collect$$libshutdown$$00000009)
    __rt_lib_shutdown_heap_1                 0x0800022b   Thumb Code     0  libshutdown2.o(.ARM.Collect$$libshutdown$$00000011)
    __rt_lib_shutdown_return                 0x0800022b   Thumb Code     0  libshutdown2.o(.ARM.Collect$$libshutdown$$00000012)
    __rt_lib_shutdown_signal_1               0x0800022b   Thumb Code     0  libshutdown2.o(.ARM.Collect$$libshutdown$$0000000C)
    __rt_lib_shutdown_stdio_1                0x0800022b   Thumb Code     0  libshutdown2.o(.ARM.Collect$$libshutdown$$00000006)
    __rt_lib_shutdown_user_alloc_1           0x0800022b   Thumb Code     0  libshutdown2.o(.ARM.Collect$$libshutdown$$0000000E)
    __rt_entry                               0x0800022d   Thumb Code     0  __rtentry.o(.ARM.Collect$$rtentry$$00000000)
    __rt_entry_presh_1                       0x0800022d   Thumb Code     0  __rtentry2.o(.ARM.Collect$$rtentry$$00000002)
    __rt_entry_sh                            0x0800022d   Thumb Code     0  __rtentry4.o(.ARM.Collect$$rtentry$$00000004)
    __rt_entry_li                            0x08000233   Thumb Code     0  __rtentry2.o(.ARM.Collect$$rtentry$$0000000A)
    __rt_entry_postsh_1                      0x08000233   Thumb Code     0  __rtentry2.o(.ARM.Collect$$rtentry$$00000009)
    __rt_entry_main                          0x08000237   Thumb Code     0  __rtentry2.o(.ARM.Collect$$rtentry$$0000000D)
    __rt_entry_postli_1                      0x08000237   Thumb Code     0  __rtentry2.o(.ARM.Collect$$rtentry$$0000000C)
    __rt_exit                                0x0800023f   Thumb Code     0  rtexit.o(.ARM.Collect$$rtexit$$00000000)
    __rt_exit_ls                             0x08000241   Thumb Code     0  rtexit2.o(.ARM.Collect$$rtexit$$00000003)
    __rt_exit_prels_1                        0x08000241   Thumb Code     0  rtexit2.o(.ARM.Collect$$rtexit$$00000002)
    __rt_exit_exit                           0x08000245   Thumb Code     0  rtexit2.o(.ARM.Collect$$rtexit$$00000004)
    Reset_Handler                            0x0800024d   Thumb Code     8  startup_gd32f450_470.o(.text)
    NMI_Handler                              0x08000255   Thumb Code     2  startup_gd32f450_470.o(.text)
    HardFault_Handler                        0x08000257   Thumb Code     2  startup_gd32f450_470.o(.text)
    MemManage_Handler                        0x08000259   Thumb Code     2  startup_gd32f450_470.o(.text)
    BusFault_Handler                         0x0800025b   Thumb Code     2  startup_gd32f450_470.o(.text)
    UsageFault_Handler                       0x0800025d   Thumb Code     2  startup_gd32f450_470.o(.text)
    SVC_Handler                              0x0800025f   Thumb Code     2  startup_gd32f450_470.o(.text)
    DebugMon_Handler                         0x08000261   Thumb Code     2  startup_gd32f450_470.o(.text)
    PendSV_Handler                           0x08000263   Thumb Code     2  startup_gd32f450_470.o(.text)
    SysTick_Handler                          0x08000265   Thumb Code     2  startup_gd32f450_470.o(.text)
    ADC_IRQHandler                           0x08000267   Thumb Code     0  startup_gd32f450_470.o(.text)
    CAN0_EWMC_IRQHandler                     0x08000267   Thumb Code     0  startup_gd32f450_470.o(.text)
    CAN0_RX0_IRQHandler                      0x08000267   Thumb Code     0  startup_gd32f450_470.o(.text)
    CAN0_RX1_IRQHandler                      0x08000267   Thumb Code     0  startup_gd32f450_470.o(.text)
    CAN0_TX_IRQHandler                       0x08000267   Thumb Code     0  startup_gd32f450_470.o(.text)
    CAN1_EWMC_IRQHandler                     0x08000267   Thumb Code     0  startup_gd32f450_470.o(.text)
    CAN1_RX0_IRQHandler                      0x08000267   Thumb Code     0  startup_gd32f450_470.o(.text)
    CAN1_RX1_IRQHandler                      0x08000267   Thumb Code     0  startup_gd32f450_470.o(.text)
    CAN1_TX_IRQHandler                       0x08000267   Thumb Code     0  startup_gd32f450_470.o(.text)
    DCI_IRQHandler                           0x08000267   Thumb Code     0  startup_gd32f450_470.o(.text)
    DMA0_Channel0_IRQHandler                 0x08000267   Thumb Code     0  startup_gd32f450_470.o(.text)
    DMA0_Channel1_IRQHandler                 0x08000267   Thumb Code     0  startup_gd32f450_470.o(.text)
    DMA0_Channel2_IRQHandler                 0x08000267   Thumb Code     0  startup_gd32f450_470.o(.text)
    DMA0_Channel3_IRQHandler                 0x08000267   Thumb Code     0  startup_gd32f450_470.o(.text)
    DMA0_Channel4_IRQHandler                 0x08000267   Thumb Code     0  startup_gd32f450_470.o(.text)
    DMA0_Channel5_IRQHandler                 0x08000267   Thumb Code     0  startup_gd32f450_470.o(.text)
    DMA0_Channel6_IRQHandler                 0x08000267   Thumb Code     0  startup_gd32f450_470.o(.text)
    DMA0_Channel7_IRQHandler                 0x08000267   Thumb Code     0  startup_gd32f450_470.o(.text)
    DMA1_Channel0_IRQHandler                 0x08000267   Thumb Code     0  startup_gd32f450_470.o(.text)
    DMA1_Channel1_IRQHandler                 0x08000267   Thumb Code     0  startup_gd32f450_470.o(.text)
    DMA1_Channel2_IRQHandler                 0x08000267   Thumb Code     0  startup_gd32f450_470.o(.text)
    DMA1_Channel3_IRQHandler                 0x08000267   Thumb Code     0  startup_gd32f450_470.o(.text)
    DMA1_Channel4_IRQHandler                 0x08000267   Thumb Code     0  startup_gd32f450_470.o(.text)
    DMA1_Channel5_IRQHandler                 0x08000267   Thumb Code     0  startup_gd32f450_470.o(.text)
    DMA1_Channel6_IRQHandler                 0x08000267   Thumb Code     0  startup_gd32f450_470.o(.text)
    DMA1_Channel7_IRQHandler                 0x08000267   Thumb Code     0  startup_gd32f450_470.o(.text)
    ENET_IRQHandler                          0x08000267   Thumb Code     0  startup_gd32f450_470.o(.text)
    ENET_WKUP_IRQHandler                     0x08000267   Thumb Code     0  startup_gd32f450_470.o(.text)
    EXMC_IRQHandler                          0x08000267   Thumb Code     0  startup_gd32f450_470.o(.text)
    EXTI0_IRQHandler                         0x08000267   Thumb Code     0  startup_gd32f450_470.o(.text)
    EXTI10_15_IRQHandler                     0x08000267   Thumb Code     0  startup_gd32f450_470.o(.text)
    EXTI1_IRQHandler                         0x08000267   Thumb Code     0  startup_gd32f450_470.o(.text)
    EXTI2_IRQHandler                         0x08000267   Thumb Code     0  startup_gd32f450_470.o(.text)
    EXTI3_IRQHandler                         0x08000267   Thumb Code     0  startup_gd32f450_470.o(.text)
    EXTI4_IRQHandler                         0x08000267   Thumb Code     0  startup_gd32f450_470.o(.text)
    EXTI5_9_IRQHandler                       0x08000267   Thumb Code     0  startup_gd32f450_470.o(.text)
    FMC_IRQHandler                           0x08000267   Thumb Code     0  startup_gd32f450_470.o(.text)
    FPU_IRQHandler                           0x08000267   Thumb Code     0  startup_gd32f450_470.o(.text)
    I2C0_ER_IRQHandler                       0x08000267   Thumb Code     0  startup_gd32f450_470.o(.text)
    I2C0_EV_IRQHandler                       0x08000267   Thumb Code     0  startup_gd32f450_470.o(.text)
    I2C1_ER_IRQHandler                       0x08000267   Thumb Code     0  startup_gd32f450_470.o(.text)
    I2C1_EV_IRQHandler                       0x08000267   Thumb Code     0  startup_gd32f450_470.o(.text)
    I2C2_ER_IRQHandler                       0x08000267   Thumb Code     0  startup_gd32f450_470.o(.text)
    I2C2_EV_IRQHandler                       0x08000267   Thumb Code     0  startup_gd32f450_470.o(.text)
    IPA_IRQHandler                           0x08000267   Thumb Code     0  startup_gd32f450_470.o(.text)
    LVD_IRQHandler                           0x08000267   Thumb Code     0  startup_gd32f450_470.o(.text)
    RCU_CTC_IRQHandler                       0x08000267   Thumb Code     0  startup_gd32f450_470.o(.text)
    RTC_Alarm_IRQHandler                     0x08000267   Thumb Code     0  startup_gd32f450_470.o(.text)
    RTC_WKUP_IRQHandler                      0x08000267   Thumb Code     0  startup_gd32f450_470.o(.text)
    SDIO_IRQHandler                          0x08000267   Thumb Code     0  startup_gd32f450_470.o(.text)
    SPI0_IRQHandler                          0x08000267   Thumb Code     0  startup_gd32f450_470.o(.text)
    SPI1_IRQHandler                          0x08000267   Thumb Code     0  startup_gd32f450_470.o(.text)
    SPI2_IRQHandler                          0x08000267   Thumb Code     0  startup_gd32f450_470.o(.text)
    SPI3_IRQHandler                          0x08000267   Thumb Code     0  startup_gd32f450_470.o(.text)
    SPI4_IRQHandler                          0x08000267   Thumb Code     0  startup_gd32f450_470.o(.text)
    SPI5_IRQHandler                          0x08000267   Thumb Code     0  startup_gd32f450_470.o(.text)
    TAMPER_STAMP_IRQHandler                  0x08000267   Thumb Code     0  startup_gd32f450_470.o(.text)
    TIMER0_BRK_TIMER8_IRQHandler             0x08000267   Thumb Code     0  startup_gd32f450_470.o(.text)
    TIMER0_Channel_IRQHandler                0x08000267   Thumb Code     0  startup_gd32f450_470.o(.text)
    TIMER0_TRG_CMT_TIMER10_IRQHandler        0x08000267   Thumb Code     0  startup_gd32f450_470.o(.text)
    TIMER0_UP_TIMER9_IRQHandler              0x08000267   Thumb Code     0  startup_gd32f450_470.o(.text)
    TIMER1_IRQHandler                        0x08000267   Thumb Code     0  startup_gd32f450_470.o(.text)
    TIMER2_IRQHandler                        0x08000267   Thumb Code     0  startup_gd32f450_470.o(.text)
    TIMER3_IRQHandler                        0x08000267   Thumb Code     0  startup_gd32f450_470.o(.text)
    TIMER4_IRQHandler                        0x08000267   Thumb Code     0  startup_gd32f450_470.o(.text)
    TIMER5_DAC_IRQHandler                    0x08000267   Thumb Code     0  startup_gd32f450_470.o(.text)
    TIMER6_IRQHandler                        0x08000267   Thumb Code     0  startup_gd32f450_470.o(.text)
    TIMER7_BRK_TIMER11_IRQHandler            0x08000267   Thumb Code     0  startup_gd32f450_470.o(.text)
    TIMER7_Channel_IRQHandler                0x08000267   Thumb Code     0  startup_gd32f450_470.o(.text)
    TIMER7_TRG_CMT_TIMER13_IRQHandler        0x08000267   Thumb Code     0  startup_gd32f450_470.o(.text)
    TIMER7_UP_TIMER12_IRQHandler             0x08000267   Thumb Code     0  startup_gd32f450_470.o(.text)
    TLI_ER_IRQHandler                        0x08000267   Thumb Code     0  startup_gd32f450_470.o(.text)
    TLI_IRQHandler                           0x08000267   Thumb Code     0  startup_gd32f450_470.o(.text)
    TRNG_IRQHandler                          0x08000267   Thumb Code     0  startup_gd32f450_470.o(.text)
    UART3_IRQHandler                         0x08000267   Thumb Code     0  startup_gd32f450_470.o(.text)
    UART4_IRQHandler                         0x08000267   Thumb Code     0  startup_gd32f450_470.o(.text)
    UART6_IRQHandler                         0x08000267   Thumb Code     0  startup_gd32f450_470.o(.text)
    UART7_IRQHandler                         0x08000267   Thumb Code     0  startup_gd32f450_470.o(.text)
    USART0_IRQHandler                        0x08000267   Thumb Code     0  startup_gd32f450_470.o(.text)
    USART1_IRQHandler                        0x08000267   Thumb Code     0  startup_gd32f450_470.o(.text)
    USART2_IRQHandler                        0x08000267   Thumb Code     0  startup_gd32f450_470.o(.text)
    USART5_IRQHandler                        0x08000267   Thumb Code     0  startup_gd32f450_470.o(.text)
    USBFS_IRQHandler                         0x08000267   Thumb Code     0  startup_gd32f450_470.o(.text)
    USBFS_WKUP_IRQHandler                    0x08000267   Thumb Code     0  startup_gd32f450_470.o(.text)
    USBHS_EP1_In_IRQHandler                  0x08000267   Thumb Code     0  startup_gd32f450_470.o(.text)
    USBHS_EP1_Out_IRQHandler                 0x08000267   Thumb Code     0  startup_gd32f450_470.o(.text)
    USBHS_IRQHandler                         0x08000267   Thumb Code     0  startup_gd32f450_470.o(.text)
    USBHS_WKUP_IRQHandler                    0x08000267   Thumb Code     0  startup_gd32f450_470.o(.text)
    WWDGT_IRQHandler                         0x08000267   Thumb Code     0  startup_gd32f450_470.o(.text)
    __user_initial_stackheap                 0x08000269   Thumb Code    10  startup_gd32f450_470.o(.text)
    __use_two_region_memory                  0x0800028d   Thumb Code     2  heapauxi.o(.text)
    __rt_heap_escrow$2region                 0x0800028f   Thumb Code     2  heapauxi.o(.text)
    __rt_heap_expand$2region                 0x08000291   Thumb Code     2  heapauxi.o(.text)
    __user_setup_stackheap                   0x08000293   Thumb Code    74  sys_stackheap_outer.o(.text)
    exit                                     0x080002dd   Thumb Code    18  exit.o(.text)
    __user_libspace                          0x080002f1   Thumb Code     8  libspace.o(.text)
    __user_perproc_libspace                  0x080002f1   Thumb Code     0  libspace.o(.text)
    __user_perthread_libspace                0x080002f1   Thumb Code     0  libspace.o(.text)
    _sys_exit                                0x080002f9   Thumb Code     8  sys_exit.o(.text)
    __I$use$semihosting                      0x08000305   Thumb Code     0  use_no_semi.o(.text)
    __use_no_semihosting_swi                 0x08000305   Thumb Code     2  use_no_semi.o(.text)
    E1_HT16K33_Init                          0x08000307   Thumb Code    26  e1.o(i.E1_HT16K33_Init)
    __semihosting_library_function           0x08000307   Thumb Code     0  indicate_semi.o(.text)
    E1_HT16K33_display_data                  0x08000321   Thumb Code   190  e1.o(i.E1_HT16K33_display_data)
    E1_HT16K33_display_off                   0x080003e5   Thumb Code   114  e1.o(i.E1_HT16K33_display_off)
    E1_I2C_1_ADDR_Init                       0x08000459   Thumb Code   128  e1.o(i.E1_I2C_1_ADDR_Init)
    E1_I2C_ADDR_Init                         0x080004e5   Thumb Code   128  e1.o(i.E1_I2C_ADDR_Init)
    E1_PCA9685PW_Init                        0x08000571   Thumb Code    28  e1.o(i.E1_PCA9685PW_Init)
    E1_PCA9685PW_off                         0x0800058d   Thumb Code    56  e1.o(i.E1_PCA9685PW_off)
    E2_FAN_ADDR_Init                         0x080005c5   Thumb Code   128  e2.o(i.E2_FAN_ADDR_Init)
    E2_PCA9685PW_Init                        0x0800064d   Thumb Code    36  e2.o(i.E2_PCA9685PW_Init)
    E2_PCA9685PW_Off                         0x08000671   Thumb Code   104  e2.o(i.E2_PCA9685PW_Off)
    E2_PCA9685PW_Speed                       0x080006d9   Thumb Code    50  e2.o(i.E2_PCA9685PW_Speed)
    E2_SetPWM                                0x0800070b   Thumb Code    82  e2.o(i.E2_SetPWM)
    E3_Curtain_ADDR_Init                     0x0800075d   Thumb Code   176  e3.o(i.E3_Curtain_ADDR_Init)
    E3_Curtain_Opt                           0x08000819   Thumb Code    22  e3.o(i.E3_Curtain_Opt)
    E3_Curtain_ReadNum                       0x08000831   Thumb Code    24  e3.o(i.E3_Curtain_ReadNum)
    E3_Curtain_ReadState                     0x0800084d   Thumb Code    24  e3.o(i.E3_Curtain_ReadState)
    PCA9685_rgb_led_control                  0x08000869   Thumb Code   380  e1.o(i.PCA9685_rgb_led_control)
    S1                                       0x080009e5   Thumb Code   516  s1.o(i.S1)
    S1_HT16K33_Init                          0x08000bf5   Thumb Code    18  s1.o(i.S1_HT16K33_Init)
    S1_HT16K33_KeyScan                       0x08000c09   Thumb Code    24  s1.o(i.S1_HT16K33_KeyScan)
    S1_I2C_ADDR_Init                         0x08000c25   Thumb Code   128  s1.o(i.S1_I2C_ADDR_Init)
    S2_Gryo_ADDR_Init                        0x08000cb1   Thumb Code   120  s2.o(i.S2_Gryo_ADDR_Init)
    S2_Gryo_Init                             0x08000d31   Thumb Code    26  s2.o(i.S2_Gryo_Init)
    S2_Gryo_Settings                         0x08000d4b   Thumb Code   122  s2.o(i.S2_Gryo_Settings)
    S2_Light_ADDR_Init                       0x08000dc5   Thumb Code   120  s2.o(i.S2_Light_ADDR_Init)
    S2_Light_Init                            0x08000e45   Thumb Code    18  s2.o(i.S2_Light_Init)
    S2_Light_OneTime_Hires                   0x08000e59   Thumb Code    50  s2.o(i.S2_Light_OneTime_Hires)
    S2_TempHumid_ADDR_Init                   0x08000e95   Thumb Code   120  s2.o(i.S2_TempHumid_ADDR_Init)
    S2_TempHumid_Init                        0x08000f15   Thumb Code    20  s2.o(i.S2_TempHumid_Init)
    S2_TempHumid_Single_Shot                 0x08000f29   Thumb Code   134  s2.o(i.S2_TempHumid_Single_Shot)
    S5_NFC_ADDR_Init                         0x08000fc5   Thumb Code   120  s5.o(i.S5_NFC_ADDR_Init)
    S5_NFC_Init                              0x08001045   Thumb Code    20  s5.o(i.S5_NFC_Init)
    S5_NFC_Rec                               0x08001059   Thumb Code    36  s5.o(i.S5_NFC_Rec)
    S6_US_ADDR_Init                          0x08001081   Thumb Code   176  s6.o(i.S6_US_ADDR_Init)
    S6_US_Get                                0x0800113d   Thumb Code    40  s6.o(i.S6_US_Get)
    S7_IR_ADDR_Init                          0x0800116d   Thumb Code   200  s7.o(i.S7_IR_ADDR_Init)
    S7_IR_Get                                0x08001241   Thumb Code    56  s7.o(i.S7_IR_Get)
    S7_IR_Init                               0x08001281   Thumb Code    32  s7.o(i.S7_IR_Init)
    SystemInit                               0x080012a1   Thumb Code   184  system_gd32f4xx.o(i.SystemInit)
    UserInit                                 0x08001369   Thumb Code    64  main.o(i.UserInit)
    delay_ms                                 0x080013a9   Thumb Code    26  timer.o(i.delay_ms)
    getAccAng                                0x080013c5   Thumb Code   358  s2.o(i.getAccAng)
    getLightval                              0x0800156d   Thumb Code    58  s2.o(i.getLightval)
    gpio_af_set                              0x080015bd   Thumb Code    94  gd32f4xx_gpio.o(i.gpio_af_set)
    gpio_mode_set                            0x0800161b   Thumb Code    78  gd32f4xx_gpio.o(i.gpio_mode_set)
    gpio_output_options_set                  0x08001669   Thumb Code    66  gd32f4xx_gpio.o(i.gpio_output_options_set)
    i2c0_config                              0x080016ad   Thumb Code    50  i2c.o(i.i2c0_config)
    i2c0_gpio_config                         0x080016e9   Thumb Code    92  i2c.o(i.i2c0_gpio_config)
    i2c1_config                              0x08001749   Thumb Code    50  i2c.o(i.i2c1_config)
    i2c1_gpio_config                         0x08001785   Thumb Code    80  i2c.o(i.i2c1_gpio_config)
    i2c_ack_config                           0x080017dd   Thumb Code    16  gd32f4xx_i2c.o(i.i2c_ack_config)
    i2c_ackpos_config                        0x080017ed   Thumb Code    16  gd32f4xx_i2c.o(i.i2c_ackpos_config)
    i2c_addr_poll                            0x080017fd   Thumb Code   130  i2c.o(i.i2c_addr_poll)
    i2c_byte_write                           0x0800187f   Thumb Code   196  i2c.o(i.i2c_byte_write)
    i2c_clock_config                         0x08001945   Thumb Code   216  gd32f4xx_i2c.o(i.i2c_clock_config)
    i2c_cmd_write                            0x08001a29   Thumb Code   170  i2c.o(i.i2c_cmd_write)
    i2c_data_receive                         0x08001ad3   Thumb Code     8  gd32f4xx_i2c.o(i.i2c_data_receive)
    i2c_data_transmit                        0x08001adb   Thumb Code     6  gd32f4xx_i2c.o(i.i2c_data_transmit)
    i2c_delay                                0x08001ae1   Thumb Code    12  i2c.o(i.i2c_delay)
    i2c_delay_read                           0x08001aed   Thumb Code   662  i2c.o(i.i2c_delay_read)
    i2c_enable                               0x08001d89   Thumb Code    10  gd32f4xx_i2c.o(i.i2c_enable)
    i2c_flag_clear                           0x08001d93   Thumb Code    40  gd32f4xx_i2c.o(i.i2c_flag_clear)
    i2c_flag_get                             0x08001dbb   Thumb Code    30  gd32f4xx_i2c.o(i.i2c_flag_get)
    i2c_master_addressing                    0x08001dd9   Thumb Code    20  gd32f4xx_i2c.o(i.i2c_master_addressing)
    i2c_mode_addr_config                     0x08001ded   Thumb Code    28  gd32f4xx_i2c.o(i.i2c_mode_addr_config)
    i2c_read                                 0x08001e09   Thumb Code   384  i2c.o(i.i2c_read)
    i2c_start_on_bus                         0x08001f89   Thumb Code    10  gd32f4xx_i2c.o(i.i2c_start_on_bus)
    i2c_stop_on_bus                          0x08001f93   Thumb Code    10  gd32f4xx_i2c.o(i.i2c_stop_on_bus)
    judge_i2c_over_time                      0x08001f9d   Thumb Code    30  i2c.o(i.judge_i2c_over_time)
    main                                     0x08001fc1   Thumb Code  1344  main.o(i.main)
    rcu_clock_freq_get                       0x0800251d   Thumb Code   264  gd32f4xx_rcu.o(i.rcu_clock_freq_get)
    rcu_periph_clock_enable                  0x08002641   Thumb Code    32  gd32f4xx_rcu.o(i.rcu_periph_clock_enable)
    s2_icm20608_accel_scaleget               0x08002665   Thumb Code    82  s2.o(i.s2_icm20608_accel_scaleget)
    s2_icm20608_gyro_scaleget                0x080026b9   Thumb Code    96  s2.o(i.s2_icm20608_gyro_scaleget)
    setPWM                                   0x08002729   Thumb Code    82  e1.o(i.setPWM)
    __aeabi_d2f                              0x08002881   Thumb Code     0  d2f.o(x$fpl$d2f)
    _d2f                                     0x08002881   Thumb Code    98  d2f.o(x$fpl$d2f)
    __aeabi_ddiv                             0x080028e5   Thumb Code     0  ddiv.o(x$fpl$ddiv)
    _ddiv                                    0x080028e5   Thumb Code   552  ddiv.o(x$fpl$ddiv)
    __aeabi_ui2d                             0x08002b95   Thumb Code     0  dflt_clz.o(x$fpl$dfltu)
    _dfltu                                   0x08002b95   Thumb Code    38  dflt_clz.o(x$fpl$dfltu)
    __fpl_dnaninf                            0x08002bbb   Thumb Code   156  dnaninf.o(x$fpl$dnaninf)
    __fpl_dretinf                            0x08002c57   Thumb Code    12  dretinf.o(x$fpl$dretinf)
    _fp_init                                 0x08002c63   Thumb Code    10  fpinit.o(x$fpl$fpinit)
    __fplib_config_fpu_vfp                   0x08002c6b   Thumb Code     0  fpinit.o(x$fpl$fpinit)
    __fplib_config_pureend_doubles           0x08002c6b   Thumb Code     0  fpinit.o(x$fpl$fpinit)
    __fpl_fretinf                            0x08002c6d   Thumb Code    10  fretinf.o(x$fpl$fretinf)
    __I$use$fp                               0x08002c76   Number         0  usenofp.o(x$fpl$usenofp)
    disdata                                  0x08002c76   Data          20  e1.o(.constdata)
    Region$$Table$$Base                      0x08002c8c   Number         0  anon$$obj.o(Region$$Table)
    Region$$Table$$Limit                     0x08002cac   Number         0  anon$$obj.o(Region$$Table)
    i2c_over_time                            0x20000000   Data           2  i2c.o(.data)
    color                                    0x20000002   Data           1  s1.o(.data)
    output                                   0x20000003   Data           1  s1.o(.data)
    keyvalue                                 0x20000004   Data           6  s1.o(.data)
    lightval                                 0x20000010   Data           2  s2.o(.data)
    tempHumid                                0x20000012   Data           6  s2.o(.data)
    lightval_full                            0x20000018   Data           2  s2.o(.data)
    lightval_                                0x2000001c   Data           4  s2.o(.data)
    tempHumid_                               0x20000020   Data           8  s2.o(.data)
    temp                                     0x20000028   Data           2  s2.o(.data)
    temp_                                    0x2000002a   Data           2  s2.o(.data)
    humid                                    0x2000002c   Data           2  s2.o(.data)
    humid_                                   0x2000002e   Data           2  s2.o(.data)
    accRes                                   0x20000030   Data           2  s2.o(.data)
    angRes                                   0x20000034   Data           4  s2.o(.data)
    x_acc_                                   0x20000038   Data           2  s2.o(.data)
    y_acc_                                   0x2000003a   Data           2  s2.o(.data)
    z_acc_                                   0x2000003c   Data           2  s2.o(.data)
    x_ang_                                   0x2000003e   Data           2  s2.o(.data)
    y_ang_                                   0x20000040   Data           2  s2.o(.data)
    z_ang_                                   0x20000042   Data           2  s2.o(.data)
    ang_x                                    0x20000044   Data           4  s2.o(.data)
    ang_y                                    0x20000048   Data           4  s2.o(.data)
    ang_z                                    0x2000004c   Data           4  s2.o(.data)
    acc_x                                    0x20000050   Data           4  s2.o(.data)
    acc_y                                    0x20000054   Data           4  s2.o(.data)
    acc_z                                    0x20000058   Data           4  s2.o(.data)
    fifo_buffer                              0x2000005c   Data           1  s5.o(.data)
    recvData                                 0x2000005e   Data           2  s6.o(.data)
    usoData                                  0x20000060   Data           2  s6.o(.data)
    irOut                                    0x20000062   Data           1  s7.o(.data)
    irState                                  0x20000063   Data           1  s7.o(.data)
    curState                                 0x20000064   Data           1  e3.o(.data)
    curNum                                   0x20000065   Data           1  e3.o(.data)
    s1_key_addr                              0x20000068   Data          12  s1.o(.bss)
    s2_light_addr                            0x20000074   Data          12  s2.o(.bss)
    s2_gryo_addr                             0x20000080   Data          12  s2.o(.bss)
    s2_temp_addr                             0x2000008c   Data          12  s2.o(.bss)
    data                                     0x20000098   Data          14  s2.o(.bss)
    s5_nfc_addr                              0x200000a8   Data          12  s5.o(.bss)
    s6_uso_addr                              0x200000b4   Data          12  s6.o(.bss)
    s7_ir_addr                               0x200000c0   Data          12  s7.o(.bss)
    e1_nixie_tube_addr                       0x200000cc   Data          12  e1.o(.bss)
    e1_rgb_led_addr                          0x200000d8   Data          12  e1.o(.bss)
    e2_fan_addr                              0x200000e4   Data          12  e2.o(.bss)
    e3_cur_addr                              0x200000f0   Data          12  e3.o(.bss)
    __libspace_start                         0x200000fc   Data          96  libspace.o(.bss)
    __temporary_stack_top$libspace           0x2000015c   Data           0  libspace.o(.bss)



==============================================================================

Memory Map of the image

  Image Entry point : 0x080001ad

  Load Region LR_IROM1 (Base: 0x08000000, Size: 0x00002d14, Max: 0x00300000, ABSOLUTE)

    Execution Region ER_IROM1 (Exec base: 0x08000000, Load base: 0x08000000, Size: 0x00002cac, Max: 0x00300000, ABSOLUTE)

    Exec Addr    Load Addr    Size         Type   Attr      Idx    E Section Name        Object

    0x08000000   0x08000000   0x000001ac   Data   RO            3    RESET               startup_gd32f450_470.o
    0x080001ac   0x080001ac   0x00000008   Code   RO         6774  * !!!main             c_w.l(__main.o)
    0x080001b4   0x080001b4   0x00000034   Code   RO         6952    !!!scatter          c_w.l(__scatter.o)
    0x080001e8   0x080001e8   0x0000001a   Code   RO         6954    !!handler_copy      c_w.l(__scatter_copy.o)
    0x08000202   0x08000202   0x00000002   PAD
    0x08000204   0x08000204   0x0000001c   Code   RO         6956    !!handler_zi        c_w.l(__scatter_zi.o)
    0x08000220   0x08000220   0x00000002   Code   RO         6820    .ARM.Collect$$libinit$$00000000  c_w.l(libinit.o)
    0x08000222   0x08000222   0x00000004   Code   RO         6826    .ARM.Collect$$libinit$$00000001  c_w.l(libinit2.o)
    0x08000226   0x08000226   0x00000000   Code   RO         6829    .ARM.Collect$$libinit$$00000004  c_w.l(libinit2.o)
    0x08000226   0x08000226   0x00000000   Code   RO         6832    .ARM.Collect$$libinit$$0000000A  c_w.l(libinit2.o)
    0x08000226   0x08000226   0x00000000   Code   RO         6834    .ARM.Collect$$libinit$$0000000C  c_w.l(libinit2.o)
    0x08000226   0x08000226   0x00000000   Code   RO         6836    .ARM.Collect$$libinit$$0000000E  c_w.l(libinit2.o)
    0x08000226   0x08000226   0x00000000   Code   RO         6839    .ARM.Collect$$libinit$$00000011  c_w.l(libinit2.o)
    0x08000226   0x08000226   0x00000000   Code   RO         6841    .ARM.Collect$$libinit$$00000013  c_w.l(libinit2.o)
    0x08000226   0x08000226   0x00000000   Code   RO         6843    .ARM.Collect$$libinit$$00000015  c_w.l(libinit2.o)
    0x08000226   0x08000226   0x00000000   Code   RO         6845    .ARM.Collect$$libinit$$00000017  c_w.l(libinit2.o)
    0x08000226   0x08000226   0x00000000   Code   RO         6847    .ARM.Collect$$libinit$$00000019  c_w.l(libinit2.o)
    0x08000226   0x08000226   0x00000000   Code   RO         6849    .ARM.Collect$$libinit$$0000001B  c_w.l(libinit2.o)
    0x08000226   0x08000226   0x00000000   Code   RO         6851    .ARM.Collect$$libinit$$0000001D  c_w.l(libinit2.o)
    0x08000226   0x08000226   0x00000000   Code   RO         6853    .ARM.Collect$$libinit$$0000001F  c_w.l(libinit2.o)
    0x08000226   0x08000226   0x00000000   Code   RO         6855    .ARM.Collect$$libinit$$00000021  c_w.l(libinit2.o)
    0x08000226   0x08000226   0x00000000   Code   RO         6857    .ARM.Collect$$libinit$$00000023  c_w.l(libinit2.o)
    0x08000226   0x08000226   0x00000000   Code   RO         6859    .ARM.Collect$$libinit$$00000025  c_w.l(libinit2.o)
    0x08000226   0x08000226   0x00000000   Code   RO         6863    .ARM.Collect$$libinit$$0000002C  c_w.l(libinit2.o)
    0x08000226   0x08000226   0x00000000   Code   RO         6865    .ARM.Collect$$libinit$$0000002E  c_w.l(libinit2.o)
    0x08000226   0x08000226   0x00000000   Code   RO         6867    .ARM.Collect$$libinit$$00000030  c_w.l(libinit2.o)
    0x08000226   0x08000226   0x00000000   Code   RO         6869    .ARM.Collect$$libinit$$00000032  c_w.l(libinit2.o)
    0x08000226   0x08000226   0x00000002   Code   RO         6870    .ARM.Collect$$libinit$$00000033  c_w.l(libinit2.o)
    0x08000228   0x08000228   0x00000002   Code   RO         6890    .ARM.Collect$$libshutdown$$00000000  c_w.l(libshutdown.o)
    0x0800022a   0x0800022a   0x00000000   Code   RO         6903    .ARM.Collect$$libshutdown$$00000002  c_w.l(libshutdown2.o)
    0x0800022a   0x0800022a   0x00000000   Code   RO         6905    .ARM.Collect$$libshutdown$$00000004  c_w.l(libshutdown2.o)
    0x0800022a   0x0800022a   0x00000000   Code   RO         6907    .ARM.Collect$$libshutdown$$00000006  c_w.l(libshutdown2.o)
    0x0800022a   0x0800022a   0x00000000   Code   RO         6910    .ARM.Collect$$libshutdown$$00000009  c_w.l(libshutdown2.o)
    0x0800022a   0x0800022a   0x00000000   Code   RO         6913    .ARM.Collect$$libshutdown$$0000000C  c_w.l(libshutdown2.o)
    0x0800022a   0x0800022a   0x00000000   Code   RO         6915    .ARM.Collect$$libshutdown$$0000000E  c_w.l(libshutdown2.o)
    0x0800022a   0x0800022a   0x00000000   Code   RO         6918    .ARM.Collect$$libshutdown$$00000011  c_w.l(libshutdown2.o)
    0x0800022a   0x0800022a   0x00000002   Code   RO         6919    .ARM.Collect$$libshutdown$$00000012  c_w.l(libshutdown2.o)
    0x0800022c   0x0800022c   0x00000000   Code   RO         6788    .ARM.Collect$$rtentry$$00000000  c_w.l(__rtentry.o)
    0x0800022c   0x0800022c   0x00000000   Code   RO         6797    .ARM.Collect$$rtentry$$00000002  c_w.l(__rtentry2.o)
    0x0800022c   0x0800022c   0x00000006   Code   RO         6809    .ARM.Collect$$rtentry$$00000004  c_w.l(__rtentry4.o)
    0x08000232   0x08000232   0x00000000   Code   RO         6799    .ARM.Collect$$rtentry$$00000009  c_w.l(__rtentry2.o)
    0x08000232   0x08000232   0x00000004   Code   RO         6800    .ARM.Collect$$rtentry$$0000000A  c_w.l(__rtentry2.o)
    0x08000236   0x08000236   0x00000000   Code   RO         6802    .ARM.Collect$$rtentry$$0000000C  c_w.l(__rtentry2.o)
    0x08000236   0x08000236   0x00000008   Code   RO         6803    .ARM.Collect$$rtentry$$0000000D  c_w.l(__rtentry2.o)
    0x0800023e   0x0800023e   0x00000002   Code   RO         6824    .ARM.Collect$$rtexit$$00000000  c_w.l(rtexit.o)
    0x08000240   0x08000240   0x00000000   Code   RO         6872    .ARM.Collect$$rtexit$$00000002  c_w.l(rtexit2.o)
    0x08000240   0x08000240   0x00000004   Code   RO         6873    .ARM.Collect$$rtexit$$00000003  c_w.l(rtexit2.o)
    0x08000244   0x08000244   0x00000006   Code   RO         6874    .ARM.Collect$$rtexit$$00000004  c_w.l(rtexit2.o)
    0x0800024a   0x0800024a   0x00000002   PAD
    0x0800024c   0x0800024c   0x00000040   Code   RO            4    .text               startup_gd32f450_470.o
    0x0800028c   0x0800028c   0x00000006   Code   RO         6772    .text               c_w.l(heapauxi.o)
    0x08000292   0x08000292   0x0000004a   Code   RO         6811    .text               c_w.l(sys_stackheap_outer.o)
    0x080002dc   0x080002dc   0x00000012   Code   RO         6813    .text               c_w.l(exit.o)
    0x080002ee   0x080002ee   0x00000002   PAD
    0x080002f0   0x080002f0   0x00000008   Code   RO         6821    .text               c_w.l(libspace.o)
    0x080002f8   0x080002f8   0x0000000c   Code   RO         6882    .text               c_w.l(sys_exit.o)
    0x08000304   0x08000304   0x00000002   Code   RO         6893    .text               c_w.l(use_no_semi.o)
    0x08000306   0x08000306   0x00000000   Code   RO         6895    .text               c_w.l(indicate_semi.o)
    0x08000306   0x08000306   0x0000001a   Code   RO         6296    i.E1_HT16K33_Init   e1.o
    0x08000320   0x08000320   0x000000c4   Code   RO         6297    i.E1_HT16K33_display_data  e1.o
    0x080003e4   0x080003e4   0x00000072   Code   RO         6298    i.E1_HT16K33_display_off  e1.o
    0x08000456   0x08000456   0x00000002   PAD
    0x08000458   0x08000458   0x0000008c   Code   RO         6299    i.E1_I2C_1_ADDR_Init  e1.o
    0x080004e4   0x080004e4   0x0000008c   Code   RO         6300    i.E1_I2C_ADDR_Init  e1.o
    0x08000570   0x08000570   0x0000001c   Code   RO         6301    i.E1_PCA9685PW_Init  e1.o
    0x0800058c   0x0800058c   0x00000038   Code   RO         6302    i.E1_PCA9685PW_off  e1.o
    0x080005c4   0x080005c4   0x00000088   Code   RO         6371    i.E2_FAN_ADDR_Init  e2.o
    0x0800064c   0x0800064c   0x00000024   Code   RO         6372    i.E2_PCA9685PW_Init  e2.o
    0x08000670   0x08000670   0x00000068   Code   RO         6373    i.E2_PCA9685PW_Off  e2.o
    0x080006d8   0x080006d8   0x00000032   Code   RO         6375    i.E2_PCA9685PW_Speed  e2.o
    0x0800070a   0x0800070a   0x00000052   Code   RO         6376    i.E2_SetPWM         e2.o
    0x0800075c   0x0800075c   0x000000bc   Code   RO         6427    i.E3_Curtain_ADDR_Init  e3.o
    0x08000818   0x08000818   0x00000016   Code   RO         6428    i.E3_Curtain_Opt    e3.o
    0x0800082e   0x0800082e   0x00000002   PAD
    0x08000830   0x08000830   0x0000001c   Code   RO         6429    i.E3_Curtain_ReadNum  e3.o
    0x0800084c   0x0800084c   0x0000001c   Code   RO         6430    i.E3_Curtain_ReadState  e3.o
    0x08000868   0x08000868   0x0000017c   Code   RO         6303    i.PCA9685_rgb_led_control  e1.o
    0x080009e4   0x080009e4   0x00000210   Code   RO         6017    i.S1                s1.o
    0x08000bf4   0x08000bf4   0x00000012   Code   RO         6018    i.S1_HT16K33_Init   s1.o
    0x08000c06   0x08000c06   0x00000002   PAD
    0x08000c08   0x08000c08   0x0000001c   Code   RO         6019    i.S1_HT16K33_KeyScan  s1.o
    0x08000c24   0x08000c24   0x0000008c   Code   RO         6020    i.S1_I2C_ADDR_Init  s1.o
    0x08000cb0   0x08000cb0   0x00000080   Code   RO         6062    i.S2_Gryo_ADDR_Init  s2.o
    0x08000d30   0x08000d30   0x0000001a   Code   RO         6063    i.S2_Gryo_Init      s2.o
    0x08000d4a   0x08000d4a   0x0000007a   Code   RO         6064    i.S2_Gryo_Settings  s2.o
    0x08000dc4   0x08000dc4   0x00000080   Code   RO         6065    i.S2_Light_ADDR_Init  s2.o
    0x08000e44   0x08000e44   0x00000012   Code   RO         6068    i.S2_Light_Init     s2.o
    0x08000e56   0x08000e56   0x00000002   PAD
    0x08000e58   0x08000e58   0x0000003c   Code   RO         6069    i.S2_Light_OneTime_Hires  s2.o
    0x08000e94   0x08000e94   0x00000080   Code   RO         6071    i.S2_TempHumid_ADDR_Init  s2.o
    0x08000f14   0x08000f14   0x00000014   Code   RO         6072    i.S2_TempHumid_Init  s2.o
    0x08000f28   0x08000f28   0x0000009c   Code   RO         6073    i.S2_TempHumid_Single_Shot  s2.o
    0x08000fc4   0x08000fc4   0x00000080   Code   RO         6179    i.S5_NFC_ADDR_Init  s5.o
    0x08001044   0x08001044   0x00000014   Code   RO         6180    i.S5_NFC_Init       s5.o
    0x08001058   0x08001058   0x00000028   Code   RO         6181    i.S5_NFC_Rec        s5.o
    0x08001080   0x08001080   0x000000bc   Code   RO         6224    i.S6_US_ADDR_Init   s6.o
    0x0800113c   0x0800113c   0x00000030   Code   RO         6225    i.S6_US_Get         s6.o
    0x0800116c   0x0800116c   0x000000d4   Code   RO         6257    i.S7_IR_ADDR_Init   s7.o
    0x08001240   0x08001240   0x00000040   Code   RO         6258    i.S7_IR_Get         s7.o
    0x08001280   0x08001280   0x00000020   Code   RO         6259    i.S7_IR_Init        s7.o
    0x080012a0   0x080012a0   0x000000c8   Code   RO           13    i.SystemInit        system_gd32f4xx.o
    0x08001368   0x08001368   0x00000040   Code   RO         6690    i.UserInit          main.o
    0x080013a8   0x080013a8   0x0000001a   Code   RO         5733    i.delay_ms          timer.o
    0x080013c2   0x080013c2   0x00000002   PAD
    0x080013c4   0x080013c4   0x000001a8   Code   RO         6074    i.getAccAng         s2.o
    0x0800156c   0x0800156c   0x00000050   Code   RO         6075    i.getLightval       s2.o
    0x080015bc   0x080015bc   0x0000005e   Code   RO         2655    i.gpio_af_set       gd32f4xx_gpio.o
    0x0800161a   0x0800161a   0x0000004e   Code   RO         2663    i.gpio_mode_set     gd32f4xx_gpio.o
    0x08001668   0x08001668   0x00000042   Code   RO         2665    i.gpio_output_options_set  gd32f4xx_gpio.o
    0x080016aa   0x080016aa   0x00000002   PAD
    0x080016ac   0x080016ac   0x0000003c   Code   RO         5766    i.i2c0_config       i2c.o
    0x080016e8   0x080016e8   0x00000060   Code   RO         5767    i.i2c0_gpio_config  i2c.o
    0x08001748   0x08001748   0x0000003c   Code   RO         5768    i.i2c1_config       i2c.o
    0x08001784   0x08001784   0x00000058   Code   RO         5769    i.i2c1_gpio_config  i2c.o
    0x080017dc   0x080017dc   0x00000010   Code   RO         2759    i.i2c_ack_config    gd32f4xx_i2c.o
    0x080017ec   0x080017ec   0x00000010   Code   RO         2760    i.i2c_ackpos_config  gd32f4xx_i2c.o
    0x080017fc   0x080017fc   0x00000082   Code   RO         5772    i.i2c_addr_poll     i2c.o
    0x0800187e   0x0800187e   0x000000c4   Code   RO         5773    i.i2c_byte_write    i2c.o
    0x08001942   0x08001942   0x00000002   PAD
    0x08001944   0x08001944   0x000000e4   Code   RO         2763    i.i2c_clock_config  gd32f4xx_i2c.o
    0x08001a28   0x08001a28   0x000000aa   Code   RO         5774    i.i2c_cmd_write     i2c.o
    0x08001ad2   0x08001ad2   0x00000008   Code   RO         2764    i.i2c_data_receive  gd32f4xx_i2c.o
    0x08001ada   0x08001ada   0x00000006   Code   RO         2765    i.i2c_data_transmit  gd32f4xx_i2c.o
    0x08001ae0   0x08001ae0   0x0000000c   Code   RO         5775    i.i2c_delay         i2c.o
    0x08001aec   0x08001aec   0x0000029c   Code   RO         5777    i.i2c_delay_read    i2c.o
    0x08001d88   0x08001d88   0x0000000a   Code   RO         2773    i.i2c_enable        gd32f4xx_i2c.o
    0x08001d92   0x08001d92   0x00000028   Code   RO         2774    i.i2c_flag_clear    gd32f4xx_i2c.o
    0x08001dba   0x08001dba   0x0000001e   Code   RO         2775    i.i2c_flag_get      gd32f4xx_i2c.o
    0x08001dd8   0x08001dd8   0x00000014   Code   RO         2780    i.i2c_master_addressing  gd32f4xx_i2c.o
    0x08001dec   0x08001dec   0x0000001c   Code   RO         2781    i.i2c_mode_addr_config  gd32f4xx_i2c.o
    0x08001e08   0x08001e08   0x00000180   Code   RO         5779    i.i2c_read          i2c.o
    0x08001f88   0x08001f88   0x0000000a   Code   RO         2794    i.i2c_start_on_bus  gd32f4xx_i2c.o
    0x08001f92   0x08001f92   0x0000000a   Code   RO         2795    i.i2c_stop_on_bus   gd32f4xx_i2c.o
    0x08001f9c   0x08001f9c   0x00000024   Code   RO         5781    i.judge_i2c_over_time  i2c.o
    0x08001fc0   0x08001fc0   0x0000055c   Code   RO         6691    i.main              main.o
    0x0800251c   0x0800251c   0x00000124   Code   RO         3433    i.rcu_clock_freq_get  gd32f4xx_rcu.o
    0x08002640   0x08002640   0x00000024   Code   RO         3452    i.rcu_periph_clock_enable  gd32f4xx_rcu.o
    0x08002664   0x08002664   0x00000052   Code   RO         6076    i.s2_icm20608_accel_scaleget  s2.o
    0x080026b6   0x080026b6   0x00000002   PAD
    0x080026b8   0x080026b8   0x00000070   Code   RO         6077    i.s2_icm20608_gyro_scaleget  s2.o
    0x08002728   0x08002728   0x00000052   Code   RO         6304    i.setPWM            e1.o
    0x0800277a   0x0800277a   0x00000002   PAD
    0x0800277c   0x0800277c   0x000000fc   Code   RO           14    i.system_clock_200m_25m_hxtal  system_gd32f4xx.o
    0x08002878   0x08002878   0x00000008   Code   RO           15    i.system_clock_config  system_gd32f4xx.o
    0x08002880   0x08002880   0x00000062   Code   RO         6776    x$fpl$d2f           fz_wm.l(d2f.o)
    0x080028e2   0x080028e2   0x00000002   PAD
    0x080028e4   0x080028e4   0x000002b0   Code   RO         6779    x$fpl$ddiv          fz_wm.l(ddiv.o)
    0x08002b94   0x08002b94   0x00000026   Code   RO         6782    x$fpl$dfltu         fz_wm.l(dflt_clz.o)
    0x08002bba   0x08002bba   0x0000009c   Code   RO         6789    x$fpl$dnaninf       fz_wm.l(dnaninf.o)
    0x08002c56   0x08002c56   0x0000000c   Code   RO         6791    x$fpl$dretinf       fz_wm.l(dretinf.o)
    0x08002c62   0x08002c62   0x0000000a   Code   RO         6880    x$fpl$fpinit        fz_wm.l(fpinit.o)
    0x08002c6c   0x08002c6c   0x0000000a   Code   RO         6793    x$fpl$fretinf       fz_wm.l(fretinf.o)
    0x08002c76   0x08002c76   0x00000000   Code   RO         6795    x$fpl$usenofp       fz_wm.l(usenofp.o)
    0x08002c76   0x08002c76   0x00000014   Data   RO         6306    .constdata          e1.o
    0x08002c8a   0x08002c8a   0x00000002   PAD
    0x08002c8c   0x08002c8c   0x00000020   Data   RO         6950    Region$$Table       anon$$obj.o


    Execution Region RW_IRAM1 (Exec base: 0x20000000, Load base: 0x08002cac, Size: 0x00000960, Max: 0x00030000, ABSOLUTE)

    Exec Addr    Load Addr    Size         Type   Attr      Idx    E Section Name        Object

    0x20000000   0x08002cac   0x00000002   Data   RW         5782    .data               i2c.o
    0x20000002   0x08002cae   0x00000008   Data   RW         6022    .data               s1.o
    0x2000000a   0x08002cb6   0x00000006   PAD
    0x20000010   0x08002cbc   0x0000004c   Data   RW         6079    .data               s2.o
    0x2000005c   0x08002d08   0x00000001   Data   RW         6184    .data               s5.o
    0x2000005d   0x08002d09   0x00000001   PAD
    0x2000005e   0x08002d0a   0x00000004   Data   RW         6227    .data               s6.o
    0x20000062   0x08002d0e   0x00000002   Data   RW         6261    .data               s7.o
    0x20000064   0x08002d10   0x00000002   Data   RW         6432    .data               e3.o
    0x20000066   0x08002d12   0x00000002   PAD
    0x20000068        -       0x0000000c   Zero   RW         6021    .bss                s1.o
    0x20000074        -       0x00000032   Zero   RW         6078    .bss                s2.o
    0x200000a6   0x08002d12   0x00000002   PAD
    0x200000a8        -       0x0000000c   Zero   RW         6183    .bss                s5.o
    0x200000b4        -       0x0000000c   Zero   RW         6226    .bss                s6.o
    0x200000c0        -       0x0000000c   Zero   RW         6260    .bss                s7.o
    0x200000cc        -       0x00000018   Zero   RW         6305    .bss                e1.o
    0x200000e4        -       0x0000000c   Zero   RW         6377    .bss                e2.o
    0x200000f0        -       0x0000000c   Zero   RW         6431    .bss                e3.o
    0x200000fc        -       0x00000060   Zero   RW         6822    .bss                c_w.l(libspace.o)
    0x2000015c   0x08002d12   0x00000004   PAD
    0x20000160        -       0x00000400   Zero   RW            2    HEAP                startup_gd32f450_470.o
    0x20000560        -       0x00000400   Zero   RW            1    STACK               startup_gd32f450_470.o


==============================================================================

Image component sizes


      Code (inc. data)   RO Data    RW Data    ZI Data      Debug   Object Name

      1162         38         20          0         24       6892   e1.o
       408          8          0          0         12       3585   e2.o
       266         20          0          2         12       2858   e3.o
         0          0          0          0          0       5020   gd32f4xx_adc.o
       238          0          0          0          0       2384   gd32f4xx_gpio.o
       422         12          0          0          0       7708   gd32f4xx_i2c.o
       328         32          0          0          0       2391   gd32f4xx_rcu.o
      1900         44          0          2          0       9481   i2c.o
      1436         84          0          0          0       1654   main.o
       714         28          0          8         12       3447   s1.o
      1484        160          0         76         50       9948   s2.o
       188         12          0          1         12       2120   s5.o
       236         20          0          4         12       2029   s6.o
       308         20          0          2         12       2202   s7.o
        64         26        428          0       2048        964   startup_gd32f450_470.o
       460         28          0          0          0      37489   system_gd32f4xx.o
        26          0          0          0          0        563   timer.o

    ----------------------------------------------------------------------
      9658        532        482        104       2196     100735   Object Totals
         0          0         32          0          0          0   (incl. Generated)
        18          0          2          9          2          0   (incl. Padding)

    ----------------------------------------------------------------------

      Code (inc. data)   RO Data    RW Data    ZI Data      Debug   Library Member Name

         8          0          0          0          0         68   __main.o
         0          0          0          0          0          0   __rtentry.o
        12          0          0          0          0          0   __rtentry2.o
         6          0          0          0          0          0   __rtentry4.o
        52          8          0          0          0          0   __scatter.o
        26          0          0          0          0          0   __scatter_copy.o
        28          0          0          0          0          0   __scatter_zi.o
        18          0          0          0          0         80   exit.o
         6          0          0          0          0        152   heapauxi.o
         0          0          0          0          0          0   indicate_semi.o
         2          0          0          0          0          0   libinit.o
         6          0          0          0          0          0   libinit2.o
         2          0          0          0          0          0   libshutdown.o
         2          0          0          0          0          0   libshutdown2.o
         8          4          0          0         96         68   libspace.o
         2          0          0          0          0          0   rtexit.o
        10          0          0          0          0          0   rtexit2.o
        12          4          0          0          0         68   sys_exit.o
        74          0          0          0          0         80   sys_stackheap_outer.o
         2          0          0          0          0         68   use_no_semi.o
        98          4          0          0          0        140   d2f.o
       688        140          0          0          0        256   ddiv.o
        38          0          0          0          0        116   dflt_clz.o
       156          4          0          0          0        140   dnaninf.o
        12          0          0          0          0        116   dretinf.o
        10          0          0          0          0        116   fpinit.o
        10          0          0          0          0        116   fretinf.o
         0          0          0          0          0          0   usenofp.o

    ----------------------------------------------------------------------
      1296        164          0          0        100       1584   Library Totals
         8          0          0          0          4          0   (incl. Padding)

    ----------------------------------------------------------------------

      Code (inc. data)   RO Data    RW Data    ZI Data      Debug   Library Name

       276         16          0          0         96        584   c_w.l
      1012        148          0          0          0       1000   fz_wm.l

    ----------------------------------------------------------------------
      1296        164          0          0        100       1584   Library Totals

    ----------------------------------------------------------------------

==============================================================================


      Code (inc. data)   RO Data    RW Data    ZI Data      Debug   

     10954        696        482        104       2296      94263   Grand Totals
     10954        696        482        104       2296      94263   ELF Image Totals
     10954        696        482        104          0          0   ROM Totals

==============================================================================

    Total RO  Size (Code + RO Data)                11436 (  11.17kB)
    Total RW  Size (RW Data + ZI Data)              2400 (   2.34kB)
    Total ROM Size (Code + RO Data + RW Data)      11540 (  11.27kB)

==============================================================================

